api/buf.accelerator.gen.yaml: 成功
api/buf.admin.openapi.gen.yaml: 成功
api/buf.aksk.gen.yaml: 成功
api/buf.gen.yaml: 成功
api/buf.model.gen.yaml: 成功
api/buf.network.gen.yaml: 成功
api/buf.quota.gen.yaml: 成功
api/buf.quota-lab.gen.yaml: 成功
api/buf.yaml: 成功
api/gen/go/access_key/service/v1/access_key_grpc.pb.go: 成功
api/gen/go/access_key/service/v1/access_key.pb.go: 成功
api/gen/go/access_key/service/v1/access_key.pb.validate.go: 成功
api/gen/go/admin/service/v1/admin_doc.pb.go: 成功
api/gen/go/admin/service/v1/admin_doc.pb.validate.go: 成功
api/gen/go/admin/service/v1/admin_error_errors.pb.go: 成功
api/gen/go/admin/service/v1/admin_error.pb.go: 成功
api/gen/go/admin/service/v1/admin_error.pb.validate.go: 成功
api/gen/go/admin/service/v1/i_accelerator_grpc.pb.go: 成功
api/gen/go/admin/service/v1/i_accelerator_http.pb.go: 成功
api/gen/go/admin/service/v1/i_accelerator.pb.go: 成功
api/gen/go/admin/service/v1/i_access_key_grpc.pb.go: 成功
api/gen/go/admin/service/v1/i_access_key_http.pb.go: 成功
api/gen/go/admin/service/v1/i_access_key.pb.go: 成功
api/gen/go/admin/service/v1/i_access_key.pb.validate.go: 成功
api/gen/go/admin/service/v1/i_admin_portal_grpc.pb.go: 成功
api/gen/go/admin/service/v1/i_admin_portal_http.pb.go: 成功
api/gen/go/admin/service/v1/i_admin_portal.pb.go: 成功
api/gen/go/admin/service/v1/i_admin_portal.pb.validate.go: 成功
api/gen/go/admin/service/v1/i_api_audit_log_grpc.pb.go: 成功
api/gen/go/admin/service/v1/i_api_audit_log_http.pb.go: 成功
api/gen/go/admin/service/v1/i_api_audit_log.pb.go: 成功
api/gen/go/admin/service/v1/i_api_audit_log.pb.validate.go: 成功
api/gen/go/admin/service/v1/i_api_grpc.pb.go: 成功
api/gen/go/admin/service/v1/i_api_http.pb.go: 成功
api/gen/go/admin/service/v1/i_api.pb.go: 成功
api/gen/go/admin/service/v1/i_api.pb.validate.go: 成功
api/gen/go/admin/service/v1/i_authentication_grpc.pb.go: 成功
api/gen/go/admin/service/v1/i_authentication_http.pb.go: 成功
api/gen/go/admin/service/v1/i_authentication.pb.go: 成功
api/gen/go/admin/service/v1/i_authentication.pb.validate.go: 成功
api/gen/go/admin/service/v1/i_config_grpc.pb.go: 成功
api/gen/go/admin/service/v1/i_config_http.pb.go: 成功
api/gen/go/admin/service/v1/i_config.pb.go: 成功
api/gen/go/admin/service/v1/i_config.pb.validate.go: 成功
api/gen/go/admin/service/v1/i_dashboard_grpc.pb.go: 成功
api/gen/go/admin/service/v1/i_dashboard_http.pb.go: 成功
api/gen/go/admin/service/v1/i_dashboard.pb.go: 成功
api/gen/go/admin/service/v1/i_dashboard.pb.validate.go: 成功
api/gen/go/admin/service/v1/i_data_access_audit_log_grpc.pb.go: 成功
api/gen/go/admin/service/v1/i_data_access_audit_log_http.pb.go: 成功
api/gen/go/admin/service/v1/i_data_access_audit_log.pb.go: 成功
api/gen/go/admin/service/v1/i_data_access_audit_log.pb.validate.go: 成功
api/gen/go/admin/service/v1/i_dict_entry_grpc.pb.go: 成功
api/gen/go/admin/service/v1/i_dict_entry_http.pb.go: 成功
api/gen/go/admin/service/v1/i_dict_entry.pb.go: 成功
api/gen/go/admin/service/v1/i_dict_entry.pb.validate.go: 成功
api/gen/go/admin/service/v1/i_dict_type_grpc.pb.go: 成功
api/gen/go/admin/service/v1/i_dict_type_http.pb.go: 成功
api/gen/go/admin/service/v1/i_dict_type.pb.go: 成功
api/gen/go/admin/service/v1/i_dict_type.pb.validate.go: 成功
api/gen/go/admin/service/v1/i_internal_message_category_grpc.pb.go: 成功
api/gen/go/admin/service/v1/i_internal_message_category_http.pb.go: 成功
api/gen/go/admin/service/v1/i_internal_message_category.pb.go: 成功
api/gen/go/admin/service/v1/i_internal_message_category.pb.validate.go: 成功
api/gen/go/admin/service/v1/i_internal_message_grpc.pb.go: 成功
api/gen/go/admin/service/v1/i_internal_message_http.pb.go: 成功
api/gen/go/admin/service/v1/i_internal_message.pb.go: 成功
api/gen/go/admin/service/v1/i_internal_message.pb.validate.go: 成功
api/gen/go/admin/service/v1/i_internal_message_recipient_grpc.pb.go: 成功
api/gen/go/admin/service/v1/i_internal_message_recipient_http.pb.go: 成功
api/gen/go/admin/service/v1/i_internal_message_recipient.pb.go: 成功
api/gen/go/admin/service/v1/i_internal_message_recipient.pb.validate.go: 成功
api/gen/go/admin/service/v1/i_language_grpc.pb.go: 成功
api/gen/go/admin/service/v1/i_language_http.pb.go: 成功
api/gen/go/admin/service/v1/i_language.pb.go: 成功
api/gen/go/admin/service/v1/i_language.pb.validate.go: 成功
api/gen/go/admin/service/v1/i_login_audit_log_grpc.pb.go: 成功
api/gen/go/admin/service/v1/i_login_audit_log_http.pb.go: 成功
api/gen/go/admin/service/v1/i_login_audit_log.pb.go: 成功
api/gen/go/admin/service/v1/i_login_audit_log.pb.validate.go: 成功
api/gen/go/admin/service/v1/i_login_policy_grpc.pb.go: 成功
api/gen/go/admin/service/v1/i_login_policy_http.pb.go: 成功
api/gen/go/admin/service/v1/i_login_policy.pb.go: 成功
api/gen/go/admin/service/v1/i_login_policy.pb.validate.go: 成功
api/gen/go/admin/service/v1/i_menu_grpc.pb.go: 成功
api/gen/go/admin/service/v1/i_menu_http.pb.go: 成功
api/gen/go/admin/service/v1/i_menu.pb.go: 成功
api/gen/go/admin/service/v1/i_menu.pb.validate.go: 成功
api/gen/go/admin/service/v1/i_mfa_grpc.pb.go: 成功
api/gen/go/admin/service/v1/i_mfa_http.pb.go: 成功
api/gen/go/admin/service/v1/i_mfa.pb.go: 成功
api/gen/go/admin/service/v1/i_mfa.pb.validate.go: 成功
api/gen/go/admin/service/v1/i_network_grpc.pb.go: 成功
api/gen/go/admin/service/v1/i_network_http.pb.go: 成功
api/gen/go/admin/service/v1/i_network.pb.go: 成功
api/gen/go/admin/service/v1/i_network.pb.validate.go: 成功
api/gen/go/admin/service/v1/i_notification_channel_grpc.pb.go: 成功
api/gen/go/admin/service/v1/i_notification_channel_http.pb.go: 成功
api/gen/go/admin/service/v1/i_notification_channel.pb.go: 成功
api/gen/go/admin/service/v1/i_notification_channel.pb.validate.go: 成功
api/gen/go/admin/service/v1/i_online_session_grpc.pb.go: 成功
api/gen/go/admin/service/v1/i_online_session_http.pb.go: 成功
api/gen/go/admin/service/v1/i_online_session.pb.go: 成功
api/gen/go/admin/service/v1/i_online_session.pb.validate.go: 成功
api/gen/go/admin/service/v1/i_operation_audit_log_grpc.pb.go: 成功
api/gen/go/admin/service/v1/i_operation_audit_log_http.pb.go: 成功
api/gen/go/admin/service/v1/i_operation_audit_log.pb.go: 成功
api/gen/go/admin/service/v1/i_operation_audit_log.pb.validate.go: 成功
api/gen/go/admin/service/v1/i_org_unit_grpc.pb.go: 成功
api/gen/go/admin/service/v1/i_org_unit_http.pb.go: 成功
api/gen/go/admin/service/v1/i_org_unit.pb.go: 成功
api/gen/go/admin/service/v1/i_org_unit.pb.validate.go: 成功
api/gen/go/admin/service/v1/i_permission_audit_log_grpc.pb.go: 成功
api/gen/go/admin/service/v1/i_permission_audit_log_http.pb.go: 成功
api/gen/go/admin/service/v1/i_permission_audit_log.pb.go: 成功
api/gen/go/admin/service/v1/i_permission_audit_log.pb.validate.go: 成功
api/gen/go/admin/service/v1/i_permission_group_grpc.pb.go: 成功
api/gen/go/admin/service/v1/i_permission_group_http.pb.go: 成功
api/gen/go/admin/service/v1/i_permission_group.pb.go: 成功
api/gen/go/admin/service/v1/i_permission_group.pb.validate.go: 成功
api/gen/go/admin/service/v1/i_permission_grpc.pb.go: 成功
api/gen/go/admin/service/v1/i_permission_http.pb.go: 成功
api/gen/go/admin/service/v1/i_permission.pb.go: 成功
api/gen/go/admin/service/v1/i_permission.pb.validate.go: 成功
api/gen/go/admin/service/v1/i_plan_grpc.pb.go: 成功
api/gen/go/admin/service/v1/i_plan_http.pb.go: 成功
api/gen/go/admin/service/v1/i_plan_module_grpc.pb.go: 成功
api/gen/go/admin/service/v1/i_plan_module_http.pb.go: 成功
api/gen/go/admin/service/v1/i_plan_module.pb.go: 成功
api/gen/go/admin/service/v1/i_plan_module.pb.validate.go: 成功
api/gen/go/admin/service/v1/i_plan.pb.go: 成功
api/gen/go/admin/service/v1/i_plan.pb.validate.go: 成功
api/gen/go/admin/service/v1/i_plan_quota_grpc.pb.go: 成功
api/gen/go/admin/service/v1/i_plan_quota_http.pb.go: 成功
api/gen/go/admin/service/v1/i_plan_quota.pb.go: 成功
api/gen/go/admin/service/v1/i_plan_quota.pb.validate.go: 成功
api/gen/go/admin/service/v1/i_policy_evaluation_log_grpc.pb.go: 成功
api/gen/go/admin/service/v1/i_policy_evaluation_log_http.pb.go: 成功
api/gen/go/admin/service/v1/i_policy_evaluation_log.pb.go: 成功
api/gen/go/admin/service/v1/i_policy_evaluation_log.pb.validate.go: 成功
api/gen/go/admin/service/v1/i_position_grpc.pb.go: 成功
api/gen/go/admin/service/v1/i_position_http.pb.go: 成功
api/gen/go/admin/service/v1/i_position.pb.go: 成功
api/gen/go/admin/service/v1/i_position.pb.validate.go: 成功
api/gen/go/admin/service/v1/i_quota_grpc.pb.go: 成功
api/gen/go/admin/service/v1/i_quota_http.pb.go: 成功
api/gen/go/admin/service/v1/i_quota.pb.go: 成功
api/gen/go/admin/service/v1/i_redis_cache_monitor_grpc.pb.go: 成功
api/gen/go/admin/service/v1/i_redis_cache_monitor_http.pb.go: 成功
api/gen/go/admin/service/v1/i_redis_cache_monitor.pb.go: 成功
api/gen/go/admin/service/v1/i_redis_cache_monitor.pb.validate.go: 成功
api/gen/go/admin/service/v1/i_role_grpc.pb.go: 成功
api/gen/go/admin/service/v1/i_role_http.pb.go: 成功
api/gen/go/admin/service/v1/i_role.pb.go: 成功
api/gen/go/admin/service/v1/i_role.pb.validate.go: 成功
api/gen/go/admin/service/v1/i_server_monitor_grpc.pb.go: 成功
api/gen/go/admin/service/v1/i_server_monitor_http.pb.go: 成功
api/gen/go/admin/service/v1/i_server_monitor.pb.go: 成功
api/gen/go/admin/service/v1/i_server_monitor.pb.validate.go: 成功
api/gen/go/admin/service/v1/i_task_grpc.pb.go: 成功
api/gen/go/admin/service/v1/i_task_http.pb.go: 成功
api/gen/go/admin/service/v1/i_task.pb.go: 成功
api/gen/go/admin/service/v1/i_task.pb.validate.go: 成功
api/gen/go/admin/service/v1/i_tenant_grpc.pb.go: 成功
api/gen/go/admin/service/v1/i_tenant_http.pb.go: 成功
api/gen/go/admin/service/v1/i_tenant.pb.go: 成功
api/gen/go/admin/service/v1/i_tenant.pb.validate.go: 成功
api/gen/go/admin/service/v1/i_user_grpc.pb.go: 成功
api/gen/go/admin/service/v1/i_user_http.pb.go: 成功
api/gen/go/admin/service/v1/i_user.pb.go: 成功
api/gen/go/admin/service/v1/i_user.pb.redact.go: 成功
api/gen/go/admin/service/v1/i_user.pb.validate.go: 成功
api/gen/go/admin/service/v1/i_user_profile_grpc.pb.go: 成功
api/gen/go/admin/service/v1/i_user_profile_http.pb.go: 成功
api/gen/go/admin/service/v1/i_user_profile.pb.go: 成功
api/gen/go/admin/service/v1/i_user_profile.pb.validate.go: 成功
api/gen/go/audit/service/v1/api_audit_log_grpc.pb.go: 成功
api/gen/go/audit/service/v1/api_audit_log.pb.go: 成功
api/gen/go/audit/service/v1/api_audit_log.pb.validate.go: 成功
api/gen/go/audit/service/v1/audit_error_errors.pb.go: 成功
api/gen/go/audit/service/v1/audit_error.pb.go: 成功
api/gen/go/audit/service/v1/audit_error.pb.validate.go: 成功
api/gen/go/audit/service/v1/common.pb.go: 成功
api/gen/go/audit/service/v1/common.pb.validate.go: 成功
api/gen/go/audit/service/v1/data_access_audit_log_grpc.pb.go: 成功
api/gen/go/audit/service/v1/data_access_audit_log.pb.go: 成功
api/gen/go/audit/service/v1/data_access_audit_log.pb.validate.go: 成功
api/gen/go/audit/service/v1/device_info.pb.go: 成功
api/gen/go/audit/service/v1/device_info.pb.validate.go: 成功
api/gen/go/audit/service/v1/geo_location.pb.go: 成功
api/gen/go/audit/service/v1/geo_location.pb.validate.go: 成功
api/gen/go/audit/service/v1/login_audit_log_grpc.pb.go: 成功
api/gen/go/audit/service/v1/login_audit_log.pb.go: 成功
api/gen/go/audit/service/v1/login_audit_log.pb.validate.go: 成功
api/gen/go/audit/service/v1/operation_audit_log_grpc.pb.go: 成功
api/gen/go/audit/service/v1/operation_audit_log.pb.go: 成功
api/gen/go/audit/service/v1/operation_audit_log.pb.validate.go: 成功
api/gen/go/audit/service/v1/permission_audit_log_grpc.pb.go: 成功
api/gen/go/audit/service/v1/permission_audit_log.pb.go: 成功
api/gen/go/audit/service/v1/permission_audit_log.pb.validate.go: 成功
api/gen/go/authentication/service/v1/ani_auth.pb.go: 成功
api/gen/go/authentication/service/v1/ani_auth.pb.redact.go: 成功
api/gen/go/authentication/service/v1/ani_auth.pb.validate.go: 成功
api/gen/go/authentication/service/v1/authentication_error_errors.pb.go: 成功
api/gen/go/authentication/service/v1/authentication_error.pb.go: 成功
api/gen/go/authentication/service/v1/authentication_error.pb.validate.go: 成功
api/gen/go/authentication/service/v1/authentication_grpc.pb.go: 成功
api/gen/go/authentication/service/v1/authentication.pb.go: 成功
api/gen/go/authentication/service/v1/authentication.pb.redact.go: 成功
api/gen/go/authentication/service/v1/authentication.pb.validate.go: 成功
api/gen/go/authentication/service/v1/login_policy_grpc.pb.go: 成功
api/gen/go/authentication/service/v1/login_policy.pb.go: 成功
api/gen/go/authentication/service/v1/login_policy.pb.validate.go: 成功
api/gen/go/authentication/service/v1/mfa_grpc.pb.go: 成功
api/gen/go/authentication/service/v1/mfa.pb.go: 成功
api/gen/go/authentication/service/v1/mfa.pb.validate.go: 成功
api/gen/go/authentication/service/v1/oauth_grpc.pb.go: 成功
api/gen/go/authentication/service/v1/oauth.pb.go: 成功
api/gen/go/authentication/service/v1/oauth.pb.validate.go: 成功
api/gen/go/authentication/service/v1/operator.pb.go: 成功
api/gen/go/authentication/service/v1/operator.pb.validate.go: 成功
api/gen/go/authentication/service/v1/user_credential_grpc.pb.go: 成功
api/gen/go/authentication/service/v1/user_credential.pb.go: 成功
api/gen/go/authentication/service/v1/user_credential.pb.validate.go: 成功
api/gen/go/authentication/service/v1/user_token.pb.go: 成功
api/gen/go/authentication/service/v1/user_token.pb.validate.go: 成功
api/gen/go/catalog/service/v1/accelerator.pb.go: 成功
api/gen/go/catalog/service/v1/vpc.pb.go: 成功
api/gen/go/catalog/service/v1/vpc.pb.validate.go: 成功
api/gen/go/config/service/v1/config_grpc.pb.go: 成功
api/gen/go/config/service/v1/config.pb.go: 成功
api/gen/go/config/service/v1/config.pb.validate.go: 成功
api/gen/go/dict/service/v1/dict_entry_grpc.pb.go: 成功
api/gen/go/dict/service/v1/dict_entry.pb.go: 成功
api/gen/go/dict/service/v1/dict_entry.pb.validate.go: 成功
api/gen/go/dict/service/v1/dict_error_errors.pb.go: 成功
api/gen/go/dict/service/v1/dict_error.pb.go: 成功
api/gen/go/dict/service/v1/dict_error.pb.validate.go: 成功
api/gen/go/dict/service/v1/dict_type_grpc.pb.go: 成功
api/gen/go/dict/service/v1/dict_type.pb.go: 成功
api/gen/go/dict/service/v1/dict_type.pb.validate.go: 成功
api/gen/go/dict/service/v1/language_grpc.pb.go: 成功
api/gen/go/dict/service/v1/language.pb.go: 成功
api/gen/go/dict/service/v1/language.pb.validate.go: 成功
api/gen/go/identity/service/v1/membership_org_unit.pb.go: 成功
api/gen/go/identity/service/v1/membership_org_unit.pb.validate.go: 成功
api/gen/go/identity/service/v1/membership.pb.go: 成功
api/gen/go/identity/service/v1/membership.pb.validate.go: 成功
api/gen/go/identity/service/v1/membership_position.pb.go: 成功
api/gen/go/identity/service/v1/membership_position.pb.validate.go: 成功
api/gen/go/identity/service/v1/module.pb.go: 成功
api/gen/go/identity/service/v1/module.pb.validate.go: 成功
api/gen/go/identity/service/v1/org_unit_grpc.pb.go: 成功
api/gen/go/identity/service/v1/org_unit.pb.go: 成功
api/gen/go/identity/service/v1/org_unit.pb.validate.go: 成功
api/gen/go/identity/service/v1/plan_grpc.pb.go: 成功
api/gen/go/identity/service/v1/plan_module_grpc.pb.go: 成功
api/gen/go/identity/service/v1/plan_module.pb.go: 成功
api/gen/go/identity/service/v1/plan_module.pb.validate.go: 成功
api/gen/go/identity/service/v1/plan.pb.go: 成功
api/gen/go/identity/service/v1/plan.pb.validate.go: 成功
api/gen/go/identity/service/v1/plan_quota_grpc.pb.go: 成功
api/gen/go/identity/service/v1/plan_quota.pb.go: 成功
api/gen/go/identity/service/v1/plan_quota.pb.validate.go: 成功
api/gen/go/identity/service/v1/position_grpc.pb.go: 成功
api/gen/go/identity/service/v1/position.pb.go: 成功
api/gen/go/identity/service/v1/position.pb.validate.go: 成功
api/gen/go/identity/service/v1/tenant_grpc.pb.go: 成功
api/gen/go/identity/service/v1/tenant.pb.go: 成功
api/gen/go/identity/service/v1/tenant.pb.validate.go: 成功
api/gen/go/identity/service/v1/types.pb.go: 成功
api/gen/go/identity/service/v1/types.pb.validate.go: 成功
api/gen/go/identity/service/v1/user_error_errors.pb.go: 成功
api/gen/go/identity/service/v1/user_error.pb.go: 成功
api/gen/go/identity/service/v1/user_error.pb.validate.go: 成功
api/gen/go/identity/service/v1/user_grpc.pb.go: 成功
api/gen/go/identity/service/v1/user_org_unit.pb.go: 成功
api/gen/go/identity/service/v1/user_org_unit.pb.validate.go: 成功
api/gen/go/identity/service/v1/user.pb.go: 成功
api/gen/go/identity/service/v1/user.pb.redact.go: 成功
api/gen/go/identity/service/v1/user.pb.validate.go: 成功
api/gen/go/identity/service/v1/user_position.pb.go: 成功
api/gen/go/identity/service/v1/user_position.pb.validate.go: 成功
api/gen/go/identity/service/v1/user_profile_grpc.pb.go: 成功
api/gen/go/identity/service/v1/user_profile.pb.go: 成功
api/gen/go/identity/service/v1/user_profile.pb.validate.go: 成功
api/gen/go/internal_message/service/v1/internal_message_category_grpc.pb.go: 成功
api/gen/go/internal_message/service/v1/internal_message_category.pb.go: 成功
api/gen/go/internal_message/service/v1/internal_message_category.pb.validate.go: 成功
api/gen/go/internal_message/service/v1/internal_message_error_errors.pb.go: 成功
api/gen/go/internal_message/service/v1/internal_message_error.pb.go: 成功
api/gen/go/internal_message/service/v1/internal_message_error.pb.validate.go: 成功
api/gen/go/internal_message/service/v1/internal_message_grpc.pb.go: 成功
api/gen/go/internal_message/service/v1/internal_message.pb.go: 成功
api/gen/go/internal_message/service/v1/internal_message.pb.validate.go: 成功
api/gen/go/internal_message/service/v1/internal_message_recipient_grpc.pb.go: 成功
api/gen/go/internal_message/service/v1/internal_message_recipient.pb.go: 成功
api/gen/go/internal_message/service/v1/internal_message_recipient.pb.validate.go: 成功
api/gen/go/notification_channel/service/v1/notification_channel_grpc.pb.go: 成功
api/gen/go/notification_channel/service/v1/notification_channel.pb.go: 成功
api/gen/go/notification_channel/service/v1/notification_channel.pb.validate.go: 成功
api/gen/go/online_session/service/v1/online_session_grpc.pb.go: 成功
api/gen/go/online_session/service/v1/online_session.pb.go: 成功
api/gen/go/online_session/service/v1/online_session.pb.validate.go: 成功
api/gen/go/permission/service/v1/api_grpc.pb.go: 成功
api/gen/go/permission/service/v1/api.pb.go: 成功
api/gen/go/permission/service/v1/api.pb.validate.go: 成功
api/gen/go/permission/service/v1/membership_role.pb.go: 成功
api/gen/go/permission/service/v1/membership_role.pb.validate.go: 成功
api/gen/go/permission/service/v1/menu_grpc.pb.go: 成功
api/gen/go/permission/service/v1/menu.pb.go: 成功
api/gen/go/permission/service/v1/menu.pb.validate.go: 成功
api/gen/go/permission/service/v1/permission_api.pb.go: 成功
api/gen/go/permission/service/v1/permission_api.pb.validate.go: 成功
api/gen/go/permission/service/v1/permission_error_errors.pb.go: 成功
api/gen/go/permission/service/v1/permission_error.pb.go: 成功
api/gen/go/permission/service/v1/permission_error.pb.validate.go: 成功
api/gen/go/permission/service/v1/permission_group_grpc.pb.go: 成功
api/gen/go/permission/service/v1/permission_group.pb.go: 成功
api/gen/go/permission/service/v1/permission_group.pb.validate.go: 成功
api/gen/go/permission/service/v1/permission_grpc.pb.go: 成功
api/gen/go/permission/service/v1/permission_menu.pb.go: 成功
api/gen/go/permission/service/v1/permission_menu.pb.validate.go: 成功
api/gen/go/permission/service/v1/permission.pb.go: 成功
api/gen/go/permission/service/v1/permission.pb.validate.go: 成功
api/gen/go/permission/service/v1/permission_policy.pb.go: 成功
api/gen/go/permission/service/v1/permission_policy.pb.validate.go: 成功
api/gen/go/permission/service/v1/policy_evaluation_log_grpc.pb.go: 成功
api/gen/go/permission/service/v1/policy_evaluation_log.pb.go: 成功
api/gen/go/permission/service/v1/policy_evaluation_log.pb.validate.go: 成功
api/gen/go/permission/service/v1/role_grpc.pb.go: 成功
api/gen/go/permission/service/v1/role.pb.go: 成功
api/gen/go/permission/service/v1/role.pb.validate.go: 成功
api/gen/go/permission/service/v1/role_permission.pb.go: 成功
api/gen/go/permission/service/v1/role_permission.pb.validate.go: 成功
api/gen/go/permission/service/v1/user_role.pb.go: 成功
api/gen/go/permission/service/v1/user_role.pb.validate.go: 成功
api/gen/go/quota_lab/service/v1/gpu_simulator_grpc.pb.go: 成功
api/gen/go/quota_lab/service/v1/gpu_simulator.pb.go: 成功
api/gen/go/quota_lab/service/v1/i_quota_lab_grpc.pb.go: 成功
api/gen/go/quota_lab/service/v1/i_quota_lab_http.pb.go: 成功
api/gen/go/quota_lab/service/v1/i_quota_lab.pb.go: 成功
api/gen/go/quota_lab/service/v1/quota_lab.pb.go: 成功
api/gen/go/quota/service/v1/quota_catalog.pb.go: 成功
api/gen/go/quota/service/v1/quota_release_grpc.pb.go: 成功
api/gen/go/quota/service/v1/quota_release.pb.go: 成功
api/gen/go/redis_cache/service/v1/redis_cache_monitor_grpc.pb.go: 成功
api/gen/go/redis_cache/service/v1/redis_cache_monitor.pb.go: 成功
api/gen/go/redis_cache/service/v1/redis_cache_monitor.pb.validate.go: 成功
api/gen/go/server_monitor/service/v1/server_monitor_grpc.pb.go: 成功
api/gen/go/server_monitor/service/v1/server_monitor.pb.go: 成功
api/gen/go/server_monitor/service/v1/server_monitor.pb.validate.go: 成功
api/gen/go/task/service/v1/task_error_errors.pb.go: 成功
api/gen/go/task/service/v1/task_error.pb.go: 成功
api/gen/go/task/service/v1/task_error.pb.validate.go: 成功
api/gen/go/task/service/v1/task_grpc.pb.go: 成功
api/gen/go/task/service/v1/task.pb.go: 成功
api/gen/go/task/service/v1/task.pb.validate.go: 成功
api/protos/access_key/service/v1/access_key.proto: 成功
api/protos/admin/service/v1/admin_doc.proto: 成功
api/protos/admin/service/v1/admin_error.proto: 成功
api/protos/admin/service/v1/i_accelerator.proto: 成功
api/protos/admin/service/v1/i_access_key.proto: 成功
api/protos/admin/service/v1/i_admin_portal.proto: 成功
api/protos/admin/service/v1/i_api_audit_log.proto: 成功
api/protos/admin/service/v1/i_api.proto: 成功
api/protos/admin/service/v1/i_authentication.proto: 成功
api/protos/admin/service/v1/i_config.proto: 成功
api/protos/admin/service/v1/i_dashboard.proto: 成功
api/protos/admin/service/v1/i_data_access_audit_log.proto: 成功
api/protos/admin/service/v1/i_dict_entry.proto: 成功
api/protos/admin/service/v1/i_dict_type.proto: 成功
api/protos/admin/service/v1/i_internal_message_category.proto: 成功
api/protos/admin/service/v1/i_internal_message.proto: 成功
api/protos/admin/service/v1/i_internal_message_recipient.proto: 成功
api/protos/admin/service/v1/i_language.proto: 成功
api/protos/admin/service/v1/i_login_audit_log.proto: 成功
api/protos/admin/service/v1/i_login_policy.proto: 成功
api/protos/admin/service/v1/i_menu.proto: 成功
api/protos/admin/service/v1/i_mfa.proto: 成功
api/protos/admin/service/v1/i_network.proto: 成功
api/protos/admin/service/v1/i_notification_channel.proto: 成功
api/protos/admin/service/v1/i_online_session.proto: 成功
api/protos/admin/service/v1/i_operation_audit_log.proto: 成功
api/protos/admin/service/v1/i_org_unit.proto: 成功
api/protos/admin/service/v1/i_permission_audit_log.proto: 成功
api/protos/admin/service/v1/i_permission_group.proto: 成功
api/protos/admin/service/v1/i_permission.proto: 成功
api/protos/admin/service/v1/i_plan_module.proto: 成功
api/protos/admin/service/v1/i_plan.proto: 成功
api/protos/admin/service/v1/i_plan_quota.proto: 成功
api/protos/admin/service/v1/i_policy_evaluation_log.proto: 成功
api/protos/admin/service/v1/i_position.proto: 成功
api/protos/admin/service/v1/i_quota.proto: 成功
api/protos/admin/service/v1/i_redis_cache_monitor.proto: 成功
api/protos/admin/service/v1/i_role.proto: 成功
api/protos/admin/service/v1/i_server_monitor.proto: 成功
api/protos/admin/service/v1/i_task.proto: 成功
api/protos/admin/service/v1/i_tenant.proto: 成功
api/protos/admin/service/v1/i_user_profile.proto: 成功
api/protos/admin/service/v1/i_user.proto: 成功
api/protos/audit/service/v1/api_audit_log.proto: 成功
api/protos/audit/service/v1/audit_error.proto: 成功
api/protos/audit/service/v1/common.proto: 成功
api/protos/audit/service/v1/data_access_audit_log.proto: 成功
api/protos/audit/service/v1/device_info.proto: 成功
api/protos/audit/service/v1/geo_location.proto: 成功
api/protos/audit/service/v1/login_audit_log.proto: 成功
api/protos/audit/service/v1/operation_audit_log.proto: 成功
api/protos/audit/service/v1/permission_audit_log.proto: 成功
api/protos/authentication/service/v1/ani_auth.proto: 成功
api/protos/authentication/service/v1/authentication_error.proto: 成功
api/protos/authentication/service/v1/authentication.proto: 成功
api/protos/authentication/service/v1/login_policy.proto: 成功
api/protos/authentication/service/v1/mfa.proto: 成功
api/protos/authentication/service/v1/oauth.proto: 成功
api/protos/authentication/service/v1/operator.proto: 成功
api/protos/authentication/service/v1/user_credential.proto: 成功
api/protos/authentication/service/v1/user_token.proto: 成功
api/protos/catalog/service/v1/accelerator.proto: 成功
api/protos/catalog/service/v1/vpc.proto: 成功
api/protos/config/service/v1/config.proto: 成功
api/protos/dict/service/v1/dict_entry.proto: 成功
api/protos/dict/service/v1/dict_error.proto: 成功
api/protos/dict/service/v1/dict_type.proto: 成功
api/protos/dict/service/v1/language.proto: 成功
api/protos/identity/service/v1/membership_org_unit.proto: 成功
api/protos/identity/service/v1/membership_position.proto: 成功
api/protos/identity/service/v1/membership.proto: 成功
api/protos/identity/service/v1/module.proto: 成功
api/protos/identity/service/v1/org_unit.proto: 成功
api/protos/identity/service/v1/plan_module.proto: 成功
api/protos/identity/service/v1/plan.proto: 成功
api/protos/identity/service/v1/plan_quota.proto: 成功
api/protos/identity/service/v1/position.proto: 成功
api/protos/identity/service/v1/tenant.proto: 成功
api/protos/identity/service/v1/types.proto: 成功
api/protos/identity/service/v1/user_error.proto: 成功
api/protos/identity/service/v1/user_org_unit.proto: 成功
api/protos/identity/service/v1/user_position.proto: 成功
api/protos/identity/service/v1/user_profile.proto: 成功
api/protos/identity/service/v1/user.proto: 成功
api/protos/internal_message/service/v1/internal_message_category.proto: 成功
api/protos/internal_message/service/v1/internal_message_error.proto: 成功
api/protos/internal_message/service/v1/internal_message.proto: 成功
api/protos/internal_message/service/v1/internal_message_recipient.proto: 成功
api/protos/notification_channel/service/v1/notification_channel.proto: 成功
api/protos/online_session/service/v1/online_session.proto: 成功
api/protos/permission/service/v1/api.proto: 成功
api/protos/permission/service/v1/membership_role.proto: 成功
api/protos/permission/service/v1/menu.proto: 成功
api/protos/permission/service/v1/permission_api.proto: 成功
api/protos/permission/service/v1/permission_error.proto: 成功
api/protos/permission/service/v1/permission_group.proto: 成功
api/protos/permission/service/v1/permission_menu.proto: 成功
api/protos/permission/service/v1/permission_policy.proto: 成功
api/protos/permission/service/v1/permission.proto: 成功
api/protos/permission/service/v1/policy_evaluation_log.proto: 成功
api/protos/permission/service/v1/role_permission.proto: 成功
api/protos/permission/service/v1/role.proto: 成功
api/protos/permission/service/v1/user_role.proto: 成功
api/protos/quota_lab/service/v1/gpu_simulator.proto: 成功
api/protos/quota_lab/service/v1/i_quota_lab.proto: 成功
api/protos/quota_lab/service/v1/quota_lab.proto: 成功
api/protos/quota/service/v1/quota_catalog.proto: 成功
api/protos/quota/service/v1/quota_release.proto: 成功
api/protos/redis_cache/service/v1/redis_cache_monitor.proto: 成功
api/protos/server_monitor/service/v1/server_monitor.proto: 成功
api/protos/task/service/v1/task_error.proto: 成功
api/protos/task/service/v1/task.proto: 成功
app/admin/service/cmd/admin/main.go: 成功
app/admin/service/cmd/quota-gpu-simulator/main.go: 成功
app/admin/service/cmd/schema/constraints.sql: 成功
app/admin/service/cmd/schema/main.go: 成功
app/admin/service/cmd/server/assets/assets.go: 成功
app/admin/service/cmd/server/assets/openapi.yaml: 成功
app/admin/service/cmd/server/main.go: 成功
app/admin/service/cmd/server/wiring_ent.go: 成功
app/admin/service/cmd/server/wiring_quota_default.go: 成功
app/admin/service/cmd/server/wiring_quota_lab.go: 成功
app/admin/service/configs/auth.yaml: 成功
app/admin/service/configs/client.yaml: 成功
app/admin/service/configs/data.yaml: 成功
app/admin/service/configs/logger.yaml: 成功
app/admin/service/configs/server.yaml: 成功
app/admin/service/internal/data/accelerator_client.go: 成功
app/admin/service/internal/data/accelerator_client_test.go: 成功
app/admin/service/internal/data/access_key_repo.go: 成功
app/admin/service/internal/data/access_key_repo_sqlite_test.go: 成功
app/admin/service/internal/data/api_audit_log_repo.go: 成功
app/admin/service/internal/data/api_audit_log_repo_sqlite_test.go: 成功
app/admin/service/internal/data/api_repo.go: 成功
app/admin/service/internal/data/api_repo_sqlite_test.go: 成功
app/admin/service/internal/data/audit_driver_wrapper.go: 成功
app/admin/service/internal/data/audit_driver_wrapper_test.go: 成功
app/admin/service/internal/data/audit_log_archive_repo.go: 成功
app/admin/service/internal/data/audit_log_archive_repo_sqlite_test.go: 成功
app/admin/service/internal/data/authenticator.go: 成功
app/admin/service/internal/data/authenticator_test.go: 成功
app/admin/service/internal/data/authorizer_provider.go: 成功
app/admin/service/internal/data/bootstrap_postgres_test.go: 成功
app/admin/service/internal/data/config_repo.go: 成功
app/admin/service/internal/data/config_repo_test.go: 成功
app/admin/service/internal/data/dashboard_repo.go: 成功
app/admin/service/internal/data/dashboard_repo_sqlite_test.go: 成功
app/admin/service/internal/data/data_access_audit_log_repo.go: 成功
app/admin/service/internal/data/data_access_audit_log_repo_sqlite_test.go: 成功
app/admin/service/internal/data/data.go: 成功
app/admin/service/internal/data/dict_entry_i18n_repo.go: 成功
app/admin/service/internal/data/dict_entry_i18n_repo_sqlite_test.go: 成功
app/admin/service/internal/data/dict_entry_repo.go: 成功
app/admin/service/internal/data/dict_entry_repo_sqlite_test.go: 成功
app/admin/service/internal/data/dict_type_repo.go: 成功
app/admin/service/internal/data/dict_type_repo_sqlite_test.go: 成功
app/admin/service/internal/data/ent/accesskey/accesskey.go: 成功
app/admin/service/internal/data/ent/accesskey_create.go: 成功
app/admin/service/internal/data/ent/accesskey_delete.go: 成功
app/admin/service/internal/data/ent/accesskey.go: 成功
app/admin/service/internal/data/ent/accesskey_query.go: 成功
app/admin/service/internal/data/ent/accesskey_update.go: 成功
app/admin/service/internal/data/ent/accesskey/where.go: 成功
app/admin/service/internal/data/ent/api/api.go: 成功
app/admin/service/internal/data/ent/apiauditlog/apiauditlog.go: 成功
app/admin/service/internal/data/ent/apiauditlog_create.go: 成功
app/admin/service/internal/data/ent/apiauditlog_delete.go: 成功
app/admin/service/internal/data/ent/apiauditlog.go: 成功
app/admin/service/internal/data/ent/apiauditlog_query.go: 成功
app/admin/service/internal/data/ent/apiauditlog_update.go: 成功
app/admin/service/internal/data/ent/apiauditlog/where.go: 成功
app/admin/service/internal/data/ent/api_create.go: 成功
app/admin/service/internal/data/ent/api_delete.go: 成功
app/admin/service/internal/data/ent/api.go: 成功
app/admin/service/internal/data/ent/api_query.go: 成功
app/admin/service/internal/data/ent/api_update.go: 成功
app/admin/service/internal/data/ent/api/where.go: 成功
app/admin/service/internal/data/ent/client.go: 成功
app/admin/service/internal/data/ent_client.go: 成功
app/admin/service/internal/data/ent_client_test.go: 成功
app/admin/service/internal/data/ent/dataaccessauditlog_create.go: 成功
app/admin/service/internal/data/ent/dataaccessauditlog/dataaccessauditlog.go: 成功
app/admin/service/internal/data/ent/dataaccessauditlog_delete.go: 成功
app/admin/service/internal/data/ent/dataaccessauditlog.go: 成功
app/admin/service/internal/data/ent/dataaccessauditlog_query.go: 成功
app/admin/service/internal/data/ent/dataaccessauditlog_update.go: 成功
app/admin/service/internal/data/ent/dataaccessauditlog/where.go: 成功
app/admin/service/internal/data/ent/data_scope_guard_test.go: 成功
app/admin/service/internal/data/ent/dictentry_create.go: 成功
app/admin/service/internal/data/ent/dictentry_delete.go: 成功
app/admin/service/internal/data/ent/dictentry/dictentry.go: 成功
app/admin/service/internal/data/ent/dictentry.go: 成功
app/admin/service/internal/data/ent/dictentryi18n_create.go: 成功
app/admin/service/internal/data/ent/dictentryi18n_delete.go: 成功
app/admin/service/internal/data/ent/dictentryi18n/dictentryi18n.go: 成功
app/admin/service/internal/data/ent/dictentryi18n.go: 成功
app/admin/service/internal/data/ent/dictentryi18n_query.go: 成功
app/admin/service/internal/data/ent/dictentryi18n_update.go: 成功
app/admin/service/internal/data/ent/dictentryi18n/where.go: 成功
app/admin/service/internal/data/ent/dictentry_query.go: 成功
app/admin/service/internal/data/ent/dictentry_update.go: 成功
app/admin/service/internal/data/ent/dictentry/where.go: 成功
app/admin/service/internal/data/ent/dicttype_create.go: 成功
app/admin/service/internal/data/ent/dicttype_delete.go: 成功
app/admin/service/internal/data/ent/dicttype/dicttype.go: 成功
app/admin/service/internal/data/ent/dicttype.go: 成功
app/admin/service/internal/data/ent/dicttype_query.go: 成功
app/admin/service/internal/data/ent/dicttype_update.go: 成功
app/admin/service/internal/data/ent/dicttype/where.go: 成功
app/admin/service/internal/data/ent/ent.go: 成功
app/admin/service/internal/data/ent/entql.go: 成功
app/admin/service/internal/data/ent/enttest/enttest.go: 成功
app/admin/service/internal/data/ent/gpudeleteacceptance_create.go: 成功
app/admin/service/internal/data/ent/gpudeleteacceptance_delete.go: 成功
app/admin/service/internal/data/ent/gpudeleteacceptance.go: 成功
app/admin/service/internal/data/ent/gpudeleteacceptance/gpudeleteacceptance.go: 成功
app/admin/service/internal/data/ent/gpudeleteacceptance_query.go: 成功
app/admin/service/internal/data/ent/gpudeleteacceptance_update.go: 成功
app/admin/service/internal/data/ent/gpudeleteacceptance/where.go: 成功
app/admin/service/internal/data/ent/gpuusagesync_create.go: 成功
app/admin/service/internal/data/ent/gpuusagesync_delete.go: 成功
app/admin/service/internal/data/ent/gpuusagesync.go: 成功
app/admin/service/internal/data/ent/gpuusagesync/gpuusagesync.go: 成功
app/admin/service/internal/data/ent/gpuusagesync_query.go: 成功
app/admin/service/internal/data/ent/gpuusagesync_update.go: 成功
app/admin/service/internal/data/ent/gpuusagesync/where.go: 成功
app/admin/service/internal/data/ent/hook/hook.go: 成功
app/admin/service/internal/data/ent/internalmessagecategory_create.go: 成功
app/admin/service/internal/data/ent/internalmessagecategory_delete.go: 成功
app/admin/service/internal/data/ent/internalmessagecategory.go: 成功
app/admin/service/internal/data/ent/internalmessagecategory/internalmessagecategory.go: 成功
app/admin/service/internal/data/ent/internalmessagecategory_query.go: 成功
app/admin/service/internal/data/ent/internalmessagecategory_update.go: 成功
app/admin/service/internal/data/ent/internalmessagecategory/where.go: 成功
app/admin/service/internal/data/ent/internalmessage_create.go: 成功
app/admin/service/internal/data/ent/internalmessage_delete.go: 成功
app/admin/service/internal/data/ent/internalmessage.go: 成功
app/admin/service/internal/data/ent/internalmessage/internalmessage.go: 成功
app/admin/service/internal/data/ent/internalmessage_query.go: 成功
app/admin/service/internal/data/ent/internalmessagerecipient_create.go: 成功
app/admin/service/internal/data/ent/internalmessagerecipient_delete.go: 成功
app/admin/service/internal/data/ent/internalmessagerecipient.go: 成功
app/admin/service/internal/data/ent/internalmessagerecipient/internalmessagerecipient.go: 成功
app/admin/service/internal/data/ent/internalmessagerecipient_query.go: 成功
app/admin/service/internal/data/ent/internalmessagerecipient_update.go: 成功
app/admin/service/internal/data/ent/internalmessagerecipient/where.go: 成功
app/admin/service/internal/data/ent/internalmessage_update.go: 成功
app/admin/service/internal/data/ent/internalmessage/where.go: 成功
app/admin/service/internal/data/ent/language_create.go: 成功
app/admin/service/internal/data/ent/language_delete.go: 成功
app/admin/service/internal/data/ent/language.go: 成功
app/admin/service/internal/data/ent/language/language.go: 成功
app/admin/service/internal/data/ent/language_query.go: 成功
app/admin/service/internal/data/ent/language_update.go: 成功
app/admin/service/internal/data/ent/language/where.go: 成功
app/admin/service/internal/data/ent/loginauditlog_create.go: 成功
app/admin/service/internal/data/ent/loginauditlog_delete.go: 成功
app/admin/service/internal/data/ent/loginauditlog.go: 成功
app/admin/service/internal/data/ent/loginauditlog/loginauditlog.go: 成功
app/admin/service/internal/data/ent/loginauditlog_query.go: 成功
app/admin/service/internal/data/ent/loginauditlog_update.go: 成功
app/admin/service/internal/data/ent/loginauditlog/where.go: 成功
app/admin/service/internal/data/ent/loginpolicy_create.go: 成功
app/admin/service/internal/data/ent/loginpolicy_delete.go: 成功
app/admin/service/internal/data/ent/loginpolicy.go: 成功
app/admin/service/internal/data/ent/loginpolicy/loginpolicy.go: 成功
app/admin/service/internal/data/ent/loginpolicy_query.go: 成功
app/admin/service/internal/data/ent/loginpolicy_update.go: 成功
app/admin/service/internal/data/ent/loginpolicy/where.go: 成功
app/admin/service/internal/data/ent/membership_create.go: 成功
app/admin/service/internal/data/ent/membership_delete.go: 成功
app/admin/service/internal/data/ent/membership.go: 成功
app/admin/service/internal/data/ent/membership/membership.go: 成功
app/admin/service/internal/data/ent/membershiporgunit_create.go: 成功
app/admin/service/internal/data/ent/membershiporgunit_delete.go: 成功
app/admin/service/internal/data/ent/membershiporgunit.go: 成功
app/admin/service/internal/data/ent/membershiporgunit/membershiporgunit.go: 成功
app/admin/service/internal/data/ent/membershiporgunit_query.go: 成功
app/admin/service/internal/data/ent/membershiporgunit_update.go: 成功
app/admin/service/internal/data/ent/membershiporgunit/where.go: 成功
app/admin/service/internal/data/ent/membershipposition_create.go: 成功
app/admin/service/internal/data/ent/membershipposition_delete.go: 成功
app/admin/service/internal/data/ent/membershipposition.go: 成功
app/admin/service/internal/data/ent/membershipposition/membershipposition.go: 成功
app/admin/service/internal/data/ent/membershipposition_query.go: 成功
app/admin/service/internal/data/ent/membershipposition_update.go: 成功
app/admin/service/internal/data/ent/membershipposition/where.go: 成功
app/admin/service/internal/data/ent/membership_query.go: 成功
app/admin/service/internal/data/ent/membershiprole_create.go: 成功
app/admin/service/internal/data/ent/membershiprole_delete.go: 成功
app/admin/service/internal/data/ent/membershiprole.go: 成功
app/admin/service/internal/data/ent/membershiprole/membershiprole.go: 成功
app/admin/service/internal/data/ent/membershiprole_query.go: 成功
app/admin/service/internal/data/ent/membershiprole_update.go: 成功
app/admin/service/internal/data/ent/membershiprole/where.go: 成功
app/admin/service/internal/data/ent/membership_update.go: 成功
app/admin/service/internal/data/ent/membership/where.go: 成功
app/admin/service/internal/data/ent/menu_create.go: 成功
app/admin/service/internal/data/ent/menu_delete.go: 成功
app/admin/service/internal/data/ent/menu.go: 成功
app/admin/service/internal/data/ent/menu/menu.go: 成功
app/admin/service/internal/data/ent/menu_query.go: 成功
app/admin/service/internal/data/ent/menu_update.go: 成功
app/admin/service/internal/data/ent/menu/where.go: 成功
app/admin/service/internal/data/ent/migrate/migrate.go: 成功
app/admin/service/internal/data/ent/migrate/schema.go: 成功
app/admin/service/internal/data/ent/mutation.go: 成功
app/admin/service/internal/data/ent/notificationchannel_create.go: 成功
app/admin/service/internal/data/ent/notificationchannel_delete.go: 成功
app/admin/service/internal/data/ent/notificationchannel.go: 成功
app/admin/service/internal/data/ent/notificationchannel/notificationchannel.go: 成功
app/admin/service/internal/data/ent/notificationchannel_query.go: 成功
app/admin/service/internal/data/ent/notificationchannel_update.go: 成功
app/admin/service/internal/data/ent/notificationchannel/where.go: 成功
app/admin/service/internal/data/ent/operationauditlog_create.go: 成功
app/admin/service/internal/data/ent/operationauditlog_delete.go: 成功
app/admin/service/internal/data/ent/operationauditlog.go: 成功
app/admin/service/internal/data/ent/operationauditlog/operationauditlog.go: 成功
app/admin/service/internal/data/ent/operationauditlog_query.go: 成功
app/admin/service/internal/data/ent/operationauditlog_update.go: 成功
app/admin/service/internal/data/ent/operationauditlog/where.go: 成功
app/admin/service/internal/data/ent/orgunit_create.go: 成功
app/admin/service/internal/data/ent/orgunit_delete.go: 成功
app/admin/service/internal/data/ent/orgunit.go: 成功
app/admin/service/internal/data/ent/orgunit/orgunit.go: 成功
app/admin/service/internal/data/ent/orgunit_query.go: 成功
app/admin/service/internal/data/ent/orgunit_update.go: 成功
app/admin/service/internal/data/ent/orgunit/where.go: 成功
app/admin/service/internal/data/ent/permissionapi_create.go: 成功
app/admin/service/internal/data/ent/permissionapi_delete.go: 成功
app/admin/service/internal/data/ent/permissionapi.go: 成功
app/admin/service/internal/data/ent/permissionapi/permissionapi.go: 成功
app/admin/service/internal/data/ent/permissionapi_query.go: 成功
app/admin/service/internal/data/ent/permissionapi_update.go: 成功
app/admin/service/internal/data/ent/permissionapi/where.go: 成功
app/admin/service/internal/data/ent/permissionauditlog_create.go: 成功
app/admin/service/internal/data/ent/permissionauditlog_delete.go: 成功
app/admin/service/internal/data/ent/permissionauditlog.go: 成功
app/admin/service/internal/data/ent/permissionauditlog/permissionauditlog.go: 成功
app/admin/service/internal/data/ent/permissionauditlog_query.go: 成功
app/admin/service/internal/data/ent/permissionauditlog_update.go: 成功
app/admin/service/internal/data/ent/permissionauditlog/where.go: 成功
app/admin/service/internal/data/ent/permission_create.go: 成功
app/admin/service/internal/data/ent/permission_delete.go: 成功
app/admin/service/internal/data/ent/permission.go: 成功
app/admin/service/internal/data/ent/permissiongroup_create.go: 成功
app/admin/service/internal/data/ent/permissiongroup_delete.go: 成功
app/admin/service/internal/data/ent/permissiongroup.go: 成功
app/admin/service/internal/data/ent/permissiongroup/permissiongroup.go: 成功
app/admin/service/internal/data/ent/permissiongroup_query.go: 成功
app/admin/service/internal/data/ent/permissiongroup_update.go: 成功
app/admin/service/internal/data/ent/permissiongroup/where.go: 成功
app/admin/service/internal/data/ent/permissionmenu_create.go: 成功
app/admin/service/internal/data/ent/permissionmenu_delete.go: 成功
app/admin/service/internal/data/ent/permissionmenu.go: 成功
app/admin/service/internal/data/ent/permissionmenu/permissionmenu.go: 成功
app/admin/service/internal/data/ent/permissionmenu_query.go: 成功
app/admin/service/internal/data/ent/permissionmenu_update.go: 成功
app/admin/service/internal/data/ent/permissionmenu/where.go: 成功
app/admin/service/internal/data/ent/permission/permission.go: 成功
app/admin/service/internal/data/ent/permissionpolicy_create.go: 成功
app/admin/service/internal/data/ent/permissionpolicy_delete.go: 成功
app/admin/service/internal/data/ent/permissionpolicy.go: 成功
app/admin/service/internal/data/ent/permissionpolicy/permissionpolicy.go: 成功
app/admin/service/internal/data/ent/permissionpolicy_query.go: 成功
app/admin/service/internal/data/ent/permissionpolicy_update.go: 成功
app/admin/service/internal/data/ent/permissionpolicy/where.go: 成功
app/admin/service/internal/data/ent/permission_query.go: 成功
app/admin/service/internal/data/ent/permission_update.go: 成功
app/admin/service/internal/data/ent/permission/where.go: 成功
app/admin/service/internal/data/ent/plan_create.go: 成功
app/admin/service/internal/data/ent/plan_delete.go: 成功
app/admin/service/internal/data/ent/plan.go: 成功
app/admin/service/internal/data/ent/planmodule_create.go: 成功
app/admin/service/internal/data/ent/planmodule_delete.go: 成功
app/admin/service/internal/data/ent/planmodule.go: 成功
app/admin/service/internal/data/ent/planmodule/planmodule.go: 成功
app/admin/service/internal/data/ent/planmodule_query.go: 成功
app/admin/service/internal/data/ent/planmodule_update.go: 成功
app/admin/service/internal/data/ent/planmodule/where.go: 成功
app/admin/service/internal/data/ent/plan/plan.go: 成功
app/admin/service/internal/data/ent/plan_query.go: 成功
app/admin/service/internal/data/ent/planquota_create.go: 成功
app/admin/service/internal/data/ent/planquota_delete.go: 成功
app/admin/service/internal/data/ent/planquota.go: 成功
app/admin/service/internal/data/ent/planquota/planquota.go: 成功
app/admin/service/internal/data/ent/planquota_query.go: 成功
app/admin/service/internal/data/ent/planquota_update.go: 成功
app/admin/service/internal/data/ent/planquota/where.go: 成功
app/admin/service/internal/data/ent/plan_update.go: 成功
app/admin/service/internal/data/ent/plan/where.go: 成功
app/admin/service/internal/data/ent/policyevaluationlog_create.go: 成功
app/admin/service/internal/data/ent/policyevaluationlog_delete.go: 成功
app/admin/service/internal/data/ent/policyevaluationlog.go: 成功
app/admin/service/internal/data/ent/policyevaluationlog/policyevaluationlog.go: 成功
app/admin/service/internal/data/ent/policyevaluationlog_query.go: 成功
app/admin/service/internal/data/ent/policyevaluationlog_update.go: 成功
app/admin/service/internal/data/ent/policyevaluationlog/where.go: 成功
app/admin/service/internal/data/ent/position_create.go: 成功
app/admin/service/internal/data/ent/position_delete.go: 成功
app/admin/service/internal/data/ent/position.go: 成功
app/admin/service/internal/data/ent/position/position.go: 成功
app/admin/service/internal/data/ent/position_query.go: 成功
app/admin/service/internal/data/ent/position_update.go: 成功
app/admin/service/internal/data/ent/position/where.go: 成功
app/admin/service/internal/data/ent/predicate/predicate.go: 成功
app/admin/service/internal/data/ent/privacy/privacy.go: 成功
app/admin/service/internal/data/ent/quotaaccount_create.go: 成功
app/admin/service/internal/data/ent/quotaaccount_delete.go: 成功
app/admin/service/internal/data/ent/quotaaccount.go: 成功
app/admin/service/internal/data/ent/quotaaccount_query.go: 成功
app/admin/service/internal/data/ent/quotaaccount/quotaaccount.go: 成功
app/admin/service/internal/data/ent/quotaaccount_update.go: 成功
app/admin/service/internal/data/ent/quotaaccount/where.go: 成功
app/admin/service/internal/data/ent/quotacharge_create.go: 成功
app/admin/service/internal/data/ent/quotacharge_delete.go: 成功
app/admin/service/internal/data/ent/quotacharge.go: 成功
app/admin/service/internal/data/ent/quotacharge_query.go: 成功
app/admin/service/internal/data/ent/quotacharge/quotacharge.go: 成功
app/admin/service/internal/data/ent/quotacharge_update.go: 成功
app/admin/service/internal/data/ent/quotacharge/where.go: 成功
app/admin/service/internal/data/ent/quotadefinition_create.go: 成功
app/admin/service/internal/data/ent/quotadefinition_delete.go: 成功
app/admin/service/internal/data/ent/quotadefinition.go: 成功
app/admin/service/internal/data/ent/quotadefinition_query.go: 成功
app/admin/service/internal/data/ent/quotadefinition/quotadefinition.go: 成功
app/admin/service/internal/data/ent/quotadefinition_update.go: 成功
app/admin/service/internal/data/ent/quotadefinition/where.go: 成功
app/admin/service/internal/data/ent/quotaoperation_create.go: 成功
app/admin/service/internal/data/ent/quotaoperation_delete.go: 成功
app/admin/service/internal/data/ent/quotaoperation.go: 成功
app/admin/service/internal/data/ent/quotaoperation_query.go: 成功
app/admin/service/internal/data/ent/quotaoperation/quotaoperation.go: 成功
app/admin/service/internal/data/ent/quotaoperation_update.go: 成功
app/admin/service/internal/data/ent/quotaoperation/where.go: 成功
app/admin/service/internal/data/ent/quotareleasereceipt_create.go: 成功
app/admin/service/internal/data/ent/quotareleasereceipt_delete.go: 成功
app/admin/service/internal/data/ent/quotareleasereceipt.go: 成功
app/admin/service/internal/data/ent/quotareleasereceipt_query.go: 成功
app/admin/service/internal/data/ent/quotareleasereceipt/quotareleasereceipt.go: 成功
app/admin/service/internal/data/ent/quotareleasereceipt_update.go: 成功
app/admin/service/internal/data/ent/quotareleasereceipt/where.go: 成功
app/admin/service/internal/data/ent/role_create.go: 成功
app/admin/service/internal/data/ent/role_delete.go: 成功
app/admin/service/internal/data/ent/rolefieldpermission_create.go: 成功
app/admin/service/internal/data/ent/rolefieldpermission_delete.go: 成功
app/admin/service/internal/data/ent/rolefieldpermission.go: 成功
app/admin/service/internal/data/ent/rolefieldpermission_query.go: 成功
app/admin/service/internal/data/ent/rolefieldpermission/rolefieldpermission.go: 成功
app/admin/service/internal/data/ent/rolefieldpermission_update.go: 成功
app/admin/service/internal/data/ent/rolefieldpermission/where.go: 成功
app/admin/service/internal/data/ent/role.go: 成功
app/admin/service/internal/data/ent/rolemetadata_create.go: 成功
app/admin/service/internal/data/ent/rolemetadata_delete.go: 成功
app/admin/service/internal/data/ent/rolemetadata.go: 成功
app/admin/service/internal/data/ent/rolemetadata_query.go: 成功
app/admin/service/internal/data/ent/rolemetadata/rolemetadata.go: 成功
app/admin/service/internal/data/ent/rolemetadata_update.go: 成功
app/admin/service/internal/data/ent/rolemetadata/where.go: 成功
app/admin/service/internal/data/ent/roleorgunit_create.go: 成功
app/admin/service/internal/data/ent/roleorgunit_delete.go: 成功
app/admin/service/internal/data/ent/roleorgunit.go: 成功
app/admin/service/internal/data/ent/roleorgunit_query.go: 成功
app/admin/service/internal/data/ent/roleorgunit/roleorgunit.go: 成功
app/admin/service/internal/data/ent/roleorgunit_update.go: 成功
app/admin/service/internal/data/ent/roleorgunit/where.go: 成功
app/admin/service/internal/data/ent/rolepermission_create.go: 成功
app/admin/service/internal/data/ent/rolepermission_delete.go: 成功
app/admin/service/internal/data/ent/rolepermission.go: 成功
app/admin/service/internal/data/ent/rolepermission_query.go: 成功
app/admin/service/internal/data/ent/rolepermission/rolepermission.go: 成功
app/admin/service/internal/data/ent/rolepermission_update.go: 成功
app/admin/service/internal/data/ent/rolepermission/where.go: 成功
app/admin/service/internal/data/ent/role_query.go: 成功
app/admin/service/internal/data/ent/role/role.go: 成功
app/admin/service/internal/data/ent/role_update.go: 成功
app/admin/service/internal/data/ent/role/where.go: 成功
app/admin/service/internal/data/ent/runtime.go: 成功
app/admin/service/internal/data/ent/runtime/runtime.go: 成功
app/admin/service/internal/data/ent/schema/access_key.go: 成功
app/admin/service/internal/data/ent/schema/api_audit_log.go: 成功
app/admin/service/internal/data/ent/schema/api.go: 成功
app/admin/service/internal/data/ent/schema/config.go: 成功
app/admin/service/internal/data/ent/schema/data_access_audit_log.go: 成功
app/admin/service/internal/data/ent/schema/data_scope_guard.go: 成功
app/admin/service/internal/data/ent/schema/dict_entry.go: 成功
app/admin/service/internal/data/ent/schema/dict_entry_i18n.go: 成功
app/admin/service/internal/data/ent/schema/dict_type.go: 成功
app/admin/service/internal/data/ent/schema/gpu_delete_acceptance.go: 成功
app/admin/service/internal/data/ent/schema/gpu_usage_sync.go: 成功
app/admin/service/internal/data/ent/schema/internal_message_category.go: 成功
app/admin/service/internal/data/ent/schema/internal_message.go: 成功
app/admin/service/internal/data/ent/schema/internal_message_recipient.go: 成功
app/admin/service/internal/data/ent/schema/language.go: 成功
app/admin/service/internal/data/ent/schema/login_audit_log.go: 成功
app/admin/service/internal/data/ent/schema/login_policy.go: 成功
app/admin/service/internal/data/ent/schema/membership.go: 成功
app/admin/service/internal/data/ent/schema/membership_org_unit.go: 成功
app/admin/service/internal/data/ent/schema/membership_position.go: 成功
app/admin/service/internal/data/ent/schema/membership_role.go: 成功
app/admin/service/internal/data/ent/schema/menu.go: 成功
app/admin/service/internal/data/ent/schema/notification_channel.go: 成功
app/admin/service/internal/data/ent/schema/operation_audit_log.go: 成功
app/admin/service/internal/data/ent/schema/org_unit.go: 成功
app/admin/service/internal/data/ent/schema/permission_api.go: 成功
app/admin/service/internal/data/ent/schema/permission_audit_log.go: 成功
app/admin/service/internal/data/ent/schema/permission.go: 成功
app/admin/service/internal/data/ent/schema/permission_group.go: 成功
app/admin/service/internal/data/ent/schema/permission_menu.go: 成功
app/admin/service/internal/data/ent/schema/permission_policy.go: 成功
app/admin/service/internal/data/ent/schema/plan.go: 成功
app/admin/service/internal/data/ent/schema/plan_module.go: 成功
app/admin/service/internal/data/ent/schema/plan_quota.go: 成功
app/admin/service/internal/data/ent/schema/policy_evaluation_log.go: 成功
app/admin/service/internal/data/ent/schema/position.go: 成功
app/admin/service/internal/data/ent/schema/quota_account.go: 成功
app/admin/service/internal/data/ent/schema/quota_charge.go: 成功
app/admin/service/internal/data/ent/schema/quota_definition.go: 成功
app/admin/service/internal/data/ent/schema/quota_operation.go: 成功
app/admin/service/internal/data/ent/schema/quota_release_receipt.go: 成功
app/admin/service/internal/data/ent/schema/role_field_permission.go: 成功
app/admin/service/internal/data/ent/schema/role.go: 成功
app/admin/service/internal/data/ent/schema/role_metadata.go: 成功
app/admin/service/internal/data/ent/schema/role_org_unit.go: 成功
app/admin/service/internal/data/ent/schema/role_permission.go: 成功
app/admin/service/internal/data/ent/schema/task.go: 成功
app/admin/service/internal/data/ent/schema/tenant.go: 成功
app/admin/service/internal/data/ent/schema/tenant_mutation_guard.go: 成功
app/admin/service/internal/data/ent/schema/user_credential.go: 成功
app/admin/service/internal/data/ent/schema/user.go: 成功
app/admin/service/internal/data/ent/schema/user_mfa_factor.go: 成功
app/admin/service/internal/data/ent/schema/user_org_unit.go: 成功
app/admin/service/internal/data/ent/schema/user_position.go: 成功
app/admin/service/internal/data/ent/schema/user_role.go: 成功
app/admin/service/internal/data/ent/sysconfig_create.go: 成功
app/admin/service/internal/data/ent/sysconfig_delete.go: 成功
app/admin/service/internal/data/ent/sysconfig.go: 成功
app/admin/service/internal/data/ent/sysconfig_query.go: 成功
app/admin/service/internal/data/ent/sysconfig/sysconfig.go: 成功
app/admin/service/internal/data/ent/sysconfig_update.go: 成功
app/admin/service/internal/data/ent/sysconfig/where.go: 成功
app/admin/service/internal/data/ent/task_create.go: 成功
app/admin/service/internal/data/ent/task_delete.go: 成功
app/admin/service/internal/data/ent/task.go: 成功
app/admin/service/internal/data/ent/task_query.go: 成功
app/admin/service/internal/data/ent/task/task.go: 成功
app/admin/service/internal/data/ent/task_update.go: 成功
app/admin/service/internal/data/ent/task/where.go: 成功
app/admin/service/internal/data/ent/tenant_create.go: 成功
app/admin/service/internal/data/ent/tenant_delete.go: 成功
app/admin/service/internal/data/ent/tenant.go: 成功
app/admin/service/internal/data/ent/tenant_guard_delete_one_test.go: 成功
app/admin/service/internal/data/ent/tenant_guard_test.go: 成功
app/admin/service/internal/data/ent/tenant_query.go: 成功
app/admin/service/internal/data/ent/tenant/tenant.go: 成功
app/admin/service/internal/data/ent/tenant_update.go: 成功
app/admin/service/internal/data/ent/tenant/where.go: 成功
app/admin/service/internal/data/enttest/enttest.go: 成功
app/admin/service/internal/data/enttest/quota_pg.go: 成功
app/admin/service/internal/data/enttest/testdata/quota_cleanup.sql: 成功
app/admin/service/internal/data/ent/tx.go: 成功
app/admin/service/internal/data/ent/user_create.go: 成功
app/admin/service/internal/data/ent/usercredential_create.go: 成功
app/admin/service/internal/data/ent/usercredential_delete.go: 成功
app/admin/service/internal/data/ent/usercredential.go: 成功
app/admin/service/internal/data/ent/usercredential_query.go: 成功
app/admin/service/internal/data/ent/usercredential_update.go: 成功
app/admin/service/internal/data/ent/usercredential/usercredential.go: 成功
app/admin/service/internal/data/ent/usercredential/where.go: 成功
app/admin/service/internal/data/ent/user_delete.go: 成功
app/admin/service/internal/data/ent/user.go: 成功
app/admin/service/internal/data/ent/usermfafactor_create.go: 成功
app/admin/service/internal/data/ent/usermfafactor_delete.go: 成功
app/admin/service/internal/data/ent/usermfafactor.go: 成功
app/admin/service/internal/data/ent/usermfafactor_query.go: 成功
app/admin/service/internal/data/ent/usermfafactor_update.go: 成功
app/admin/service/internal/data/ent/usermfafactor/usermfafactor.go: 成功
app/admin/service/internal/data/ent/usermfafactor/where.go: 成功
app/admin/service/internal/data/ent/userorgunit_create.go: 成功
app/admin/service/internal/data/ent/userorgunit_delete.go: 成功
app/admin/service/internal/data/ent/userorgunit.go: 成功
app/admin/service/internal/data/ent/userorgunit_query.go: 成功
app/admin/service/internal/data/ent/userorgunit_update.go: 成功
app/admin/service/internal/data/ent/userorgunit/userorgunit.go: 成功
app/admin/service/internal/data/ent/userorgunit/where.go: 成功
app/admin/service/internal/data/ent/userposition_create.go: 成功
app/admin/service/internal/data/ent/userposition_delete.go: 成功
app/admin/service/internal/data/ent/userposition.go: 成功
app/admin/service/internal/data/ent/userposition_query.go: 成功
app/admin/service/internal/data/ent/userposition_update.go: 成功
app/admin/service/internal/data/ent/userposition/userposition.go: 成功
app/admin/service/internal/data/ent/userposition/where.go: 成功
app/admin/service/internal/data/ent/user_query.go: 成功
app/admin/service/internal/data/ent/userrole_create.go: 成功
app/admin/service/internal/data/ent/userrole_delete.go: 成功
app/admin/service/internal/data/ent/userrole.go: 成功
app/admin/service/internal/data/ent/userrole_query.go: 成功
app/admin/service/internal/data/ent/userrole_update.go: 成功
app/admin/service/internal/data/ent/userrole/userrole.go: 成功
app/admin/service/internal/data/ent/userrole/where.go: 成功
app/admin/service/internal/data/ent/user_update.go: 成功
app/admin/service/internal/data/ent/user/user.go: 成功
app/admin/service/internal/data/ent/user/where.go: 成功
app/admin/service/internal/data/internal_message_category_repo.go: 成功
app/admin/service/internal/data/internal_message_recipient_repo.go: 成功
app/admin/service/internal/data/internal_message_recipient_repo_sqlite_test.go: 成功
app/admin/service/internal/data/internal_message_repo.go: 成功
app/admin/service/internal/data/internal_message_repo_sqlite_test.go: 成功
app/admin/service/internal/data/language_repo.go: 成功
app/admin/service/internal/data/language_repo_sqlite_test.go: 成功
app/admin/service/internal/data/login_audit_log_repo.go: 成功
app/admin/service/internal/data/login_audit_log_repo_sqlite_test.go: 成功
app/admin/service/internal/data/login_policy_checker.go: 成功
app/admin/service/internal/data/login_policy_checker_test.go: 成功
app/admin/service/internal/data/login_policy_repo.go: 成功
app/admin/service/internal/data/login_policy_repo_sqlite_test.go: 成功
app/admin/service/internal/data/login_rate_limiter.go: 成功
app/admin/service/internal/data/membership_org_unit_repo.go: 成功
app/admin/service/internal/data/membership_org_unit_repo_sqlite_test.go: 成功
app/admin/service/internal/data/membership_position_repo.go: 成功
app/admin/service/internal/data/membership_position_repo_sqlite_test.go: 成功
app/admin/service/internal/data/membership_repo.go: 成功
app/admin/service/internal/data/membership_repo_sqlite_test.go: 成功
app/admin/service/internal/data/membership_role_repo.go: 成功
app/admin/service/internal/data/membership_role_repo_sqlite_test.go: 成功
app/admin/service/internal/data/menu_repo.go: 成功
app/admin/service/internal/data/menu_repo_sqlite_test.go: 成功
app/admin/service/internal/data/menu_repo_sync_test.go: 成功
app/admin/service/internal/data/menu_repo_test.go: 成功
app/admin/service/internal/data/mfa_challenge_cache.go: 成功
app/admin/service/internal/data/network_client.go: 成功
app/admin/service/internal/data/network_client_test.go: 成功
app/admin/service/internal/data/notification_channel_repo.go: 成功
app/admin/service/internal/data/notification_channel_repo_sqlite_test.go: 成功
app/admin/service/internal/data/operation_audit_log_repo.go: 成功
app/admin/service/internal/data/operation_audit_log_repo_sqlite_test.go: 成功
app/admin/service/internal/data/org_unit_repo.go: 成功
app/admin/service/internal/data/org_unit_repo_sqlite_test.go: 成功
app/admin/service/internal/data/permission_api_repo.go: 成功
app/admin/service/internal/data/permission_api_repo_sqlite_test.go: 成功
app/admin/service/internal/data/permission_audit_log_repo.go: 成功
app/admin/service/internal/data/permission_audit_log_repo_sqlite_test.go: 成功
app/admin/service/internal/data/permission_group_repo.go: 成功
app/admin/service/internal/data/permission_group_repo_sqlite_test.go: 成功
app/admin/service/internal/data/permission_menu_repo.go: 成功
app/admin/service/internal/data/permission_policy_repo.go: 成功
app/admin/service/internal/data/permission_repo.go: 成功
app/admin/service/internal/data/permission_repo_sqlite_test.go: 成功
app/admin/service/internal/data/plan_module_repo.go: 成功
app/admin/service/internal/data/plan_module_repo_sqlite_test.go: 成功
app/admin/service/internal/data/plan_quota_list.go: 成功
app/admin/service/internal/data/plan_quota_list_pg_test.go: 成功
app/admin/service/internal/data/plan_quota_repo.go: 成功
app/admin/service/internal/data/plan_quota_repo_sqlite_test.go: 成功
app/admin/service/internal/data/plan_repo.go: 成功
app/admin/service/internal/data/plan_repo_sqlite_test.go: 成功
app/admin/service/internal/data/policy_evaluation_log_repo.go: 成功
app/admin/service/internal/data/policy_evaluation_log_repo_sqlite_test.go: 成功
app/admin/service/internal/data/position_repo.go: 成功
app/admin/service/internal/data/position_repo_sqlite_test.go: 成功
app/admin/service/internal/data/quota_admin_repo.go: 成功
app/admin/service/internal/data/quota_catalog_pg_test.go: 成功
app/admin/service/internal/data/quota_code_map.go: 成功
app/admin/service/internal/data/quota_code_map_pg_test.go: 成功
app/admin/service/internal/data/quota_code_map_test.go: 成功
app/admin/service/internal/data/quota_errors.go: 成功
app/admin/service/internal/data/quota_gpu_negative_pg_test.go: 成功
app/admin/service/internal/data/quota_gpu_pg_test.go: 成功
app/admin/service/internal/data/quota_gpu_sync_repo.go: 成功
app/admin/service/internal/data/quota_ledger_pg_test.go: 成功
app/admin/service/internal/data/quota_ledger_repo.go: 成功
app/admin/service/internal/data/quota_pgx.go: 成功
app/admin/service/internal/data/quota_process_pg_test.go: 成功
app/admin/service/internal/data/quotasql/db.go: 成功
app/admin/service/internal/data/quotasql/ledger.sql.go: 成功
app/admin/service/internal/data/quotasql/models.go: 成功
app/admin/service/internal/data/quotasql/plan.sql.go: 成功
app/admin/service/internal/data/quotasql/queries/ledger.sql: 成功
app/admin/service/internal/data/quotasql/queries/plan.sql: 成功
app/admin/service/internal/data/quota_sync_lease_pg_test.go: 成功
app/admin/service/internal/data/quota_upgrade_pg_test.go: 成功
app/admin/service/internal/data/redis_cache_monitor_repo.go: 成功
app/admin/service/internal/data/redis_cache_monitor_repo_sqlite_test.go: 成功
app/admin/service/internal/data/repo_testkit2.go: 成功
app/admin/service/internal/data/repo_testkit3.go: 成功
app/admin/service/internal/data/repo_testkit4.go: 成功
app/admin/service/internal/data/repo_testkit5.go: 成功
app/admin/service/internal/data/repo_testkit.go: 成功
app/admin/service/internal/data/role_field_permission_repo.go: 成功
app/admin/service/internal/data/role_metadata_repo.go: 成功
app/admin/service/internal/data/role_metadata_repo_sqlite_test.go: 成功
app/admin/service/internal/data/role_org_unit_repo.go: 成功
app/admin/service/internal/data/role_org_unit_repo_sqlite_test.go: 成功
app/admin/service/internal/data/role_permission_repo.go: 成功
app/admin/service/internal/data/role_permission_repo_sqlite_test.go: 成功
app/admin/service/internal/data/role_repo.go: 成功
app/admin/service/internal/data/role_repo_sqlite_test.go: 成功
app/admin/service/internal/data/row_lock.go: 成功
app/admin/service/internal/data/server_monitor_repo.go: 成功
app/admin/service/internal/data/server_monitor_repo_sqlite_test.go: 成功
app/admin/service/internal/data/sqlite_compat_test.go: 成功
app/admin/service/internal/data/task_repo.go: 成功
app/admin/service/internal/data/task_repo_sqlite_test.go: 成功
app/admin/service/internal/data/tenant_access_checker.go: 成功
app/admin/service/internal/data/tenant_access_checker_sqlite_test.go: 成功
app/admin/service/internal/data/tenant_repo.go: 成功
app/admin/service/internal/data/tenant_repo_sqlite_test.go: 成功
app/admin/service/internal/data/tenant_resource.go: 成功
app/admin/service/internal/data/tenant_usage_repo.go: 成功
app/admin/service/internal/data/tenant_usage_repo_sqlite_test.go: 成功
app/admin/service/internal/data/testdata/gpu/null_tenant.sql: 成功
app/admin/service/internal/data/testdata/gpu/role_and_rls.sql: 成功
app/admin/service/internal/data/testdata/gpu/temp_forbidden.sql: 成功
app/admin/service/internal/data/testdata/quota/claim_waiting_on_tenant.sql: 成功
app/admin/service/internal/data/testdata/quota/corrupt_frozen_vector.sql: 成功
app/admin/service/internal/data/testdata/quota/corrupt_original_units.sql: 成功
app/admin/service/internal/data/testdata/quota/expire_at_database_now.sql: 成功
app/admin/service/internal/data/testdata/quota/historical_01.sql: 成功
app/admin/service/internal/data/testdata/quota/historical_02.sql: 成功
app/admin/service/internal/data/testdata/quota/historical_03.sql: 成功
app/admin/service/internal/data/testdata/quota/historical_04.sql: 成功
app/admin/service/internal/data/testdata/quota/historical_05.sql: 成功
app/admin/service/internal/data/testdata/quota/historical_06.sql: 成功
app/admin/service/internal/data/testdata/quota/historical_07.sql: 成功
app/admin/service/internal/data/testdata/quota/historical_08.sql: 成功
app/admin/service/internal/data/testdata/quota/historical_09.sql: 成功
app/admin/service/internal/data/testdata/quota/historical_10.sql: 成功
app/admin/service/internal/data/testdata/quota/historical_11.sql: 成功
app/admin/service/internal/data/testdata/quota/historical_12.sql: 成功
app/admin/service/internal/data/testdata/quota/historical_13.sql: 成功
app/admin/service/internal/data/testdata/quota/postpone_operation.sql: 成功
app/admin/service/internal/data/testdata/quota/switch_plan.sql: 成功
app/admin/service/internal/data/token_checker.go: 成功
app/admin/service/internal/data/user_credential_password_policy.go: 成功
app/admin/service/internal/data/user_credential_repo.go: 成功
app/admin/service/internal/data/user_credential_repo_sqlite_test.go: 成功
app/admin/service/internal/data/user_invitation.go: 成功
app/admin/service/internal/data/user_invitation_test.go: 成功
app/admin/service/internal/data/user_mfa_factor_repo.go: 成功
app/admin/service/internal/data/user_mfa_factor_repo_sqlite_test.go: 成功
app/admin/service/internal/data/user_org_unit_repo.go: 成功
app/admin/service/internal/data/user_org_unit_repo_sqlite_test.go: 成功
app/admin/service/internal/data/user_position_repo.go: 成功
app/admin/service/internal/data/user_position_repo_sqlite_test.go: 成功
app/admin/service/internal/data/user_repo.go: 成功
app/admin/service/internal/data/user_repo_sqlite_test.go: 成功
app/admin/service/internal/data/user_repo_test.go: 成功
app/admin/service/internal/data/user_role_repo.go: 成功
app/admin/service/internal/data/user_role_repo_sqlite_test.go: 成功
app/admin/service/internal/data/user_token_cache.go: 成功
app/admin/service/internal/data/user_token_cache_test.go: 成功
app/admin/service/internal/data/vcode_cache.go: 成功
app/admin/service/internal/quotalab/governance_control.go: 成功
app/admin/service/internal/quotalab/gpu_lab_service.go: 成功
app/admin/service/internal/quotalab/gpu_simulator_adapter.go: 成功
app/admin/service/internal/quotalab/simulator/control.go: 成功
app/admin/service/internal/quotalab/simulator/engine.go: 成功
app/admin/service/internal/quotalab/simulator/integration_pg_test.go: 成功
app/admin/service/internal/quotalab/simulator/notifier.go: 成功
app/admin/service/internal/quotalab/simulator/server.go: 成功
app/admin/service/internal/quotalab/simulator/store.go: 成功
app/admin/service/internal/quotalab/simulator/testdata/integration-queries.sql: 成功
app/admin/service/internal/quotalab/simulator/testdata/owner-schema.sql: 成功
app/admin/service/internal/quotalab/simulator/testdata/provider-schema.sql: 成功
app/admin/service/internal/server/access_key_http.go: 成功
app/admin/service/internal/server/access_key_http_test.go: 成功
app/admin/service/internal/server/asynq_server.go: 成功
app/admin/service/internal/server/invitation_page.go: 成功
app/admin/service/internal/server/invitation_page_test.go: 成功
app/admin/service/internal/server/policy_eval_logging_engine.go: 成功
app/admin/service/internal/server/policy_eval_logging_engine_guard_test.go: 成功
app/admin/service/internal/server/policy_eval_logging_engine_test.go: 成功
app/admin/service/internal/server/quota_internal_server.go: 成功
app/admin/service/internal/server/quota_lab_routes.go: 成功
app/admin/service/internal/server/rest_server.go: 成功
app/admin/service/internal/server/sse_server.go: 成功
app/admin/service/internal/service/accelerator_joint_http_test.go: 成功
app/admin/service/internal/service/accelerator_service.go: 成功
app/admin/service/internal/service/accelerator_service_test.go: 成功
app/admin/service/internal/service/accelerator_views.go: 成功
app/admin/service/internal/service/access_key_service.go: 成功
app/admin/service/internal/service/access_key_service_sqlite_test.go: 成功
app/admin/service/internal/service/access_key_service_test.go: 成功
app/admin/service/internal/service/account_invitation.go: 成功
app/admin/service/internal/service/account_invitation_test.go: 成功
app/admin/service/internal/service/admin_portal_service.go: 成功
app/admin/service/internal/service/admin_portal_service_test.go: 成功
app/admin/service/internal/service/api_audit_log_service.go: 成功
app/admin/service/internal/service/api_service.go: 成功
app/admin/service/internal/service/api_service_sqlite_test.go: 成功
app/admin/service/internal/service/authentication_data_scope.go: 成功
app/admin/service/internal/service/authentication_data_scope_sqlite_test.go: 成功
app/admin/service/internal/service/authentication_field_permission.go: 成功
app/admin/service/internal/service/authentication_forgot_password.go: 成功
app/admin/service/internal/service/authentication_service.go: 成功
app/admin/service/internal/service/authentication_service_sqlite_test.go: 成功
app/admin/service/internal/service/config_service.go: 成功
app/admin/service/internal/service/dashboard_service.go: 成功
app/admin/service/internal/service/data_access_audit_log_service.go: 成功
app/admin/service/internal/service/dict_entry_service.go: 成功
app/admin/service/internal/service/dict_entry_service_sqlite_test.go: 成功
app/admin/service/internal/service/dict_type_service.go: 成功
app/admin/service/internal/service/dict_type_service_sqlite_test.go: 成功
app/admin/service/internal/service/gpu_acceptance.go: 成功
app/admin/service/internal/service/gpu_acceptance_test.go: 成功
app/admin/service/internal/service/gpu_bff_ledger.go: 成功
app/admin/service/internal/service/gpu_contract.go: 成功
app/admin/service/internal/service/gpu_contract_test.go: 成功
app/admin/service/internal/service/gpu_usage_sync_worker.go: 成功
app/admin/service/internal/service/gpu_usage_sync_worker_test.go: 成功
app/admin/service/internal/service/internal_message_category_service.go: 成功
app/admin/service/internal/service/internal_message_recipient_service.go: 成功
app/admin/service/internal/service/internal_message_service.go: 成功
app/admin/service/internal/service/internal_message_service_sqlite_test.go: 成功
app/admin/service/internal/service/language_service.go: 成功
app/admin/service/internal/service/language_service_sqlite_test.go: 成功
app/admin/service/internal/service/login_audit_log_service.go: 成功
app/admin/service/internal/service/login_policy_service.go: 成功
app/admin/service/internal/service/menu_service.go: 成功
app/admin/service/internal/service/menu_service_sqlite_test.go: 成功
app/admin/service/internal/service/mfa_service.go: 成功
app/admin/service/internal/service/mfa_service_test.go: 成功
app/admin/service/internal/service/network_service.go: 成功
app/admin/service/internal/service/network_service_test.go: 成功
app/admin/service/internal/service/notification_channel_service.go: 成功
app/admin/service/internal/service/notification_channel_service_sqlite_test.go: 成功
app/admin/service/internal/service/online_session_service.go: 成功
app/admin/service/internal/service/online_session_service_sqlite_test.go: 成功
app/admin/service/internal/service/operation_audit_log_service.go: 成功
app/admin/service/internal/service/org_unit_service.go: 成功
app/admin/service/internal/service/org_unit_service_sqlite_test.go: 成功
app/admin/service/internal/service/permission_audit_log_service.go: 成功
app/admin/service/internal/service/permission_group_service.go: 成功
app/admin/service/internal/service/permission_group_service_sqlite_test.go: 成功
app/admin/service/internal/service/permission_service.go: 成功
app/admin/service/internal/service/permission_service_test.go: 成功
app/admin/service/internal/service/plan_module_service.go: 成功
app/admin/service/internal/service/plan_module_service_sqlite_test.go: 成功
app/admin/service/internal/service/plan_quota_service.go: 成功
app/admin/service/internal/service/plan_quota_service_sqlite_test.go: 成功
app/admin/service/internal/service/plan_service.go: 成功
app/admin/service/internal/service/plan_service_sqlite_test.go: 成功
app/admin/service/internal/service/policy_evaluation_log_service.go: 成功
app/admin/service/internal/service/position_service.go: 成功
app/admin/service/internal/service/position_service_sqlite_test.go: 成功
app/admin/service/internal/service/quota_adapter.go: 成功
app/admin/service/internal/service/quota_admin_service.go: 成功
app/admin/service/internal/service/quota_dispatch_worker.go: 成功
app/admin/service/internal/service/redis_cache_monitor_service.go: 成功
app/admin/service/internal/service/role_service.go: 成功
app/admin/service/internal/service/role_service_sqlite_test.go: 成功
app/admin/service/internal/service/seed_fixtures_test.go: 成功
app/admin/service/internal/service/server_monitor_service.go: 成功
app/admin/service/internal/service/session_meta.go: 成功
app/admin/service/internal/service/session_meta_test.go: 成功
app/admin/service/internal/service/startup_test.go: 成功
app/admin/service/internal/service/task_service.go: 成功
app/admin/service/internal/service/task_service_sqlite_test.go: 成功
app/admin/service/internal/service/tenant_service.go: 成功
app/admin/service/internal/service/tenant_service_sqlite_test.go: 成功
app/admin/service/internal/service/testdata/accelerator_ledger_snapshot.sql: 成功
app/admin/service/internal/service/user_field_permission.go: 成功
app/admin/service/internal/service/user_field_permission_sqlite_test.go: 成功
app/admin/service/internal/service/user_profile_contact.go: 成功
app/admin/service/internal/service/user_profile_service.go: 成功
app/admin/service/internal/service/user_profile_service_sqlite_test.go: 成功
app/admin/service/internal/service/user_service.go: 成功
app/admin/service/internal/service/user_service_sqlite_test.go: 成功
app/admin/service/internal/service/user_session_revocation_test.go: 成功
app/admin/service/schema.sql: 成功
app/admin/service/tests/gpucontract/capacity_test.go: 成功
app/admin/service/tests/gpucontract/dispatch_failure_test.go: 成功
app/admin/service/tests/gpucontract/governance_test.go: 成功
app/admin/service/tests/gpucontract/joint_test.go: 成功
app/admin/service/tests/gpucontract/mixed_test.go: 成功
app/admin/service/tests/gpucontract/owner_test.go: 成功
app/admin/service/tests/gpucontract/policy_recovery_test.go: 成功
app/admin/service/tests/gpucontract/snapshot_race_test.go: 成功
app/admin/service/tests/gpucontract/sync_failure_test.go: 成功
app/admin/service/tests/gpucontract/testdata/owner-queries.sql: 成功
app/admin/service/tests/gpucontract/testdata/owner-schema.sql: 成功
pkg/audit/event_edge_test.go: 成功
pkg/audit/event.go: 成功
pkg/audit/sqlmask.go: 成功
pkg/audit/sqlmask_test.go: 成功
pkg/audit/tablename.go: 成功
pkg/audit/tablename_test.go: 成功
pkg/authorizer/authorizer.go: 成功
pkg/authorizer/authorizer_test.go: 成功
pkg/authorizer/deny_all_engine.go: 成功
pkg/authorizer/provider.go: 成功
pkg/constants/component_module_test.go: 成功
pkg/constants/default_data.go: 成功
pkg/constants/default_data_test.go: 成功
pkg/constants/module_mapping.go: 成功
pkg/constants/module_mapping_test.go: 成功
pkg/constants/permission.go: 成功
pkg/constants/permission_test.go: 成功
pkg/constants/role.go: 成功
pkg/constants/role_test.go: 成功
pkg/constants/tenant.go: 成功
pkg/constants/tenant_test.go: 成功
pkg/crypto/access_key.go: 成功
pkg/crypto/access_key_test.go: 成功
pkg/crypto/aes_gcm.go: 成功
pkg/crypto/aes_gcm_test.go: 成功
pkg/crypto/encryptor.go: 成功
pkg/crypto/encryptor_test.go: 成功
pkg/crypto/example_test.go: 成功
pkg/crypto/hmac.go: 成功
pkg/crypto/hmac_test.go: 成功
pkg/crypto/payload.go: 成功
pkg/crypto/payload_must_test.go: 成功
pkg/crypto/payload_test.go: 成功
pkg/entgo/viewer/system_viewer.go: 成功
pkg/entgo/viewer/system_viewer_test.go: 成功
pkg/entgo/viewer/user_viewer_extra_test.go: 成功
pkg/entgo/viewer/user_viewer.go: 成功
pkg/entgo/viewer/user_viewer_test.go: 成功
pkg/fieldperm/fieldperm.go: 成功
pkg/fieldperm/mask_test.go: 成功
pkg/fieldperm/parse_test.go: 成功
pkg/jwt/refresh_token_payload.go: 成功
pkg/jwt/refresh_token_payload_test.go: 成功
pkg/jwt/user_token_payload_extras_test.go: 成功
pkg/jwt/user_token_payload.go: 成功
pkg/jwt/user_token_payload_test.go: 成功
pkg/mailer/smtp_context_test.go: 成功
pkg/mailer/smtp.go: 成功
pkg/mailer/smtp_test.go: 成功
pkg/metadata/errors.go: 成功
pkg/metadata/metadata.go: 成功
pkg/metadata/metadata_test.go: 成功
pkg/middleware/auth/auth.go: 成功
pkg/middleware/auth/authorization_domain_test.go: 成功
pkg/middleware/auth/auth_test.go: 成功
pkg/middleware/auth/context.go: 成功
pkg/middleware/auth/credential_headers.go: 成功
pkg/middleware/auth/errors.go: 成功
pkg/middleware/auth/options.go: 成功
pkg/middleware/auth/principal.go: 成功
pkg/middleware/auth/signature.go: 成功
pkg/middleware/auth/signature_test.go: 成功
pkg/middleware/auth/utils.go: 成功
pkg/middleware/ent/ent.go: 成功
pkg/middleware/ent/ent_test.go: 成功
pkg/middleware/logging/api_audit_log.go: 成功
pkg/middleware/logging/api_audit_log_test.go: 成功
pkg/middleware/logging/constants.go: 成功
pkg/middleware/logging/data_access_audit_log.go: 成功
pkg/middleware/logging/data_access_audit_log_test.go: 成功
pkg/middleware/logging/harness_test.go: 成功
pkg/middleware/logging/invitation_test.go: 成功
pkg/middleware/logging/logging.go: 成功
pkg/middleware/logging/logging_server_test.go: 成功
pkg/middleware/logging/login_audit_log.go: 成功
pkg/middleware/logging/login_audit_log_test.go: 成功
pkg/middleware/logging/login_password_test.go: 成功
pkg/middleware/logging/operation_audit_log.go: 成功
pkg/middleware/logging/operation_audit_log_test.go: 成功
pkg/middleware/logging/options.go: 成功
pkg/middleware/logging/options_test.go: 成功
pkg/middleware/logging/permission_audit_log.go: 成功
pkg/middleware/logging/permission_audit_log_handle_test.go: 成功
pkg/middleware/logging/permission_audit_log_test.go: 成功
pkg/middleware/logging/utils_extra_test.go: 成功
pkg/middleware/logging/utils.go: 成功
pkg/middleware/logging/utils_test.go: 成功
pkg/middleware/logging/verified_identity_test.go: 成功
pkg/middleware/requestid/requestid.go: 成功
pkg/middleware/requestid/requestid_test.go: 成功
pkg/netutil/client_ip_extra_test.go: 成功
pkg/netutil/client_ip.go: 成功
pkg/netutil/client_ip_test.go: 成功
pkg/netutil/context_transport_test.go: 成功
pkg/netutil/ssrf_extra_test.go: 成功
pkg/netutil/ssrf.go: 成功
pkg/netutil/ssrf_test.go: 成功
pkg/netutil/url_validate_test.go: 成功
pkg/password/policy.go: 成功
pkg/password/policy_test.go: 成功
pkg/serviceid/project_id.go: 成功
pkg/serviceid/service_id.go: 成功
pkg/serviceid/service_id_test.go: 成功
pkg/task/audit_log_archive.go: 成功
pkg/task/broadcast_message.go: 成功
pkg/task/tenant_expiry.go: 成功
pkg/utils/converter/api_edge_test.go: 成功
pkg/utils/converter/api.go: 成功
pkg/utils/converter/api_test.go: 成功
pkg/utils/converter/menu_edge_test.go: 成功
pkg/utils/converter/menu.go: 成功
pkg/utils/converter/menu_paths_test.go: 成功
pkg/utils/converter/menu_test.go: 成功
pkg/utils/slice.go: 成功
pkg/utils/slice_test.go: 成功
scripts/accelerator-acceptance/acc-pg-outage.py: 成功
scripts/accelerator-acceptance/acc-pg-outage.sql: 成功
scripts/accelerator-acceptance/bff-joint.sh: 成功
scripts/accelerator-acceptance/formal-gov.py: 成功
scripts/accelerator-acceptance/lab-regression.sh: 成功
scripts/accelerator-acceptance/prepare-joint-config.py: 成功
scripts/accelerator-acceptance/prepare-lab-certs.sh: 成功
scripts/accelerator-acceptance/run-joint-contract.sh: 成功
scripts/aksk-lab/collect.py: 成功
scripts/aksk-lab/lab.py: 成功
scripts/aksk_vpc_client.py: 成功
scripts/atlas.sh: 成功
scripts/backup/pg_backup.sh: 成功
scripts/backup-tx7do.py: 成功
scripts/bootstrap-model-access.sql: 成功
scripts/bootstrap-network-access.sql: 成功
scripts/check-quota-sql.py: 成功
scripts/ci-quota-pg.sh: 成功
scripts/deploy/atlas/build-image.sh: 成功
scripts/deploy/governance-mtls/certificate.yaml: 成功
scripts/deploy/governance-mtls/deployment-patch.yaml: 成功
scripts/deploy/pm2_service.sh: 成功
scripts/deploy/sse/build-local-docker-image.sh: 成功
scripts/env/install_unix_dev.sh: 成功
scripts/env/install_unix_prod.sh: 成功
scripts/env/lib/basic-tools.sh: 成功
scripts/env/lib/common-utils.sh: 成功
scripts/env/lib/docker-utils.sh: 成功
scripts/env/lib/go-utils.sh: 成功
scripts/env/lib/host-utils.sh: 成功
scripts/env/lib/nodejs-utils.sh: 成功
scripts/env/lib/os-utils.sh: 成功
scripts/finalize-aksk-openapi.py: 成功
scripts/generate-accelerator-slice.sh: 成功
scripts/generate-aksk-slice.sh: 成功
scripts/generate-model-slice.sh: 成功
scripts/generate-network-slice.sh: 成功
scripts/generate-quota-slice.sh: 成功
scripts/lab/build-images.sh: 成功
scripts/model-lab/accept.py: 成功
scripts/model-lab/bootstrap-platform.sql: 成功
scripts/model-lab/check-cert-manager.py: 成功
scripts/model-lab/cluster.sh: 成功
scripts/model-lab/collect.py: 成功
scripts/model-lab/deploy.sh: 成功
scripts/model-lab/forward.sh: 成功
scripts/model-lab/prepare.py: 成功
scripts/model-lab/probe.go: 成功
scripts/network-lab/accept.py: 成功
scripts/network-lab/collect.py: 成功
scripts/network-lab/forward.sh: 成功
scripts/network-lab/prepare.py: 成功
scripts/network-lab/probe.go: 成功
scripts/new-service-scaffold.sh: 成功
scripts/package-network-contract.py: 成功
scripts/post-generate-clean.sh: 成功
scripts/quota-lab/quota_acceptance.py: 成功
scripts/quota-lab/run.py: 成功
scripts/test_aksk_vpc_client.py: 成功
scripts/verify-gpu-audit.sh: 成功
scripts/verify-gpu-format.sh: 成功
scripts/verify-quota-schema.sh: 成功
scripts/verify-quota-sqlc.sh: 成功
sql/bootstrap/001_initial.sql: 成功
sql/bootstrap/bootstrap.go: 成功
sql/bootstrap/catalog.go: 成功
sql/bootstrap/catalog_test.go: 成功
sql/gpu/ops/assert_failed_migration.sql: 成功
sql/gpu/ops/failure_fixture.sql: 成功
sql/gpu/ops/formal_bff_permissions.sql: 成功
sql/gpu/ops/formal_fixture_clear_ledger.sql: 成功
sql/gpu/ops/joint_b_fixture.sql: 成功
sql/gpu/ops/old_version_fixture.sql: 成功
sql/gpu/ops/pause_transaction_check.sql: 成功
sql/gpu/ops/restore_pending_projection.sql: 成功
sql/gpu/ops/restrict_database.sql: 成功
sql/gpu/ops/rls_audit.sql: 成功
sql/gpu/ops/runtime_grants.sql: 成功
sql/gpu/ops/table_digests.sql: 成功
sql/gpu/ops/task_roles.sql: 成功
sql/mysql-demo-data.sql: 成功
sql/patches/20260921_drop_file_storage.sql: 成功
sql/patches/20260921_tenant_logout.sql: 成功
sql/patches/20260923_accelerator_permissions.sql: 成功
sql/postgresql-demo-data.sql: 成功
sql/quota/001_catalog_and_backfill.sql: 成功
go.mod: 成功
go.sum: 成功
app/admin/service/internal/service/testdata/accelerator-vectors.json: 成功
scripts/deploy/governance-mtls/checks.json: 成功
scripts/deploy/governance-mtls/network-check.json: 成功
