app/admin/service/internal/data/api_audit_log_repo_sqlite_test.go
app/admin/service/internal/data/api_repo_sqlite_test.go
app/admin/service/internal/data/audit_log_archive_repo.go
app/admin/service/internal/data/audit_log_archive_repo_sqlite_test.go
app/admin/service/internal/data/authenticator_test.go
app/admin/service/internal/data/config_repo.go
app/admin/service/internal/data/config_repo_test.go
app/admin/service/internal/data/dashboard_repo_sqlite_test.go
app/admin/service/internal/data/data_access_audit_log_repo.go
app/admin/service/internal/data/data_access_audit_log_repo_sqlite_test.go
app/admin/service/internal/data/dict_entry_i18n_repo_sqlite_test.go
app/admin/service/internal/data/dict_entry_repo.go
app/admin/service/internal/data/dict_entry_repo_sqlite_test.go
app/admin/service/internal/data/dict_type_repo.go
app/admin/service/internal/data/dict_type_repo_sqlite_test.go
app/admin/service/internal/data/internal_message_category_repo.go
app/admin/service/internal/data/internal_message_recipient_repo.go
app/admin/service/internal/data/internal_message_recipient_repo_sqlite_test.go
app/admin/service/internal/data/internal_message_repo.go
app/admin/service/internal/data/internal_message_repo_sqlite_test.go
app/admin/service/internal/data/language_repo.go
app/admin/service/internal/data/language_repo_sqlite_test.go
app/admin/service/internal/data/login_audit_log_repo.go
app/admin/service/internal/data/login_audit_log_repo_sqlite_test.go
app/admin/service/internal/data/login_policy_repo.go
app/admin/service/internal/data/login_rate_limiter.go
app/admin/service/internal/data/membership_org_unit_repo.go
app/admin/service/internal/data/membership_org_unit_repo_sqlite_test.go
app/admin/service/internal/data/membership_position_repo.go
app/admin/service/internal/data/membership_position_repo_sqlite_test.go
app/admin/service/internal/data/membership_repo.go
app/admin/service/internal/data/membership_repo_sqlite_test.go
app/admin/service/internal/data/membership_role_repo.go
app/admin/service/internal/data/membership_role_repo_sqlite_test.go
app/admin/service/internal/data/menu_repo.go
app/admin/service/internal/data/menu_repo_sync_test.go
app/admin/service/internal/data/mfa_challenge_cache.go
app/admin/service/internal/data/notification_channel_repo.go
app/admin/service/internal/data/operation_audit_log_repo.go
app/admin/service/internal/data/operation_audit_log_repo_sqlite_test.go
app/admin/service/internal/data/org_unit_repo.go
app/admin/service/internal/data/org_unit_repo_sqlite_test.go
app/admin/service/internal/data/permission_api_repo.go
app/admin/service/internal/data/permission_api_repo_sqlite_test.go
app/admin/service/internal/data/permission_audit_log_repo.go
app/admin/service/internal/data/permission_audit_log_repo_sqlite_test.go
app/admin/service/internal/data/permission_group_repo.go
app/admin/service/internal/data/permission_menu_repo.go
app/admin/service/internal/data/permission_repo_sqlite_test.go
app/admin/service/internal/data/plan_module_repo.go
app/admin/service/internal/data/plan_module_repo_sqlite_test.go
app/admin/service/internal/data/plan_repo.go
app/admin/service/internal/data/plan_repo_sqlite_test.go
app/admin/service/internal/data/policy_evaluation_log_repo.go
app/admin/service/internal/data/policy_evaluation_log_repo_sqlite_test.go
app/admin/service/internal/data/position_repo.go
app/admin/service/internal/data/position_repo_sqlite_test.go
app/admin/service/internal/data/redis_cache_monitor_repo.go
app/admin/service/internal/data/repo_testkit5.go
app/admin/service/internal/data/role_field_permission_repo.go
app/admin/service/internal/data/role_metadata_repo.go
app/admin/service/internal/data/role_metadata_repo_sqlite_test.go
app/admin/service/internal/data/role_org_unit_repo.go
app/admin/service/internal/data/role_org_unit_repo_sqlite_test.go
app/admin/service/internal/data/role_permission_repo_sqlite_test.go
app/admin/service/internal/data/role_repo.go
app/admin/service/internal/data/role_repo_sqlite_test.go
app/admin/service/internal/data/server_monitor_repo.go
app/admin/service/internal/data/server_monitor_repo_sqlite_test.go
app/admin/service/internal/data/task_repo.go
app/admin/service/internal/data/tenant_usage_repo.go
app/admin/service/internal/data/tenant_usage_repo_sqlite_test.go
app/admin/service/internal/data/token_checker.go
app/admin/service/internal/data/user_credential_repo.go
app/admin/service/internal/data/user_credential_repo_sqlite_test.go
app/admin/service/internal/data/user_mfa_factor_repo.go
app/admin/service/internal/data/user_mfa_factor_repo_sqlite_test.go
app/admin/service/internal/data/user_org_unit_repo.go
app/admin/service/internal/data/user_org_unit_repo_sqlite_test.go
app/admin/service/internal/data/user_position_repo.go
app/admin/service/internal/data/user_position_repo_sqlite_test.go
app/admin/service/internal/data/user_repo.go
app/admin/service/internal/data/user_repo_sqlite_test.go
app/admin/service/internal/data/user_role_repo.go
app/admin/service/internal/data/user_role_repo_sqlite_test.go
app/admin/service/internal/data/permission_repo.go
app/admin/service/internal/data/role_permission_repo.go
app/admin/service/internal/data/row_lock.go
app/admin/service/internal/quotalab/simulator/control.go
app/admin/service/internal/quotalab/simulator/engine.go
app/admin/service/internal/server/policy_eval_logging_engine.go
app/admin/service/internal/server/policy_eval_logging_engine_guard_test.go
app/admin/service/internal/service/api_audit_log_service.go
app/admin/service/internal/service/authentication_data_scope.go
app/admin/service/internal/service/authentication_data_scope_sqlite_test.go
app/admin/service/internal/service/authentication_forgot_password.go
app/admin/service/internal/service/dashboard_service.go
app/admin/service/internal/service/data_access_audit_log_service.go
app/admin/service/internal/service/dict_entry_service.go
app/admin/service/internal/service/dict_type_service.go
app/admin/service/internal/service/internal_message_category_service.go
app/admin/service/internal/service/internal_message_recipient_service.go
app/admin/service/internal/service/internal_message_service.go
app/admin/service/internal/service/login_audit_log_service.go
app/admin/service/internal/service/login_policy_service.go
app/admin/service/internal/service/mfa_service.go
app/admin/service/internal/service/mfa_service_test.go
app/admin/service/internal/service/network_service.go
app/admin/service/internal/service/notification_channel_service.go
app/admin/service/internal/service/online_session_service.go
app/admin/service/internal/service/operation_audit_log_service.go
app/admin/service/internal/service/org_unit_service.go
app/admin/service/internal/service/permission_audit_log_service.go
app/admin/service/internal/service/plan_module_service.go
app/admin/service/internal/service/plan_quota_service.go
app/admin/service/internal/service/plan_service.go
app/admin/service/internal/service/policy_evaluation_log_service.go
app/admin/service/internal/service/position_service.go
app/admin/service/internal/service/quota_admin_service.go
app/admin/service/internal/service/redis_cache_monitor_service.go
app/admin/service/internal/service/server_monitor_service.go
app/admin/service/internal/service/task_service.go
app/admin/service/internal/service/task_service_sqlite_test.go
app/admin/service/internal/service/user_field_permission.go
app/admin/service/internal/service/user_field_permission_sqlite_test.go
app/admin/service/internal/service/user_profile_contact.go
app/admin/service/internal/service/user_profile_service.go
app/admin/service/internal/service/user_profile_service_sqlite_test.go
app/admin/service/cmd/quota-gpu-simulator/main.go
app/admin/service/cmd/server/wiring_quota_default.go
app/admin/service/cmd/server/wiring_quota_lab.go
pkg/audit/event_edge_test.go
pkg/audit/sqlmask.go
pkg/audit/tablename_test.go
pkg/authorizer/authorizer_test.go
pkg/crypto/aes_gcm.go
pkg/crypto/hmac_test.go
pkg/crypto/payload_must_test.go
pkg/crypto/payload_test.go
pkg/entgo/viewer/user_viewer_extra_test.go
pkg/fieldperm/mask_test.go
pkg/jwt/user_token_payload.go
pkg/jwt/user_token_payload_extras_test.go
pkg/mailer/smtp_test.go
pkg/middleware/auth/auth_test.go
pkg/middleware/ent/ent_test.go
pkg/middleware/logging/api_audit_log_test.go
pkg/middleware/logging/data_access_audit_log_test.go
pkg/middleware/logging/logging_server_test.go
pkg/middleware/logging/login_audit_log_test.go
pkg/middleware/logging/operation_audit_log_test.go
pkg/middleware/logging/options.go
pkg/middleware/logging/permission_audit_log_handle_test.go
pkg/middleware/logging/utils_extra_test.go
pkg/netutil/client_ip_extra_test.go
pkg/netutil/context_transport_test.go
pkg/netutil/ssrf_extra_test.go
pkg/password/policy_test.go
pkg/utils/converter/api_edge_test.go
pkg/utils/converter/menu_edge_test.go
