  current_user   | rolsuper | rolbypassrls | rolcreatedb | rolcreaterole 
-----------------+----------+--------------+-------------+---------------
 gov_acc_runtime | f        | f            | f           | f
(1 row)

 can_create | can_temp | can_schema_create 
------------+----------+-------------------
 f          | f        | f
(1 row)

           relname           | relrowsecurity | relforcerowsecurity | is_owner | policies 
-----------------------------+----------------+---------------------+----------+----------
 files                       | f              | f                   | f        |        0
 internal_message_categories | f              | f                   | f        |        0
 internal_message_recipients | f              | f                   | f        |        0
 internal_messages           | f              | f                   | f        |        0
 sys_access_keys             | f              | f                   | f        |        0
 sys_api_audit_logs          | f              | f                   | f        |        0
 sys_apis                    | f              | f                   | f        |        0
 sys_configs                 | f              | f                   | f        |        0
 sys_data_access_audit_logs  | f              | f                   | f        |        0
 sys_dict_entries            | f              | f                   | f        |        0
 sys_dict_entry_i18n         | f              | f                   | f        |        0
 sys_dict_types              | f              | f                   | f        |        0
 sys_gpu_delete_acceptances  | f              | f                   | f        |        0
 sys_gpu_usage_sync          | f              | f                   | f        |        0
 sys_languages               | f              | f                   | f        |        0
 sys_login_audit_logs        | f              | f                   | f        |        0
 sys_login_policies          | f              | f                   | f        |        0
 sys_membership_org_units    | f              | f                   | f        |        0
 sys_membership_positions    | f              | f                   | f        |        0
 sys_membership_roles        | f              | f                   | f        |        0
 sys_memberships             | f              | f                   | f        |        0
 sys_menus                   | f              | f                   | f        |        0
 sys_notification_channels   | f              | f                   | f        |        0
 sys_operation_audit_logs    | f              | f                   | f        |        0
 sys_org_units               | f              | f                   | f        |        0
 sys_permission_apis         | f              | f                   | f        |        0
 sys_permission_audit_logs   | f              | f                   | f        |        0
 sys_permission_groups       | f              | f                   | f        |        0
 sys_permission_menus        | f              | f                   | f        |        0
 sys_permission_policies     | f              | f                   | f        |        0
 sys_permissions             | f              | f                   | f        |        0
 sys_plan_modules            | f              | f                   | f        |        0
 sys_plan_quotas             | f              | f                   | f        |        0
 sys_plans                   | f              | f                   | f        |        0
 sys_policy_evaluation_logs  | f              | f                   | f        |        0
 sys_positions               | f              | f                   | f        |        0
 sys_quota_accounts          | f              | f                   | f        |        0
 sys_quota_charges           | f              | f                   | f        |        0
 sys_quota_definitions       | f              | f                   | f        |        0
 sys_quota_operations        | f              | f                   | f        |        0
 sys_quota_release_receipts  | f              | f                   | f        |        0
 sys_role_field_permissions  | f              | f                   | f        |        0
 sys_role_metadata           | f              | f                   | f        |        0
 sys_role_org_units          | f              | f                   | f        |        0
 sys_role_permissions        | f              | f                   | f        |        0
 sys_roles                   | f              | f                   | f        |        0
 sys_tasks                   | f              | f                   | f        |        0
 sys_tenants                 | f              | f                   | f        |        0
 sys_user_credentials        | f              | f                   | f        |        0
 sys_user_mfa_factors        | f              | f                   | f        |        0
 sys_user_org_units          | f              | f                   | f        |        0
 sys_user_positions          | f              | f                   | f        |        0
 sys_user_roles              | f              | f                   | f        |        0
 sys_users                   | f              | f                   | f        |        0
(54 rows)

         table_name         | column_name | is_nullable 
----------------------------+-------------+-------------
 sys_gpu_delete_acceptances | tenant_id   | NO
 sys_gpu_usage_sync         | tenant_id   | NO
 sys_quota_accounts         | tenant_id   | NO
 sys_quota_charges          | tenant_id   | NO
 sys_quota_operations       | tenant_id   | NO
 sys_quota_release_receipts | tenant_id   | NO
(6 rows)

