bash scripts/verify-quota-schema.sh
go: downloading github.com/spf13/cobra v1.7.0
go: downloading golang.org/x/tools v0.30.0
go: downloading github.com/olekukonko/tablewriter v1.1.3
go: downloading ariga.io/atlas v0.36.2-0.20250730182955-2c6300d0a3e1
go: downloading github.com/go-openapi/inflect v0.19.0
go: downloading golang.org/x/sync v0.11.0
go: downloading github.com/spf13/pflag v1.0.5
go: downloading github.com/mattn/go-runewidth v0.0.19
go: downloading github.com/olekukonko/errors v1.1.0
go: downloading github.com/olekukonko/ll v0.1.4-0.20260115111900-9e59c2286df0
go: downloading github.com/zclconf/go-cty v1.14.4
go: downloading github.com/hashicorp/hcl/v2 v2.18.1
go: downloading github.com/google/uuid v1.3.0
go: downloading github.com/clipperhouse/uax29/v2 v2.3.0
go: downloading github.com/clipperhouse/displaywidth v0.6.2
go: downloading golang.org/x/mod v0.24.0
go: downloading github.com/zclconf/go-cty-yaml v1.1.0
go: downloading github.com/clipperhouse/stringish v0.1.1
go: downloading github.com/mattn/go-colorable v0.1.14
go: downloading github.com/google/go-cmp v0.6.0
go: downloading golang.org/x/text v0.21.0
go: downloading golang.org/x/sys v0.30.0
python3 scripts/check-quota-ent.py
quota Ent boundary: pass
