.github/workflows/gpu-quota.yml: 成功
Makefile: 成功
app/admin/service/internal/data/ent_client.go: 成功
app/admin/service/internal/data/plan_quota_list.go: 成功
app/admin/service/internal/data/plan_quota_repo.go: 成功
app/admin/service/internal/data/quota_admin_repo.go: 成功
app/admin/service/internal/data/quota_ent.go: 成功
app/admin/service/internal/data/quota_ent_pg_test.go: 成功
app/admin/service/internal/data/quota_gpu_negative_pg_test.go: 成功
app/admin/service/internal/data/quota_gpu_pg_test.go: 成功
app/admin/service/internal/data/quota_gpu_sync_repo.go: 成功
app/admin/service/internal/data/quota_ledger_repo.go: 成功
app/admin/service/internal/data/quota_process_pg_test.go: 成功
app/admin/service/internal/data/quota_sync_lease_pg_test.go: 成功
app/admin/service/internal/data/row_lock.go: 成功
app/admin/service/internal/data/testdata/quota/claim_waiting_on_tenant.sql: 成功
app/admin/service/schema.sql: 成功
go.mod: 成功
go.sum: 成功
migrations/atlas.sum: 成功
scripts/check-quota-ent.py: 成功
scripts/gpu-format-files.txt: 成功
