?   	go-wind-admin/app/admin/service/cmd/admin	[no test files]
?   	go-wind-admin/app/admin/service/cmd/schema	[no test files]
?   	go-wind-admin/app/admin/service/cmd/server	[no test files]
?   	go-wind-admin/app/admin/service/cmd/server/assets	[no test files]
ok  	go-wind-admin/app/admin/service/internal/data	0.049s [no tests to run]
ok  	go-wind-admin/app/admin/service/internal/data/ent	0.017s [no tests to run]
?   	go-wind-admin/app/admin/service/internal/data/ent/accesskey	[no test files]
?   	go-wind-admin/app/admin/service/internal/data/ent/api	[no test files]
?   	go-wind-admin/app/admin/service/internal/data/ent/apiauditlog	[no test files]
?   	go-wind-admin/app/admin/service/internal/data/ent/dataaccessauditlog	[no test files]
?   	go-wind-admin/app/admin/service/internal/data/ent/dictentry	[no test files]
?   	go-wind-admin/app/admin/service/internal/data/ent/dictentryi18n	[no test files]
?   	go-wind-admin/app/admin/service/internal/data/ent/dicttype	[no test files]
?   	go-wind-admin/app/admin/service/internal/data/ent/enttest	[no test files]
?   	go-wind-admin/app/admin/service/internal/data/ent/gpudeleteacceptance	[no test files]
?   	go-wind-admin/app/admin/service/internal/data/ent/gpuusagesync	[no test files]
?   	go-wind-admin/app/admin/service/internal/data/ent/hook	[no test files]
?   	go-wind-admin/app/admin/service/internal/data/ent/internalmessage	[no test files]
?   	go-wind-admin/app/admin/service/internal/data/ent/internalmessagecategory	[no test files]
?   	go-wind-admin/app/admin/service/internal/data/ent/internalmessagerecipient	[no test files]
?   	go-wind-admin/app/admin/service/internal/data/ent/language	[no test files]
?   	go-wind-admin/app/admin/service/internal/data/ent/loginauditlog	[no test files]
?   	go-wind-admin/app/admin/service/internal/data/ent/loginpolicy	[no test files]
?   	go-wind-admin/app/admin/service/internal/data/ent/membership	[no test files]
?   	go-wind-admin/app/admin/service/internal/data/ent/membershiporgunit	[no test files]
?   	go-wind-admin/app/admin/service/internal/data/ent/membershipposition	[no test files]
?   	go-wind-admin/app/admin/service/internal/data/ent/membershiprole	[no test files]
?   	go-wind-admin/app/admin/service/internal/data/ent/menu	[no test files]
?   	go-wind-admin/app/admin/service/internal/data/ent/migrate	[no test files]
?   	go-wind-admin/app/admin/service/internal/data/ent/notificationchannel	[no test files]
?   	go-wind-admin/app/admin/service/internal/data/ent/operationauditlog	[no test files]
?   	go-wind-admin/app/admin/service/internal/data/ent/orgunit	[no test files]
?   	go-wind-admin/app/admin/service/internal/data/ent/permission	[no test files]
?   	go-wind-admin/app/admin/service/internal/data/ent/permissionapi	[no test files]
?   	go-wind-admin/app/admin/service/internal/data/ent/permissionauditlog	[no test files]
?   	go-wind-admin/app/admin/service/internal/data/ent/permissiongroup	[no test files]
?   	go-wind-admin/app/admin/service/internal/data/ent/permissionmenu	[no test files]
?   	go-wind-admin/app/admin/service/internal/data/ent/permissionpolicy	[no test files]
?   	go-wind-admin/app/admin/service/internal/data/ent/plan	[no test files]
?   	go-wind-admin/app/admin/service/internal/data/ent/planmodule	[no test files]
?   	go-wind-admin/app/admin/service/internal/data/ent/planquota	[no test files]
?   	go-wind-admin/app/admin/service/internal/data/ent/policyevaluationlog	[no test files]
?   	go-wind-admin/app/admin/service/internal/data/ent/position	[no test files]
?   	go-wind-admin/app/admin/service/internal/data/ent/predicate	[no test files]
?   	go-wind-admin/app/admin/service/internal/data/ent/privacy	[no test files]
?   	go-wind-admin/app/admin/service/internal/data/ent/quotaaccount	[no test files]
?   	go-wind-admin/app/admin/service/internal/data/ent/quotacharge	[no test files]
?   	go-wind-admin/app/admin/service/internal/data/ent/quotadefinition	[no test files]
?   	go-wind-admin/app/admin/service/internal/data/ent/quotaoperation	[no test files]
?   	go-wind-admin/app/admin/service/internal/data/ent/quotareleasereceipt	[no test files]
?   	go-wind-admin/app/admin/service/internal/data/ent/role	[no test files]
?   	go-wind-admin/app/admin/service/internal/data/ent/rolefieldpermission	[no test files]
?   	go-wind-admin/app/admin/service/internal/data/ent/rolemetadata	[no test files]
?   	go-wind-admin/app/admin/service/internal/data/ent/roleorgunit	[no test files]
?   	go-wind-admin/app/admin/service/internal/data/ent/rolepermission	[no test files]
?   	go-wind-admin/app/admin/service/internal/data/ent/runtime	[no test files]
?   	go-wind-admin/app/admin/service/internal/data/ent/schema	[no test files]
?   	go-wind-admin/app/admin/service/internal/data/ent/sysconfig	[no test files]
?   	go-wind-admin/app/admin/service/internal/data/ent/task	[no test files]
?   	go-wind-admin/app/admin/service/internal/data/ent/tenant	[no test files]
?   	go-wind-admin/app/admin/service/internal/data/ent/user	[no test files]
?   	go-wind-admin/app/admin/service/internal/data/ent/usercredential	[no test files]
?   	go-wind-admin/app/admin/service/internal/data/ent/usermfafactor	[no test files]
?   	go-wind-admin/app/admin/service/internal/data/ent/userorgunit	[no test files]
?   	go-wind-admin/app/admin/service/internal/data/ent/userposition	[no test files]
?   	go-wind-admin/app/admin/service/internal/data/ent/userrole	[no test files]
?   	go-wind-admin/app/admin/service/internal/data/enttest	[no test files]
ok  	go-wind-admin/app/admin/service/internal/server	0.569s [no tests to run]
ok  	go-wind-admin/app/admin/service/internal/service	0.044s [no tests to run]
ok  	go-wind-admin/app/admin/service/tests/gpucontract	0.545s [no tests to run]
ok  	go-wind-admin/pkg/audit	0.008s [no tests to run]
ok  	go-wind-admin/pkg/authorizer	0.009s [no tests to run]
ok  	go-wind-admin/pkg/constants	0.008s [no tests to run]
ok  	go-wind-admin/pkg/crypto	0.003s [no tests to run]
ok  	go-wind-admin/pkg/entgo/viewer	0.009s [no tests to run]
ok  	go-wind-admin/pkg/fieldperm	0.006s [no tests to run]
ok  	go-wind-admin/pkg/jwt	0.008s [no tests to run]
?   	go-wind-admin/pkg/localdeps/go-crud/api/gen/go/pagination/v1	[no test files]
?   	go-wind-admin/pkg/localdeps/go-crud/audit	[no test files]
ok  	go-wind-admin/pkg/localdeps/go-crud/cache	0.003s [no tests to run]
ok  	go-wind-admin/pkg/localdeps/go-crud/entgo	0.009s [no tests to run]
?   	go-wind-admin/pkg/localdeps/go-crud/entgo/ent	[no test files]
?   	go-wind-admin/pkg/localdeps/go-crud/entgo/ent/enttest	[no test files]
?   	go-wind-admin/pkg/localdeps/go-crud/entgo/ent/hook	[no test files]
?   	go-wind-admin/pkg/localdeps/go-crud/entgo/ent/menu	[no test files]
?   	go-wind-admin/pkg/localdeps/go-crud/entgo/ent/migrate	[no test files]
?   	go-wind-admin/pkg/localdeps/go-crud/entgo/ent/predicate	[no test files]
?   	go-wind-admin/pkg/localdeps/go-crud/entgo/ent/privacy	[no test files]
?   	go-wind-admin/pkg/localdeps/go-crud/entgo/ent/runtime	[no test files]
?   	go-wind-admin/pkg/localdeps/go-crud/entgo/ent/schema	[no test files]
?   	go-wind-admin/pkg/localdeps/go-crud/entgo/ent/user	[no test files]
ok  	go-wind-admin/pkg/localdeps/go-crud/entgo/field	0.008s [no tests to run]
ok  	go-wind-admin/pkg/localdeps/go-crud/entgo/filter	0.008s [no tests to run]
?   	go-wind-admin/pkg/localdeps/go-crud/entgo/interceptor	[no test files]
ok  	go-wind-admin/pkg/localdeps/go-crud/entgo/mixin	0.004s [no tests to run]
ok  	go-wind-admin/pkg/localdeps/go-crud/entgo/pagination	0.008s [no tests to run]
ok  	go-wind-admin/pkg/localdeps/go-crud/entgo/rule	0.010s [no tests to run]
ok  	go-wind-admin/pkg/localdeps/go-crud/entgo/sorting	0.008s [no tests to run]
ok  	go-wind-admin/pkg/localdeps/go-crud/entgo/update	0.005s [no tests to run]
ok  	go-wind-admin/pkg/localdeps/go-crud/pagination	0.006s [no tests to run]
ok  	go-wind-admin/pkg/localdeps/go-crud/pagination/filter	0.007s [no tests to run]
ok  	go-wind-admin/pkg/localdeps/go-crud/pagination/paginator	0.006s [no tests to run]
ok  	go-wind-admin/pkg/localdeps/go-crud/pagination/sorting	0.006s [no tests to run]
?   	go-wind-admin/pkg/localdeps/go-crud/viewer	[no test files]
ok  	go-wind-admin/pkg/localdeps/go-utils/aggregator	0.002s [no tests to run]
ok  	go-wind-admin/pkg/localdeps/go-utils/captcha	0.011s [no tests to run]
ok  	go-wind-admin/pkg/localdeps/go-utils/copierutil	0.005s [no tests to run]
ok  	go-wind-admin/pkg/localdeps/go-utils/crypto	0.007s [no tests to run]
ok  	go-wind-admin/pkg/localdeps/go-utils/fieldmaskutil	0.003s [no tests to run]
ok  	go-wind-admin/pkg/localdeps/go-utils/jwtutil	0.005s [no tests to run]
ok  	go-wind-admin/pkg/localdeps/go-utils/mapper	0.005s [no tests to run]
ok  	go-wind-admin/pkg/localdeps/go-utils/password	0.004s [no tests to run]
ok  	go-wind-admin/pkg/localdeps/go-utils/sliceutil	0.004s [no tests to run]
ok  	go-wind-admin/pkg/localdeps/go-utils/stringcase	0.004s [no tests to run]
ok  	go-wind-admin/pkg/localdeps/go-utils/trans	0.004s [no tests to run]
ok  	go-wind-admin/pkg/localdeps/go-wind/log	0.002s [no tests to run]
ok  	go-wind-admin/pkg/localdeps/go-wind-plugins/encoding	0.003s [no tests to run]
ok  	go-wind-admin/pkg/localdeps/go-wind-plugins/encoding/json	0.003s [no tests to run]
ok  	go-wind-admin/pkg/localdeps/kratos-authn/engine	0.005s [no tests to run]
ok  	go-wind-admin/pkg/localdeps/kratos-authn/engine/jwt	0.005s [no tests to run]
?   	go-wind-admin/pkg/localdeps/kratos-authz/engine	[no test files]
ok  	go-wind-admin/pkg/localdeps/kratos-authz/engine/casbin	0.008s [no tests to run]
?   	go-wind-admin/pkg/localdeps/kratos-authz/engine/casbin/assets	[no test files]
?   	go-wind-admin/pkg/localdeps/kratos-authz/engine/noop	[no test files]
ok  	go-wind-admin/pkg/localdeps/kratos-authz/middleware	0.006s [no tests to run]
?   	go-wind-admin/pkg/localdeps/kratos-bootstrap/database/ent	[no test files]
ok  	go-wind-admin/pkg/mailer	0.004s [no tests to run]
ok  	go-wind-admin/pkg/metadata	0.011s [no tests to run]
ok  	go-wind-admin/pkg/middleware/auth	0.008s [no tests to run]
ok  	go-wind-admin/pkg/middleware/ent	0.007s [no tests to run]
ok  	go-wind-admin/pkg/middleware/logging	0.012s [no tests to run]
ok  	go-wind-admin/pkg/middleware/requestid	0.005s [no tests to run]
ok  	go-wind-admin/pkg/netutil	0.005s [no tests to run]
ok  	go-wind-admin/pkg/password	0.003s [no tests to run]
ok  	go-wind-admin/pkg/serviceid	0.004s [no tests to run]
?   	go-wind-admin/pkg/task	[no test files]
ok  	go-wind-admin/pkg/utils	0.004s [no tests to run]
ok  	go-wind-admin/pkg/utils/converter	0.008s [no tests to run]
?   	go-wind-admin/tools/migration	[no test files]
?   	go-wind-admin/tools/register	[no test files]
