path="pagination/v1/pagination.proto" proto_package="pagination" syntax="proto3" services=0 extensions=0
counts messages=12 fields=51 enums=4 enumValues=49
imports [gnostic/openapi/v3/annotations.proto public=false weak=false google/protobuf/any.proto public=false weak=false google/protobuf/field_mask.proto public=false weak=false google/protobuf/struct.proto public=false weak=false google/protobuf/wrappers.proto public=false weak=false]
source_code_info_registered=false
name=pagination/v1/pagination.proto
package=pagination
dependency[0]=google/protobuf/field_mask.proto
dependency[1]=google/protobuf/wrappers.proto
dependency[2]=google/protobuf/any.proto
dependency[3]=google/protobuf/struct.proto
dependency[4]=gnostic/openapi/v3/annotations.proto
message_type[0].name=Sorting
message_type[0].field[0].name=field
message_type[0].field[0].number=1
message_type[0].field[0].label=enum(1)
message_type[0].field[0].type=enum(9)
message_type[0].field[0].json_name=field
message_type[0].field[1].name=direction
message_type[0].field[1].number=2
message_type[0].field[1].label=enum(1)
message_type[0].field[1].type=enum(14)
message_type[0].field[1].type_name=.pagination.Sorting.Direction
message_type[0].field[1].json_name=direction
message_type[0].enum_type[0].name=Direction
message_type[0].enum_type[0].value[0].name=ASC
message_type[0].enum_type[0].value[0].number=0
message_type[0].enum_type[0].value[1].name=DESC
message_type[0].enum_type[0].value[1].number=1
message_type[1].name=FilterCondition
message_type[1].field[0].name=field
message_type[1].field[0].number=1
message_type[1].field[0].label=enum(1)
message_type[1].field[0].type=enum(9)
message_type[1].field[0].json_name=field
message_type[1].field[1].name=op
message_type[1].field[1].number=2
message_type[1].field[1].label=enum(1)
message_type[1].field[1].type=enum(14)
message_type[1].field[1].type_name=.pagination.Operator
message_type[1].field[1].json_name=op
message_type[1].field[2].name=value
message_type[1].field[2].number=3
message_type[1].field[2].label=enum(1)
message_type[1].field[2].type=enum(9)
message_type[1].field[2].oneof_index=0
message_type[1].field[2].json_name=value
message_type[1].field[3].name=json_value
message_type[1].field[3].number=7
message_type[1].field[3].label=enum(1)
message_type[1].field[3].type=enum(11)
message_type[1].field[3].type_name=.google.protobuf.Value
message_type[1].field[3].oneof_index=0
message_type[1].field[3].json_name=jsonValue
message_type[1].field[4].name=values
message_type[1].field[4].number=4
message_type[1].field[4].label=enum(3)
message_type[1].field[4].type=enum(9)
message_type[1].field[4].json_name=values
message_type[1].field[5].name=date_part
message_type[1].field[5].number=5
message_type[1].field[5].label=enum(1)
message_type[1].field[5].type=enum(14)
message_type[1].field[5].type_name=.pagination.DatePart
message_type[1].field[5].oneof_index=1
message_type[1].field[5].json_name=datePart
message_type[1].field[5].proto3_optional=true
message_type[1].field[6].name=json_path
message_type[1].field[6].number=6
message_type[1].field[6].label=enum(1)
message_type[1].field[6].type=enum(9)
message_type[1].field[6].oneof_index=2
message_type[1].field[6].json_name=jsonPath
message_type[1].field[6].proto3_optional=true
message_type[1].oneof_decl[0].name=value_oneof
message_type[1].oneof_decl[1].name=_date_part
message_type[1].oneof_decl[2].name=_json_path
message_type[2].name=FilterExpr
message_type[2].field[0].name=type
message_type[2].field[0].number=1
message_type[2].field[0].label=enum(1)
message_type[2].field[0].type=enum(14)
message_type[2].field[0].type_name=.pagination.ExprType
message_type[2].field[0].json_name=type
message_type[2].field[1].name=conditions
message_type[2].field[1].number=2
message_type[2].field[1].label=enum(3)
message_type[2].field[1].type=enum(11)
message_type[2].field[1].type_name=.pagination.FilterCondition
message_type[2].field[1].json_name=conditions
message_type[2].field[2].name=groups
message_type[2].field[2].number=3
message_type[2].field[2].label=enum(3)
message_type[2].field[2].type=enum(11)
message_type[2].field[2].type_name=.pagination.FilterExpr
message_type[2].field[2].json_name=groups
message_type[3].name=PageBasedPagination
message_type[3].field[0].name=page
message_type[3].field[0].number=1
message_type[3].field[0].label=enum(1)
message_type[3].field[0].type=enum(13)
message_type[3].field[0].options.property.default.number=1
message_type[3].field[0].options.property.description=当前页码（从1开始，默认1）
message_type[3].field[0].json_name=page
message_type[3].field[1].name=page_size
message_type[3].field[1].number=2
message_type[3].field[1].label=enum(1)
message_type[3].field[1].type=enum(13)
message_type[3].field[1].options.property.default.number=10
message_type[3].field[1].options.property.description=每一页的行数
message_type[3].field[1].json_name=pageSize
message_type[4].name=OffsetBasedPagination
message_type[4].field[0].name=offset
message_type[4].field[0].number=1
message_type[4].field[0].label=enum(1)
message_type[4].field[0].type=enum(4)
message_type[4].field[0].options.property.default.number=0
message_type[4].field[0].options.property.description=跳过的记录数（从0开始，默认0）
message_type[4].field[0].json_name=offset
message_type[4].field[1].name=limit
message_type[4].field[1].number=2
message_type[4].field[1].label=enum(1)
message_type[4].field[1].type=enum(13)
message_type[4].field[1].options.property.default.number=10
message_type[4].field[1].options.property.description=最多返回的记录数（默认10，建议设置上限如100）
message_type[4].field[1].json_name=limit
message_type[5].name=TokenBasedPagination
message_type[5].field[0].name=token
message_type[5].field[0].number=1
message_type[5].field[0].label=enum(1)
message_type[5].field[0].type=enum(9)
message_type[5].field[0].options.property.description=上一页最后一条记录的游标（如ID/时间戳+ID，首次请求为空）
message_type[5].field[0].json_name=token
message_type[5].field[1].name=page_size
message_type[5].field[1].number=2
message_type[5].field[1].label=enum(1)
message_type[5].field[1].type=enum(13)
message_type[5].field[1].options.property.default.number=10
message_type[5].field[1].options.property.description=每页条数（默认10，建议设置上限如100）
message_type[5].field[1].json_name=pageSize
message_type[6].name=NoPaging
message_type[7].name=PagingRequest
message_type[7].field[0].name=page
message_type[7].field[0].number=1
message_type[7].field[0].label=enum(1)
message_type[7].field[0].type=enum(13)
message_type[7].field[0].options.property.default.number=1
message_type[7].field[0].options.property.description=当前页码（从1开始，默认1）
message_type[7].field[0].oneof_index=1
message_type[7].field[0].json_name=page
message_type[7].field[0].proto3_optional=true
message_type[7].field[1].name=page_size
message_type[7].field[1].number=2
message_type[7].field[1].label=enum(1)
message_type[7].field[1].type=enum(13)
message_type[7].field[1].options.property.default.number=10
message_type[7].field[1].options.property.description=每页条数（默认10，建议设置上限如100）
message_type[7].field[1].oneof_index=2
message_type[7].field[1].json_name=pageSize
message_type[7].field[1].proto3_optional=true
message_type[7].field[2].name=offset
message_type[7].field[2].number=3
message_type[7].field[2].label=enum(1)
message_type[7].field[2].type=enum(4)
message_type[7].field[2].options.property.default.number=0
message_type[7].field[2].options.property.description=跳过的记录数（从0开始，默认0）
message_type[7].field[2].oneof_index=3
message_type[7].field[2].json_name=offset
message_type[7].field[2].proto3_optional=true
message_type[7].field[3].name=limit
message_type[7].field[3].number=4
message_type[7].field[3].label=enum(1)
message_type[7].field[3].type=enum(13)
message_type[7].field[3].options.property.default.number=10
message_type[7].field[3].options.property.description=最多返回的记录数（默认10，建议设置上限如100）
message_type[7].field[3].oneof_index=4
message_type[7].field[3].json_name=limit
message_type[7].field[3].proto3_optional=true
message_type[7].field[4].name=token
message_type[7].field[4].number=5
message_type[7].field[4].label=enum(1)
message_type[7].field[4].type=enum(9)
message_type[7].field[4].options.property.description=上一页最后一条记录的游标（如ID/时间戳+ID，首次请求为空）
message_type[7].field[4].oneof_index=5
message_type[7].field[4].json_name=token
message_type[7].field[4].proto3_optional=true
message_type[7].field[5].name=no_paging
message_type[7].field[5].number=6
message_type[7].field[5].label=enum(1)
message_type[7].field[5].type=enum(8)
message_type[7].field[5].options.property.description=是否不分页，如果为true，则page和pageSize参数无效。
message_type[7].field[5].oneof_index=6
message_type[7].field[5].json_name=noPaging
message_type[7].field[5].proto3_optional=true
message_type[7].field[6].name=query
message_type[7].field[6].number=10
message_type[7].field[6].label=enum(1)
message_type[7].field[6].type=enum(9)
message_type[7].field[6].options.property.example.yaml={"field1":"val1", "field2___icontains":"val2"}
message_type[7].field[6].options.property.description=JSON字符串过滤条件，基础语法：{"key1":"val1","key2":"val2"}，具体请参见：https://github.com/tx7do/go-crud/tree/main/pagination/filter/README.md
message_type[7].field[6].oneof_index=0
message_type[7].field[6].json_name=query
message_type[7].field[7].name=filter
message_type[7].field[7].number=11
message_type[7].field[7].label=enum(1)
message_type[7].field[7].type=enum(9)
message_type[7].field[7].options.property.description=Google AIP规范字符串过滤条件。
message_type[7].field[7].oneof_index=0
message_type[7].field[7].json_name=filter
message_type[7].field[8].name=filter_expr
message_type[7].field[8].number=12
message_type[7].field[8].label=enum(1)
message_type[7].field[8].type=enum(11)
message_type[7].field[8].type_name=.pagination.FilterExpr
message_type[7].field[8].options.property.description=复杂过滤表达式，优先于已弃用的 query/or_query。服务端应以此为准并执行严格校验与参数化。
message_type[7].field[8].oneof_index=0
message_type[7].field[8].json_name=filterExpr
message_type[7].field[9].name=order_by
message_type[7].field[9].number=20
message_type[7].field[9].label=enum(1)
message_type[7].field[9].type=enum(9)
message_type[7].field[9].options.property.example.yaml={"val1", "-val2"}
message_type[7].field[9].options.property.description=排序条件
message_type[7].field[9].oneof_index=7
message_type[7].field[9].json_name=orderBy
message_type[7].field[9].proto3_optional=true
message_type[7].field[10].name=sorting
message_type[7].field[10].number=21
message_type[7].field[10].label=enum(3)
message_type[7].field[10].type=enum(11)
message_type[7].field[10].type_name=.pagination.Sorting
message_type[7].field[10].options.property.description=排序规则
message_type[7].field[10].json_name=sorting
message_type[7].field[11].name=field_mask
message_type[7].field[11].number=30
message_type[7].field[11].label=enum(1)
message_type[7].field[11].type=enum(11)
message_type[7].field[11].type_name=.google.protobuf.FieldMask
message_type[7].field[11].options.property.example.yaml=id,realName,userName
message_type[7].field[11].options.property.description=字段掩码，其作用为SELECT中的字段，其语法为使用逗号分隔字段名，例如：id,realName,userName。如果为空则选中所有字段，即SELECT *。
message_type[7].field[11].oneof_index=8
message_type[7].field[11].json_name=fieldMask
message_type[7].field[11].proto3_optional=true
message_type[7].oneof_decl[0].name=filtering_type
message_type[7].oneof_decl[1].name=_page
message_type[7].oneof_decl[2].name=_page_size
message_type[7].oneof_decl[3].name=_offset
message_type[7].oneof_decl[4].name=_limit
message_type[7].oneof_decl[5].name=_token
message_type[7].oneof_decl[6].name=_no_paging
message_type[7].oneof_decl[7].name=_order_by
message_type[7].oneof_decl[8].name=_field_mask
message_type[8].name=PaginationResponseMeta
message_type[8].field[0].name=total
message_type[8].field[0].number=1
message_type[8].field[0].label=enum(1)
message_type[8].field[0].type=enum(11)
message_type[8].field[0].type_name=.google.protobuf.UInt64Value
message_type[8].field[0].options.property.description=总记录数（仅Page/Offset分页有效，Token分页通常不返回总数）
message_type[8].field[0].oneof_index=0
message_type[8].field[0].json_name=total
message_type[8].field[0].proto3_optional=true
message_type[8].field[1].name=total_pages
message_type[8].field[1].number=2
message_type[8].field[1].label=enum(1)
message_type[8].field[1].type=enum(11)
message_type[8].field[1].type_name=.google.protobuf.UInt32Value
message_type[8].field[1].options.property.description=总页数（仅Page分页有效）
message_type[8].field[1].oneof_index=1
message_type[8].field[1].json_name=totalPages
message_type[8].field[1].proto3_optional=true
message_type[8].field[2].name=current_page
message_type[8].field[2].number=3
message_type[8].field[2].label=enum(1)
message_type[8].field[2].type=enum(11)
message_type[8].field[2].type_name=.google.protobuf.UInt32Value
message_type[8].field[2].options.property.description=当前页码（仅Page分页有效）
message_type[8].field[2].oneof_index=2
message_type[8].field[2].json_name=currentPage
message_type[8].field[2].proto3_optional=true
message_type[8].field[3].name=current_offset
message_type[8].field[3].number=4
message_type[8].field[3].label=enum(1)
message_type[8].field[3].type=enum(11)
message_type[8].field[3].type_name=.google.protobuf.UInt64Value
message_type[8].field[3].options.property.description=当前偏移量（仅Offset分页有效）
message_type[8].field[3].oneof_index=3
message_type[8].field[3].json_name=currentOffset
message_type[8].field[3].proto3_optional=true
message_type[8].field[4].name=next_token
message_type[8].field[4].number=5
message_type[8].field[4].label=enum(1)
message_type[8].field[4].type=enum(9)
message_type[8].field[4].options.property.description=下一页令牌（仅Token分页有效，无更多数据时为空）
message_type[8].field[4].oneof_index=4
message_type[8].field[4].json_name=next_token
message_type[8].field[4].proto3_optional=true
message_type[8].field[5].name=page_size
message_type[8].field[5].number=6
message_type[8].field[5].label=enum(1)
message_type[8].field[5].type=enum(13)
message_type[8].field[5].options.property.description=每页实际条数
message_type[8].field[5].oneof_index=5
message_type[8].field[5].json_name=pageSize
message_type[8].field[5].proto3_optional=true
message_type[8].field[6].name=current_size
message_type[8].field[6].number=7
message_type[8].field[6].label=enum(1)
message_type[8].field[6].type=enum(13)
message_type[8].field[6].options.property.description=当前页实际返回条数
message_type[8].field[6].oneof_index=6
message_type[8].field[6].json_name=currentSize
message_type[8].field[6].proto3_optional=true
message_type[8].oneof_decl[0].name=_total
message_type[8].oneof_decl[1].name=_total_pages
message_type[8].oneof_decl[2].name=_current_page
message_type[8].oneof_decl[3].name=_current_offset
message_type[8].oneof_decl[4].name=_next_token
message_type[8].oneof_decl[5].name=_page_size
message_type[8].oneof_decl[6].name=_current_size
message_type[9].name=PagingResponse
message_type[9].field[0].name=total
message_type[9].field[0].number=1
message_type[9].field[0].label=enum(1)
message_type[9].field[0].type=enum(11)
message_type[9].field[0].type_name=.google.protobuf.UInt64Value
message_type[9].field[0].options.property.description=总记录数（仅Page/Offset分页有效，Token分页通常不返回总数）
message_type[9].field[0].oneof_index=0
message_type[9].field[0].json_name=total
message_type[9].field[0].proto3_optional=true
message_type[9].field[1].name=items
message_type[9].field[1].number=2
message_type[9].field[1].label=enum(3)
message_type[9].field[1].type=enum(12)
message_type[9].field[1].json_name=items
message_type[9].oneof_decl[0].name=_total
message_type[10].name=PaginationRequest
message_type[10].field[0].name=page_based
message_type[10].field[0].number=1
message_type[10].field[0].label=enum(1)
message_type[10].field[0].type=enum(11)
message_type[10].field[0].type_name=.pagination.PageBasedPagination
message_type[10].field[0].options.property.description=基于页码的分页方式
message_type[10].field[0].oneof_index=0
message_type[10].field[0].json_name=pageBased
message_type[10].field[1].name=offset_based
message_type[10].field[1].number=2
message_type[10].field[1].label=enum(1)
message_type[10].field[1].type=enum(11)
message_type[10].field[1].type_name=.pagination.OffsetBasedPagination
message_type[10].field[1].options.property.description=基于偏移量的分页方式
message_type[10].field[1].oneof_index=0
message_type[10].field[1].json_name=offsetBased
message_type[10].field[2].name=token_based
message_type[10].field[2].number=3
message_type[10].field[2].label=enum(1)
message_type[10].field[2].type=enum(11)
message_type[10].field[2].type_name=.pagination.TokenBasedPagination
message_type[10].field[2].options.property.description=基于令牌的分页方式
message_type[10].field[2].oneof_index=0
message_type[10].field[2].json_name=tokenBased
message_type[10].field[3].name=no_paging
message_type[10].field[3].number=4
message_type[10].field[3].label=enum(1)
message_type[10].field[3].type=enum(11)
message_type[10].field[3].type_name=.pagination.NoPaging
message_type[10].field[3].options.property.description=不分页
message_type[10].field[3].oneof_index=0
message_type[10].field[3].json_name=noPaging
message_type[10].field[4].name=query
message_type[10].field[4].number=10
message_type[10].field[4].label=enum(1)
message_type[10].field[4].type=enum(9)
message_type[10].field[4].options.property.example.yaml={"field1":"val1", "field2___icontains":"val2"}
message_type[10].field[4].options.property.description=JSON字符串过滤条件，基础语法：{"key1":"val1","key2":"val2"}，具体请参见：https://github.com/tx7do/go-crud/tree/main/pagination/filter/README.md
message_type[10].field[4].oneof_index=1
message_type[10].field[4].json_name=query
message_type[10].field[5].name=filter
message_type[10].field[5].number=11
message_type[10].field[5].label=enum(1)
message_type[10].field[5].type=enum(9)
message_type[10].field[5].options.property.description=Google AIP规范字符串过滤条件。
message_type[10].field[5].oneof_index=1
message_type[10].field[5].json_name=filter
message_type[10].field[6].name=filter_expr
message_type[10].field[6].number=12
message_type[10].field[6].label=enum(1)
message_type[10].field[6].type=enum(11)
message_type[10].field[6].type_name=.pagination.FilterExpr
message_type[10].field[6].options.property.description=复杂过滤表达式，优先于已弃用的 query/or_query。服务端应以此为准并执行严格校验与参数化。
message_type[10].field[6].oneof_index=1
message_type[10].field[6].json_name=filterExpr
message_type[10].field[7].name=order_by
message_type[10].field[7].number=20
message_type[10].field[7].label=enum(1)
message_type[10].field[7].type=enum(9)
message_type[10].field[7].options.property.example.yaml={"val1", "-val2"}
message_type[10].field[7].options.property.description=排序条件
message_type[10].field[7].oneof_index=2
message_type[10].field[7].json_name=orderBy
message_type[10].field[7].proto3_optional=true
message_type[10].field[8].name=sorting
message_type[10].field[8].number=21
message_type[10].field[8].label=enum(3)
message_type[10].field[8].type=enum(11)
message_type[10].field[8].type_name=.pagination.Sorting
message_type[10].field[8].options.property.description=排序规则
message_type[10].field[8].json_name=sorting
message_type[10].field[9].name=field_mask
message_type[10].field[9].number=30
message_type[10].field[9].label=enum(1)
message_type[10].field[9].type=enum(11)
message_type[10].field[9].type_name=.google.protobuf.FieldMask
message_type[10].field[9].options.property.example.yaml=id,realName,userName
message_type[10].field[9].options.property.description=字段掩码，其作用为SELECT中的字段，其语法为使用逗号分隔字段名，例如：id,realName,userName。如果为空则选中所有字段，即SELECT *。
message_type[10].field[9].oneof_index=3
message_type[10].field[9].json_name=fieldMask
message_type[10].field[9].proto3_optional=true
message_type[10].oneof_decl[0].name=pagination_type
message_type[10].oneof_decl[1].name=filtering_type
message_type[10].oneof_decl[2].name=_order_by
message_type[10].oneof_decl[3].name=_field_mask
message_type[11].name=PaginationResponse
message_type[11].field[0].name=meta
message_type[11].field[0].number=2
message_type[11].field[0].label=enum(1)
message_type[11].field[0].type=enum(11)
message_type[11].field[0].type_name=.pagination.PaginationResponseMeta
message_type[11].field[0].json_name=meta
message_type[11].field[1].name=data
message_type[11].field[1].number=1
message_type[11].field[1].label=enum(3)
message_type[11].field[1].type=enum(11)
message_type[11].field[1].type_name=.google.protobuf.Any
message_type[11].field[1].json_name=data
enum_type[0].name=Operator
enum_type[0].value[0].name=OPERATOR_UNSPECIFIED
enum_type[0].value[0].number=0
enum_type[0].value[1].name=EQ
enum_type[0].value[1].number=1
enum_type[0].value[2].name=NEQ
enum_type[0].value[2].number=2
enum_type[0].value[3].name=GT
enum_type[0].value[3].number=3
enum_type[0].value[4].name=GTE
enum_type[0].value[4].number=4
enum_type[0].value[5].name=LT
enum_type[0].value[5].number=5
enum_type[0].value[6].name=LTE
enum_type[0].value[6].number=6
enum_type[0].value[7].name=LIKE
enum_type[0].value[7].number=7
enum_type[0].value[8].name=ILIKE
enum_type[0].value[8].number=8
enum_type[0].value[9].name=NOT_LIKE
enum_type[0].value[9].number=9
enum_type[0].value[10].name=IN
enum_type[0].value[10].number=10
enum_type[0].value[11].name=NIN
enum_type[0].value[11].number=11
enum_type[0].value[12].name=IS_NULL
enum_type[0].value[12].number=12
enum_type[0].value[13].name=IS_NOT_NULL
enum_type[0].value[13].number=13
enum_type[0].value[14].name=BETWEEN
enum_type[0].value[14].number=14
enum_type[0].value[15].name=REGEXP
enum_type[0].value[15].number=15
enum_type[0].value[16].name=IREGEXP
enum_type[0].value[16].number=16
enum_type[0].value[17].name=CONTAINS
enum_type[0].value[17].number=17
enum_type[0].value[18].name=STARTS_WITH
enum_type[0].value[18].number=18
enum_type[0].value[19].name=ENDS_WITH
enum_type[0].value[19].number=19
enum_type[0].value[20].name=ICONTAINS
enum_type[0].value[20].number=20
enum_type[0].value[21].name=ISTARTS_WITH
enum_type[0].value[21].number=21
enum_type[0].value[22].name=IENDS_WITH
enum_type[0].value[22].number=22
enum_type[0].value[23].name=JSON_CONTAINS
enum_type[0].value[23].number=23
enum_type[0].value[24].name=ARRAY_CONTAINS
enum_type[0].value[24].number=24
enum_type[0].value[25].name=EXISTS
enum_type[0].value[25].number=25
enum_type[0].value[26].name=SEARCH
enum_type[0].value[26].number=26
enum_type[0].value[27].name=EXACT
enum_type[0].value[27].number=27
enum_type[0].value[28].name=IEXACT
enum_type[0].value[28].number=28
enum_type[1].name=DatePart
enum_type[1].value[0].name=DATE_PART_UNSPECIFIED
enum_type[1].value[0].number=0
enum_type[1].value[1].name=DATE
enum_type[1].value[1].number=1
enum_type[1].value[2].name=YEAR
enum_type[1].value[2].number=2
enum_type[1].value[3].name=ISO_YEAR
enum_type[1].value[3].number=3
enum_type[1].value[4].name=QUARTER
enum_type[1].value[4].number=4
enum_type[1].value[5].name=MONTH
enum_type[1].value[5].number=5
enum_type[1].value[6].name=WEEK
enum_type[1].value[6].number=6
enum_type[1].value[7].name=WEEK_DAY
enum_type[1].value[7].number=7
enum_type[1].value[8].name=ISO_WEEK_DAY
enum_type[1].value[8].number=8
enum_type[1].value[9].name=DAY
enum_type[1].value[9].number=9
enum_type[1].value[10].name=TIME
enum_type[1].value[10].number=10
enum_type[1].value[11].name=HOUR
enum_type[1].value[11].number=11
enum_type[1].value[12].name=MINUTE
enum_type[1].value[12].number=12
enum_type[1].value[13].name=SECOND
enum_type[1].value[13].number=13
enum_type[1].value[14].name=MICROSECOND
enum_type[1].value[14].number=14
enum_type[2].name=ExprType
enum_type[2].value[0].name=EXPR_TYPE_UNSPECIFIED
enum_type[2].value[0].number=0
enum_type[2].value[1].name=AND
enum_type[2].value[1].number=1
enum_type[2].value[2].name=OR
enum_type[2].value[2].number=2
options.java_package=com.pagination
options.java_outer_classname=PaginationProto
options.java_multiple_files=true
options.go_package=go-wind-admin/pkg/localdeps/go-crud/api/gen/go/pagination/v1
options.objc_class_prefix=PXX
options.csharp_namespace=Pagination
options.php_namespace=Pagination
options.php_metadata_namespace=Pagination\GPBMetadata
options.ruby_package=Pagination
syntax=proto3
---- runtime re-marshal: 6561 bytes sha256=b9452daf7852ccf1cec1e6ee2923fee40c8bbdde401bdb409181c77506961d7f ----
