=== RUN   TestQuotaProcessCommitRecovery
=== RUN   TestQuotaProcessCommitRecovery/occupy/before
    quota_process_pg_test.go:288: DB-03 occupy before COMMIT: OS pid=1013629 SIGKILL, response absent, durable state and two fresh-process replays verified
=== RUN   TestQuotaProcessCommitRecovery/occupy/after
    quota_process_pg_test.go:288: DB-03 occupy after COMMIT: OS pid=1013651 SIGKILL, response absent, durable state and two fresh-process replays verified
=== RUN   TestQuotaProcessCommitRecovery/cancel/before
    quota_process_pg_test.go:288: DB-03 cancel before COMMIT: OS pid=1013672 SIGKILL, response absent, durable state and two fresh-process replays verified
=== RUN   TestQuotaProcessCommitRecovery/cancel/after
    quota_process_pg_test.go:288: DB-03 cancel after COMMIT: OS pid=1013696 SIGKILL, response absent, durable state and two fresh-process replays verified
=== RUN   TestQuotaProcessCommitRecovery/delete/before
    quota_process_pg_test.go:288: DB-03 delete before COMMIT: OS pid=1013717 SIGKILL, response absent, durable state and two fresh-process replays verified
=== RUN   TestQuotaProcessCommitRecovery/delete/after
    quota_process_pg_test.go:288: DB-03 delete after COMMIT: OS pid=1013738 SIGKILL, response absent, durable state and two fresh-process replays verified
=== RUN   TestQuotaProcessCommitRecovery/release/before
    quota_process_pg_test.go:288: DB-03 release before COMMIT: OS pid=1013760 SIGKILL, response absent, durable state and two fresh-process replays verified
=== RUN   TestQuotaProcessCommitRecovery/release/after
    quota_process_pg_test.go:288: DB-03 release after COMMIT: OS pid=1013781 SIGKILL, response absent, durable state and two fresh-process replays verified
=== RUN   TestQuotaProcessCommitRecovery/sync/before
    quota_process_pg_test.go:288: DB-03 sync before COMMIT: OS pid=1013803 SIGKILL, response absent, durable state and two fresh-process replays verified
=== RUN   TestQuotaProcessCommitRecovery/sync/after
    quota_process_pg_test.go:288: DB-03 sync after COMMIT: OS pid=1013826 SIGKILL, response absent, durable state and two fresh-process replays verified
--- PASS: TestQuotaProcessCommitRecovery (1.72s)
    --- PASS: TestQuotaProcessCommitRecovery/occupy/before (0.20s)
    --- PASS: TestQuotaProcessCommitRecovery/occupy/after (0.16s)
    --- PASS: TestQuotaProcessCommitRecovery/cancel/before (0.18s)
    --- PASS: TestQuotaProcessCommitRecovery/cancel/after (0.17s)
    --- PASS: TestQuotaProcessCommitRecovery/delete/before (0.17s)
    --- PASS: TestQuotaProcessCommitRecovery/delete/after (0.17s)
    --- PASS: TestQuotaProcessCommitRecovery/release/before (0.18s)
    --- PASS: TestQuotaProcessCommitRecovery/release/after (0.17s)
    --- PASS: TestQuotaProcessCommitRecovery/sync/before (0.15s)
    --- PASS: TestQuotaProcessCommitRecovery/sync/after (0.15s)
=== RUN   TestQuotaProcessDeleteClaimRace
    quota_process_pg_test.go:350: DELETE-02 iteration=0 independent OS pids=1013848,1013849 local_canceled=true original_claims=0 attempts=0 balances consistent
    quota_process_pg_test.go:350: DELETE-02 iteration=1 independent OS pids=1013869,1013870 local_canceled=true original_claims=0 attempts=0 balances consistent
    quota_process_pg_test.go:350: DELETE-02 iteration=2 independent OS pids=1013890,1013891 local_canceled=true original_claims=0 attempts=0 balances consistent
    quota_process_pg_test.go:350: DELETE-02 iteration=3 independent OS pids=1013913,1013914 local_canceled=true original_claims=0 attempts=0 balances consistent
    quota_process_pg_test.go:350: DELETE-02 iteration=4 independent OS pids=1013934,1013935 local_canceled=true original_claims=0 attempts=0 balances consistent
    quota_process_pg_test.go:350: DELETE-02 iteration=5 independent OS pids=1013955,1013956 local_canceled=true original_claims=0 attempts=0 balances consistent
    quota_process_pg_test.go:350: DELETE-02 iteration=6 independent OS pids=1013978,1013979 local_canceled=true original_claims=0 attempts=0 balances consistent
    quota_process_pg_test.go:350: DELETE-02 iteration=7 independent OS pids=1014000,1014001 local_canceled=false original_claims=1 attempts=1 balances consistent
    quota_process_pg_test.go:350: DELETE-02 iteration=8 independent OS pids=1014021,1014022 local_canceled=true original_claims=0 attempts=0 balances consistent
    quota_process_pg_test.go:350: DELETE-02 iteration=9 independent OS pids=1014042,1014043 local_canceled=true original_claims=0 attempts=0 balances consistent
    quota_process_pg_test.go:350: DELETE-02 iteration=10 independent OS pids=1014064,1014065 local_canceled=true original_claims=0 attempts=0 balances consistent
    quota_process_pg_test.go:350: DELETE-02 iteration=11 independent OS pids=1014085,1014086 local_canceled=true original_claims=0 attempts=0 balances consistent
--- PASS: TestQuotaProcessDeleteClaimRace (1.68s)
PASS
ok  	go-wind-admin/app/admin/service/internal/data	3.425s
