=== RUN   TestQuotaProcessCommitRecovery
=== RUN   TestQuotaProcessCommitRecovery/occupy/before
    quota_process_pg_test.go:324: DB-03 occupy before COMMIT: OS pid=1028945 SIGKILL, response absent, durable state and two fresh-process replays verified
=== RUN   TestQuotaProcessCommitRecovery/occupy/after
    quota_process_pg_test.go:324: DB-03 occupy after COMMIT: OS pid=1028979 SIGKILL, response absent, durable state and two fresh-process replays verified
=== RUN   TestQuotaProcessCommitRecovery/cancel/before
    quota_process_pg_test.go:324: DB-03 cancel before COMMIT: OS pid=1029044 SIGKILL, response absent, durable state and two fresh-process replays verified
=== RUN   TestQuotaProcessCommitRecovery/cancel/after
    quota_process_pg_test.go:324: DB-03 cancel after COMMIT: OS pid=1029071 SIGKILL, response absent, durable state and two fresh-process replays verified
=== RUN   TestQuotaProcessCommitRecovery/delete/before
    quota_process_pg_test.go:324: DB-03 delete before COMMIT: OS pid=1029102 SIGKILL, response absent, durable state and two fresh-process replays verified
=== RUN   TestQuotaProcessCommitRecovery/delete/after
    quota_process_pg_test.go:324: DB-03 delete after COMMIT: OS pid=1029129 SIGKILL, response absent, durable state and two fresh-process replays verified
=== RUN   TestQuotaProcessCommitRecovery/release/before
    quota_process_pg_test.go:324: DB-03 release before COMMIT: OS pid=1029155 SIGKILL, response absent, durable state and two fresh-process replays verified
=== RUN   TestQuotaProcessCommitRecovery/release/after
    quota_process_pg_test.go:324: DB-03 release after COMMIT: OS pid=1029238 SIGKILL, response absent, durable state and two fresh-process replays verified
=== RUN   TestQuotaProcessCommitRecovery/sync/before
    quota_process_pg_test.go:324: DB-03 sync before COMMIT: OS pid=1029264 SIGKILL, response absent, durable state and two fresh-process replays verified
=== RUN   TestQuotaProcessCommitRecovery/sync/after
    quota_process_pg_test.go:324: DB-03 sync after COMMIT: OS pid=1029291 SIGKILL, response absent, durable state and two fresh-process replays verified
--- PASS: TestQuotaProcessCommitRecovery (24.04s)
    --- PASS: TestQuotaProcessCommitRecovery/occupy/before (2.46s)
    --- PASS: TestQuotaProcessCommitRecovery/occupy/after (2.43s)
    --- PASS: TestQuotaProcessCommitRecovery/cancel/before (2.39s)
    --- PASS: TestQuotaProcessCommitRecovery/cancel/after (2.43s)
    --- PASS: TestQuotaProcessCommitRecovery/delete/before (2.40s)
    --- PASS: TestQuotaProcessCommitRecovery/delete/after (2.39s)
    --- PASS: TestQuotaProcessCommitRecovery/release/before (2.40s)
    --- PASS: TestQuotaProcessCommitRecovery/release/after (2.38s)
    --- PASS: TestQuotaProcessCommitRecovery/sync/before (2.37s)
    --- PASS: TestQuotaProcessCommitRecovery/sync/after (2.37s)
=== RUN   TestQuotaProcessDeleteClaimRace
    quota_process_pg_test.go:386: DELETE-02 iteration=0 independent OS pids=1029319,1029320 local_canceled=true original_claims=0 attempts=0 balances consistent
    quota_process_pg_test.go:386: DELETE-02 iteration=1 independent OS pids=1029345,1029346 local_canceled=true original_claims=0 attempts=0 balances consistent
    quota_process_pg_test.go:386: DELETE-02 iteration=2 independent OS pids=1029371,1029372 local_canceled=true original_claims=0 attempts=0 balances consistent
    quota_process_pg_test.go:386: DELETE-02 iteration=3 independent OS pids=1029415,1029416 local_canceled=true original_claims=0 attempts=0 balances consistent
    quota_process_pg_test.go:386: DELETE-02 iteration=4 independent OS pids=1029441,1029442 local_canceled=true original_claims=0 attempts=0 balances consistent
    quota_process_pg_test.go:386: DELETE-02 iteration=5 independent OS pids=1029507,1029508 local_canceled=true original_claims=0 attempts=0 balances consistent
    quota_process_pg_test.go:386: DELETE-02 iteration=6 independent OS pids=1029564,1029565 local_canceled=false original_claims=1 attempts=1 balances consistent
    quota_process_pg_test.go:386: DELETE-02 iteration=7 independent OS pids=1029591,1029592 local_canceled=true original_claims=0 attempts=0 balances consistent
    quota_process_pg_test.go:386: DELETE-02 iteration=8 independent OS pids=1029617,1029618 local_canceled=false original_claims=1 attempts=1 balances consistent
    quota_process_pg_test.go:386: DELETE-02 iteration=9 independent OS pids=1029768,1029770 local_canceled=true original_claims=0 attempts=0 balances consistent
    quota_process_pg_test.go:386: DELETE-02 iteration=10 independent OS pids=1029828,1029829 local_canceled=true original_claims=0 attempts=0 balances consistent
    quota_process_pg_test.go:386: DELETE-02 iteration=11 independent OS pids=1029854,1029855 local_canceled=true original_claims=0 attempts=0 balances consistent
--- PASS: TestQuotaProcessDeleteClaimRace (27.83s)
PASS
ok  	go-wind-admin/app/admin/service/internal/data	52.972s
