go: downloading entgo.io/ent v0.14.6
go: downloading github.com/go-kratos/kratos/v2 v2.9.2
go: downloading github.com/go-sql-driver/mysql v1.10.1
go: downloading github.com/google/uuid v1.6.0
go: downloading github.com/jinzhu/copier v0.4.0
go: downloading github.com/lib/pq v1.12.3
go: downloading github.com/redis/go-redis/v9 v9.22.0
go: downloading github.com/tx7do/go-crud/api v0.0.7
go: downloading github.com/tx7do/go-crud/entgo v0.0.55
go: downloading github.com/tx7do/go-crud/pagination v0.0.16
go: downloading github.com/tx7do/go-crud/viewer v0.0.7
go: downloading github.com/tx7do/go-utils/captcha v0.0.4
go: downloading github.com/tx7do/go-utils v1.1.40
go: downloading github.com/tx7do/go-utils/copierutil v0.0.8
go: downloading github.com/tx7do/go-utils/crypto v0.0.2
go: downloading github.com/tx7do/go-utils/jwtutil v0.0.3
go: downloading github.com/tx7do/go-utils/mapper v0.0.3
go: downloading github.com/tx7do/go-utils/password v0.0.2
go: downloading github.com/tx7do/kratos-authn v1.1.11
go: downloading github.com/tx7do/kratos-authn/engine/jwt v1.1.11
go: downloading github.com/tx7do/kratos-bootstrap/api v0.0.45
go: downloading github.com/tx7do/kratos-bootstrap/bootstrap v0.1.17
go: downloading github.com/tx7do/kratos-bootstrap/cache/redis v0.1.2
go: downloading github.com/tx7do/kratos-bootstrap/database/ent v0.1.6
go: downloading github.com/tx7do/kratos-bootstrap/logger v0.1.3
go: downloading github.com/zhangzhe-ctrl/ani-accelerator-service v0.0.0-20260924030150-1d32dd9a9173
go: downloading github.com/zhangzhe-ctrl/ani-network-service v0.0.0-20260917165536-66f787bd3013
go: downloading google.golang.org/grpc v1.83.2
go: downloading google.golang.org/protobuf v1.36.12
go: downloading github.com/alicebob/miniredis/v2 v2.39.0
go: downloading github.com/jackc/pgx/v5 v5.11.0
go: downloading github.com/stretchr/testify v1.12.1
go: downloading golang.org/x/crypto v0.56.0
go: downloading google.golang.org/genproto v0.0.0-20260908043556-f8649ddbbfe6
go: downloading modernc.org/sqlite v1.58.0
go: downloading google.golang.org/genproto/googleapis/rpc v0.0.0-20260908043556-f8649ddbbfe6
go: downloading filippo.io/edwards25519 v1.2.0
go: downloading github.com/google/gnostic v0.7.1
go: downloading golang.org/x/sys v0.47.0
go: downloading github.com/XSAM/otelsql v0.44.0
go: downloading github.com/tx7do/go-crud/cache v0.0.2
go: downloading github.com/tx7do/go-wind v0.0.2
go: downloading go.opentelemetry.io/otel v1.46.0
go: downloading go.einride.tech/aip v0.86.3
go: downloading github.com/tx7do/go-wind-plugins/encoding v0.0.1
go: downloading github.com/tx7do/go-wind-plugins/encoding/json v0.0.1
go: downloading google.golang.org/genproto/googleapis/api v0.0.0-20260908043556-f8649ddbbfe6
go: downloading github.com/mojocn/base64Captcha v1.3.8
go: downloading github.com/wenlng/go-captcha/v2 v2.0.5
go: downloading github.com/tjfoc/gmsm v1.4.1
go: downloading github.com/golang-jwt/jwt/v5 v5.3.1
go: downloading golang.org/x/exp v0.0.0-20260824195058-e88cd73687aa
go: downloading github.com/grpc-ecosystem/go-grpc-middleware v1.4.0
go: downloading github.com/google/subcommands v1.2.0
go: downloading github.com/olekukonko/tablewriter v1.1.4
go: downloading github.com/spf13/cobra v1.10.2
go: downloading github.com/tx7do/go-utils/id v0.0.6
go: downloading github.com/tx7do/kratos-bootstrap/config v0.2.3
go: downloading github.com/tx7do/kratos-bootstrap/registry v0.2.3
go: downloading github.com/tx7do/kratos-bootstrap/tracer v0.1.5
go: downloading golang.org/x/tools v0.49.0
go: downloading github.com/redis/go-redis/extra/redisotel/v9 v9.22.0
go: downloading go.opentelemetry.io/otel/trace v1.46.0
go: downloading github.com/tx7do/go-wind-toolkit/protoc-gen-go-redact v0.0.0-20260831125122-5bb4931991b2
go: downloading github.com/envoyproxy/protoc-gen-validate v1.3.3
go: downloading github.com/tx7do/kratos-authz v1.1.8
go: downloading github.com/tx7do/kratos-authz/engine/casbin v1.1.12
go: downloading github.com/tx7do/kratos-authz/middleware v1.1.13
go: downloading github.com/getkin/kin-openapi v0.149.0
go: downloading golang.org/x/net v0.58.0
go: downloading github.com/yuin/gopher-lua v1.1.2
go: downloading github.com/google/gnostic-models v0.7.1
go: downloading go.yaml.in/yaml/v3 v3.0.5
go: downloading github.com/cespare/xxhash/v2 v2.3.0
go: downloading go.uber.org/atomic v1.11.0
go: downloading go.opentelemetry.io/otel/metric v1.46.0
go: downloading golang.org/x/sync v0.22.0
go: downloading modernc.org/libc v1.75.7
go: downloading github.com/golang/freetype v0.0.0-20170609003504-e2365dfdc4a0
go: downloading golang.org/x/image v0.40.0
go: downloading github.com/mattn/go-runewidth v0.0.28
go: downloading github.com/olekukonko/errors v1.3.0
go: downloading github.com/olekukonko/ll v0.1.8
go: downloading github.com/spf13/pflag v1.0.10
go: downloading github.com/bwmarrin/snowflake v0.3.0
go: downloading github.com/lithammer/shortuuid/v4 v4.3.0
go: downloading github.com/rs/xid v1.6.0
go: downloading github.com/segmentio/ksuid v1.0.4
go: downloading github.com/sony/sonyflake v1.3.0
go: downloading go.mongodb.org/mongo-driver/v2 v2.9.0
go: downloading go.opentelemetry.io/otel/exporters/otlp/otlptrace v1.46.0
go: downloading go.opentelemetry.io/otel/exporters/otlp/otlptrace/otlptracegrpc v1.46.0
go: downloading go.opentelemetry.io/otel/exporters/otlp/otlptrace/otlptracehttp v1.46.0
go: downloading go.opentelemetry.io/otel/exporters/stdout/stdouttrace v1.46.0
go: downloading go.opentelemetry.io/otel/exporters/zipkin v1.45.0
go: downloading go.opentelemetry.io/otel/sdk v1.46.0
go: downloading github.com/redis/go-redis/extra/rediscmd/v9 v9.22.0
go: downloading github.com/go-kratos/aegis v0.2.0
go: downloading github.com/gorilla/mux v1.8.1
go: downloading github.com/casbin/casbin/v2 v2.135.0
go: downloading github.com/go-openapi/jsonpointer v1.0.0
go: downloading github.com/oasdiff/yaml v0.1.1
go: downloading github.com/santhosh-tekuri/jsonschema/v6 v6.0.3
go: downloading github.com/jackc/pgpassfile v1.0.0
go: downloading github.com/jackc/pgservicefile v0.0.0-20240606120523-5a60cdf6a761
go: downloading golang.org/x/text v0.41.0
go: downloading github.com/jackc/puddle/v2 v2.2.2
go: downloading ariga.io/atlas v1.3.0
go: downloading github.com/go-logr/logr v1.4.4
go: downloading github.com/dustin/go-humanize v1.0.1
go: downloading modernc.org/mathutil v1.7.1
go: downloading modernc.org/memory v1.12.1
go: downloading github.com/go-playground/form/v4 v4.3.1
go: downloading gopkg.in/yaml.v3 v3.0.1
go: downloading github.com/clipperhouse/uax29/v2 v2.7.0
go: downloading github.com/olekukonko/cat v0.0.0-20250911104152-50322a0618f6
go: downloading github.com/clipperhouse/displaywidth v0.11.0
go: downloading github.com/fatih/color v1.19.0
go: downloading github.com/goccy/go-json v0.10.6
go: downloading dario.cat/mergo v1.0.2
go: downloading github.com/fsnotify/fsnotify v1.10.1
go: downloading go.opentelemetry.io/proto/otlp v1.11.0
go: downloading github.com/go-logr/stdr v1.2.2
go: downloading github.com/openzipkin/zipkin-go v0.4.3
go: downloading golang.org/x/mod v0.40.0
go: downloading github.com/tx7do/go-crud/audit v0.0.3
go: downloading github.com/casbin/govaluate v1.10.0
go: downloading github.com/oasdiff/yaml3 v0.0.14
go: downloading github.com/hashicorp/hcl/v2 v2.24.0
go: downloading github.com/zclconf/go-cty v1.19.0
go: downloading go.opentelemetry.io/auto/sdk v1.2.1
go: downloading github.com/remyoudompheng/bigfft v0.0.0-20230129092748-24d4a6f8daec
go: downloading github.com/mattn/go-colorable v0.1.15
go: downloading github.com/mattn/go-isatty v0.0.24
go: downloading github.com/cenkalti/backoff/v5 v5.0.3
go: downloading github.com/grpc-ecosystem/grpc-gateway/v2 v2.30.0
go: downloading github.com/bmatcuk/doublestar/v4 v4.10.0
go: downloading github.com/bmatcuk/doublestar v1.3.4
go: downloading github.com/go-openapi/inflect v1.0.0
go: downloading github.com/zclconf/go-cty-yaml v1.2.0
go: downloading github.com/agext/levenshtein v1.2.3
go: downloading github.com/apparentlymart/go-textseg/v15 v15.0.0
go: downloading github.com/mitchellh/go-wordwrap v1.0.1
go: downloading github.com/google/go-cmp v0.7.0
=== RUN   TestPlanQuotaPostgresListCompatibility
=== RUN   TestPlanQuotaPostgresListCompatibility/empty
=== RUN   TestPlanQuotaPostgresListCompatibility/timestamp-offset
=== RUN   TestPlanQuotaPostgresListCompatibility/timestamp-bound
=== RUN   TestPlanQuotaPostgresListCompatibility/numeric-query
=== RUN   TestPlanQuotaPostgresListCompatibility/and-or
=== RUN   TestPlanQuotaPostgresListCompatibility/numeric-in
=== RUN   TestPlanQuotaPostgresListCompatibility/not-in
=== RUN   TestPlanQuotaPostgresListCompatibility/range
=== RUN   TestPlanQuotaPostgresListCompatibility/nullable-neq
=== RUN   TestPlanQuotaPostgresListCompatibility/null
=== RUN   TestPlanQuotaPostgresListCompatibility/not-null
=== RUN   TestPlanQuotaPostgresListCompatibility/contains
=== RUN   TestPlanQuotaPostgresListCompatibility/icontains
=== RUN   TestPlanQuotaPostgresListCompatibility/prefix
=== RUN   TestPlanQuotaPostgresListCompatibility/iprefix
=== RUN   TestPlanQuotaPostgresListCompatibility/suffix
=== RUN   TestPlanQuotaPostgresListCompatibility/isuffix
=== RUN   TestPlanQuotaPostgresListCompatibility/exact
=== RUN   TestPlanQuotaPostgresListCompatibility/iexact
=== RUN   TestPlanQuotaPostgresListCompatibility/regex
=== RUN   TestPlanQuotaPostgresListCompatibility/iregex
=== RUN   TestPlanQuotaPostgresListCompatibility/search
=== RUN   TestPlanQuotaPostgresListCompatibility/blank-search
=== RUN   TestPlanQuotaPostgresListCompatibility/numeric-blank-search
    plan_quota_list_pg_test.go:81: 
        	Error Trace:	/home/chabking/gov-ent-review-fix-20260924/source/app/admin/service/internal/data/plan_quota_list_pg_test.go:81
        	Error:      	Received unexpected error:
        	            	error: code = 400 reason = INVALID_QUOTA_REQUEST message = invalid numeric quota filter metadata = map[] cause = <nil>
        	Test:       	TestPlanQuotaPostgresListCompatibility/numeric-blank-search
=== RUN   TestPlanQuotaPostgresListCompatibility/numeric-search
    plan_quota_list_pg_test.go:81: 
        	Error Trace:	/home/chabking/gov-ent-review-fix-20260924/source/app/admin/service/internal/data/plan_quota_list_pg_test.go:81
        	Error:      	Received unexpected error:
        	            	ERROR: invalid input syntax for type bigint: "" (SQLSTATE 22P02)
        	Test:       	TestPlanQuotaPostgresListCompatibility/numeric-search
=== RUN   TestPlanQuotaPostgresListCompatibility/timestamp-blank-search
    plan_quota_list_pg_test.go:81: 
        	Error Trace:	/home/chabking/gov-ent-review-fix-20260924/source/app/admin/service/internal/data/plan_quota_list_pg_test.go:81
        	Error:      	Received unexpected error:
        	            	error: code = 400 reason = INVALID_QUOTA_REQUEST message = invalid timestamp quota filter metadata = map[] cause = <nil>
        	Test:       	TestPlanQuotaPostgresListCompatibility/timestamp-blank-search
=== RUN   TestPlanQuotaPostgresListCompatibility/timestamp-search
    plan_quota_list_pg_test.go:81: 
        	Error Trace:	/home/chabking/gov-ent-review-fix-20260924/source/app/admin/service/internal/data/plan_quota_list_pg_test.go:81
        	Error:      	Received unexpected error:
        	            	ERROR: invalid input syntax for type timestamp with time zone: "" (SQLSTATE 22007)
        	Test:       	TestPlanQuotaPostgresListCompatibility/timestamp-search
=== RUN   TestPlanQuotaPostgresListCompatibility/aip
=== RUN   TestPlanQuotaPostgresListCompatibility/quoted-literal
=== RUN   TestPlanQuotaPostgresListCompatibility/sorting-page-offset
=== RUN   TestPlanQuotaPostgresListCompatibility/token-mask
=== RUN   TestPlanQuotaPostgresListCompatibility/invalid-field-does-not-expand
--- FAIL: TestPlanQuotaPostgresListCompatibility (0.07s)
    --- PASS: TestPlanQuotaPostgresListCompatibility/empty (0.00s)
    --- PASS: TestPlanQuotaPostgresListCompatibility/timestamp-offset (0.00s)
    --- PASS: TestPlanQuotaPostgresListCompatibility/timestamp-bound (0.00s)
    --- PASS: TestPlanQuotaPostgresListCompatibility/numeric-query (0.00s)
    --- PASS: TestPlanQuotaPostgresListCompatibility/and-or (0.00s)
    --- PASS: TestPlanQuotaPostgresListCompatibility/numeric-in (0.00s)
    --- PASS: TestPlanQuotaPostgresListCompatibility/not-in (0.00s)
    --- PASS: TestPlanQuotaPostgresListCompatibility/range (0.00s)
    --- PASS: TestPlanQuotaPostgresListCompatibility/nullable-neq (0.00s)
    --- PASS: TestPlanQuotaPostgresListCompatibility/null (0.00s)
    --- PASS: TestPlanQuotaPostgresListCompatibility/not-null (0.00s)
    --- PASS: TestPlanQuotaPostgresListCompatibility/contains (0.00s)
    --- PASS: TestPlanQuotaPostgresListCompatibility/icontains (0.00s)
    --- PASS: TestPlanQuotaPostgresListCompatibility/prefix (0.00s)
    --- PASS: TestPlanQuotaPostgresListCompatibility/iprefix (0.00s)
    --- PASS: TestPlanQuotaPostgresListCompatibility/suffix (0.00s)
    --- PASS: TestPlanQuotaPostgresListCompatibility/isuffix (0.00s)
    --- PASS: TestPlanQuotaPostgresListCompatibility/exact (0.00s)
    --- PASS: TestPlanQuotaPostgresListCompatibility/iexact (0.00s)
    --- PASS: TestPlanQuotaPostgresListCompatibility/regex (0.00s)
    --- PASS: TestPlanQuotaPostgresListCompatibility/iregex (0.00s)
    --- PASS: TestPlanQuotaPostgresListCompatibility/search (0.00s)
    --- PASS: TestPlanQuotaPostgresListCompatibility/blank-search (0.00s)
    --- FAIL: TestPlanQuotaPostgresListCompatibility/numeric-blank-search (0.00s)
    --- FAIL: TestPlanQuotaPostgresListCompatibility/numeric-search (0.00s)
    --- FAIL: TestPlanQuotaPostgresListCompatibility/timestamp-blank-search (0.00s)
    --- FAIL: TestPlanQuotaPostgresListCompatibility/timestamp-search (0.00s)
    --- PASS: TestPlanQuotaPostgresListCompatibility/aip (0.00s)
    --- PASS: TestPlanQuotaPostgresListCompatibility/quoted-literal (0.00s)
    --- PASS: TestPlanQuotaPostgresListCompatibility/sorting-page-offset (0.00s)
    --- PASS: TestPlanQuotaPostgresListCompatibility/token-mask (0.00s)
    --- PASS: TestPlanQuotaPostgresListCompatibility/invalid-field-does-not-expand (0.00s)
FAIL
FAIL	go-wind-admin/app/admin/service/internal/data	0.101s
FAIL
