bash scripts/verify-quota-schema.sh
go: downloading github.com/spf13/cobra v1.7.0
go: downloading golang.org/x/tools v0.30.0
go: downloading github.com/olekukonko/tablewriter v1.1.3
go: downloading ariga.io/atlas v0.36.2-0.20250730182955-2c6300d0a3e1
go: downloading github.com/go-openapi/inflect v0.19.0
go: downloading golang.org/x/sync v0.11.0
go: downloading github.com/spf13/pflag v1.0.5
go: downloading github.com/mattn/go-runewidth v0.0.19
go: downloading github.com/olekukonko/errors v1.1.0
go: downloading github.com/olekukonko/ll v0.1.4-0.20260115111900-9e59c2286df0
go: downloading github.com/zclconf/go-cty v1.14.4
go: downloading github.com/hashicorp/hcl/v2 v2.18.1
go: downloading github.com/google/uuid v1.3.0
go: downloading golang.org/x/mod v0.24.0
go: downloading github.com/clipperhouse/uax29/v2 v2.3.0
go: downloading github.com/clipperhouse/displaywidth v0.6.2
go: downloading github.com/fatih/color v1.18.0
go: downloading github.com/zclconf/go-cty-yaml v1.1.0
go: downloading github.com/clipperhouse/stringish v0.1.1
go: downloading github.com/mattn/go-colorable v0.1.14
go: downloading github.com/mattn/go-isatty v0.0.20
go: downloading github.com/google/go-cmp v0.6.0
go: downloading golang.org/x/text v0.21.0
go: downloading golang.org/x/sys v0.30.0
python3 scripts/check-quota-ent.py
quota Ent boundary: pass
go version
go version go1.26.7-X:nodwarf5 linux/amd64
go list -m github.com/zhangzhe-ctrl/ani-accelerator-service
github.com/zhangzhe-ctrl/ani-accelerator-service v0.0.0-20260924030150-1d32dd9a9173
bash scripts/verify-gpu-format.sh
go build -o /dev/null ./app/admin/service/cmd/server
go: downloading github.com/tx7do/kratos-transport/transport/asynq v1.3.14
go: downloading github.com/tx7do/kratos-transport/transport/sse v1.3.8
go: downloading github.com/tx7do/kratos-transport/transport v1.3.4
go: downloading github.com/hibiken/asynq v0.26.0
go: downloading github.com/tx7do/kratos-transport/broker v1.3.3
go: downloading github.com/tx7do/kratos-transport/transport/keepalive v1.3.5
go: downloading github.com/tx7do/kratos-bootstrap/rpc v0.1.3
go: downloading github.com/tx7do/kratos-bootstrap/transport/asynq v0.0.7
go: downloading github.com/tx7do/kratos-bootstrap/transport/sse v0.0.5
go: downloading github.com/tx7do/kratos-swagger-ui v0.0.1
go: downloading gopkg.in/cenkalti/backoff.v1 v1.1.0
go: downloading github.com/pquerna/otp v1.5.0
go: downloading github.com/tx7do/go-utils/aggregator v0.0.5
go: downloading github.com/tx7do/kratos-transport/tracing v1.1.2
go: downloading github.com/robfig/cron/v3 v3.0.1
go: downloading golang.org/x/time v0.15.0
go: downloading github.com/gorilla/handlers v1.5.2
go: downloading github.com/mileusna/useragent v1.3.5
go: downloading github.com/swaggest/swgui v1.8.5
go: downloading github.com/vearutop/statigz v1.5.0
go: downloading github.com/boombuler/barcode v1.0.1-0.20190219062509-6c824513bacc
go: downloading github.com/jinzhu/inflection v1.0.0
go: downloading github.com/graph-gophers/dataloader/v7 v7.1.3
go: downloading github.com/spf13/cast v1.10.0
go: downloading buf.build/go/protovalidate v1.4.0
go: downloading github.com/felixge/httpsnoop v1.1.0
go: downloading github.com/shirou/gopsutil/v3 v3.24.5
go: downloading buf.build/gen/go/bufbuild/protovalidate/protocolbuffers/go v1.36.12-20260825204119-511051f7f437.2
go: downloading cel.dev/cel-go v0.32.0
go: downloading github.com/tklauser/go-sysconf v0.4.0
go: downloading cel.dev/expr v0.25.3
go: downloading github.com/antlr4-go/antlr/v4 v4.13.1
go: downloading github.com/tklauser/numcpus v0.12.0
go build -tags quota_lab -o /dev/null ./app/admin/service/cmd/server
go build -o /dev/null ./app/admin/service/cmd/admin
go test ./app/admin/service/internal/data ./app/admin/service/internal/service ./app/admin/service/internal/server ./pkg/...
ok  	go-wind-admin/app/admin/service/internal/data	9.351s
ok  	go-wind-admin/app/admin/service/internal/service	14.279s
ok  	go-wind-admin/app/admin/service/internal/server	0.547s
ok  	go-wind-admin/pkg/audit	0.005s
ok  	go-wind-admin/pkg/authorizer	0.010s
ok  	go-wind-admin/pkg/constants	0.011s
ok  	go-wind-admin/pkg/crypto	0.008s
ok  	go-wind-admin/pkg/entgo/viewer	0.007s
ok  	go-wind-admin/pkg/fieldperm	0.008s
ok  	go-wind-admin/pkg/jwt	0.009s
ok  	go-wind-admin/pkg/mailer	0.111s
ok  	go-wind-admin/pkg/metadata	0.007s
ok  	go-wind-admin/pkg/middleware/auth	0.011s
ok  	go-wind-admin/pkg/middleware/ent	0.007s
ok  	go-wind-admin/pkg/middleware/logging	0.050s
ok  	go-wind-admin/pkg/middleware/requestid	0.006s
ok  	go-wind-admin/pkg/netutil	0.010s
ok  	go-wind-admin/pkg/password	0.002s
ok  	go-wind-admin/pkg/serviceid	0.004s
?   	go-wind-admin/pkg/task	[no test files]
ok  	go-wind-admin/pkg/utils	0.004s
ok  	go-wind-admin/pkg/utils/converter	0.012s
go test -tags quota_pg ./app/admin/service/internal/data -run 'TestQuota|TestPlanQuota' -count=1 -timeout=15m
ok  	go-wind-admin/app/admin/service/internal/data	6.924s
go test -tags quota_pg ./app/admin/service/internal/service -run 'TestPlanQuota' -count=1 -timeout=10m
ok  	go-wind-admin/app/admin/service/internal/service	0.124s
go test -race -tags quota_pg ./app/admin/service/internal/data -run 'TestQuotaEnt|TestQuotaPostgresConcurrentLimit|TestQuotaPostgresCancelClaimRace|TestQuotaPostgresLeaseGenerationGuard|TestQuotaPostgresPolicyChanges|TestQuotaGpu|TestQuotaProcess' -count=1 -timeout=20m
ok  	go-wind-admin/app/admin/service/internal/data	55.752s
go test -race ./app/admin/service/internal/service -run 'TestGpu|TestQuotaDurable|TestAccelerator' -count=1 -timeout=10m
ok  	go-wind-admin/app/admin/service/internal/service	1.160s
QUOTA_LAB_PG_DSN="${QUOTA_LAB_REGRESSION_DSN:-$QUOTA_LAB_PG_DSN}" bash scripts/accelerator-acceptance/lab-regression.sh
=== RUN   TestSimPG_AUTH05_CertNegatives
--- PASS: TestSimPG_AUTH05_CertNegatives (1.96s)
=== RUN   TestSimPG_FAIL03_AckLostRetryNoDuplication
--- PASS: TestSimPG_FAIL03_AckLostRetryNoDuplication (0.88s)
=== RUN   TestSimPG_FAIL04_RecoverAfterProviderCommit
--- PASS: TestSimPG_FAIL04_RecoverAfterProviderCommit (0.66s)
=== RUN   TestSimPG_FAIL05_06_PartialCleanupThenRecover
--- PASS: TestSimPG_FAIL05_06_PartialCleanupThenRecover (0.68s)
=== RUN   TestSimPG_FAIL08_09_16_PartialReleaseNotifyRetry
--- PASS: TestSimPG_FAIL08_09_16_PartialReleaseNotifyRetry (0.78s)
=== RUN   TestSimPG_FAIL14_ReplayCreateAfterFullRelease
--- PASS: TestSimPG_FAIL14_ReplayCreateAfterFullRelease (0.69s)
=== RUN   TestSimPG_FAIL17_ContractErrorThenResume
--- PASS: TestSimPG_FAIL17_ContractErrorThenResume (0.69s)
=== RUN   TestSimPG_CON06_ConcurrentDeleteAndAbort
--- PASS: TestSimPG_CON06_ConcurrentDeleteAndAbort (0.74s)
PASS
ok  	go-wind-admin/app/admin/service/internal/quotalab/simulator	7.607s
bash scripts/verify-gpu-audit.sh
Scanner: govulncheck@v1.7.0
	mod	github.com/zricethezav/gitleaks/v8	v8.30.1	h1:PmEvCfVI7ti9dV3s5aMZUY7sS2GxRvG3yzih7E+cS3w=
db273bbd80764c12e4f48961f766be3ccec2acb31f70cbd479eac41094b455ab  /home/chabking/gov-acc-v12-01-20260923/acc/.tools/bin/govulncheck
e5f6e51b7d7ce5f463e62e2961ac0f867a7da2d0ca32fde896eea71c274f9f64  /home/chabking/gov-acc-v12-01-20260923/acc/.tools/bin/gitleaks
app/admin/service/configs/auth.yaml: 成功
app/admin/service/internal/data/authenticator_test.go: 成功
Go: go1.26.7-X:nodwarf5
Scanner: govulncheck@v1.7.0
DB: https://vuln.go.dev
DB updated: 2026-09-16 18:00:43 +0000 UTC

Fetching vulnerabilities from the database...

Checking the code against the vulnerabilities...

The package pattern matched the following 89 root packages:
  go-wind-admin/app/admin/service/cmd/server/assets
  go-wind-admin/pkg/password
  go-wind-admin/pkg/constants
  go-wind-admin/app/admin/service/cmd/admin
  go-wind-admin/app/admin/service/internal/data/ent/migrate
  go-wind-admin/app/admin/service/cmd/schema
  go-wind-admin/app/admin/service/internal/data/ent/predicate
  go-wind-admin/app/admin/service/internal/data/ent/accesskey
  go-wind-admin/app/admin/service/internal/data/ent/api
  go-wind-admin/app/admin/service/internal/data/ent/apiauditlog
  go-wind-admin/app/admin/service/internal/data/ent/dataaccessauditlog
  go-wind-admin/app/admin/service/internal/data/ent/dictentry
  go-wind-admin/app/admin/service/internal/data/ent/dictentryi18n
  go-wind-admin/app/admin/service/internal/data/ent/dicttype
  go-wind-admin/app/admin/service/internal/data/ent/gpudeleteacceptance
  go-wind-admin/app/admin/service/internal/data/ent/gpuusagesync
  go-wind-admin/app/admin/service/internal/data/ent/internalmessage
  go-wind-admin/app/admin/service/internal/data/ent/internalmessagecategory
  go-wind-admin/app/admin/service/internal/data/ent/internalmessagerecipient
  go-wind-admin/app/admin/service/internal/data/ent/language
  go-wind-admin/app/admin/service/internal/data/ent/loginauditlog
  go-wind-admin/app/admin/service/internal/data/ent/loginpolicy
  go-wind-admin/app/admin/service/internal/data/ent/membership
  go-wind-admin/app/admin/service/internal/data/ent/membershiporgunit
  go-wind-admin/app/admin/service/internal/data/ent/membershipposition
  go-wind-admin/app/admin/service/internal/data/ent/membershiprole
  go-wind-admin/app/admin/service/internal/data/ent/menu
  go-wind-admin/app/admin/service/internal/data/ent/notificationchannel
  go-wind-admin/app/admin/service/internal/data/ent/operationauditlog
  go-wind-admin/app/admin/service/internal/data/ent/orgunit
  go-wind-admin/app/admin/service/internal/data/ent/permission
  go-wind-admin/app/admin/service/internal/data/ent/permissionapi
  go-wind-admin/app/admin/service/internal/data/ent/permissionauditlog
  go-wind-admin/app/admin/service/internal/data/ent/permissiongroup
  go-wind-admin/app/admin/service/internal/data/ent/permissionmenu
  go-wind-admin/app/admin/service/internal/data/ent/permissionpolicy
  go-wind-admin/app/admin/service/internal/data/ent/plan
  go-wind-admin/app/admin/service/internal/data/ent/planmodule
  go-wind-admin/app/admin/service/internal/data/ent/planquota
  go-wind-admin/app/admin/service/internal/data/ent/policyevaluationlog
  go-wind-admin/app/admin/service/internal/data/ent/position
  go-wind-admin/app/admin/service/internal/data/ent/quotaaccount
  go-wind-admin/app/admin/service/internal/data/ent/quotacharge
  go-wind-admin/app/admin/service/internal/data/ent/quotadefinition
  go-wind-admin/app/admin/service/internal/data/ent/quotaoperation
  go-wind-admin/app/admin/service/internal/data/ent/quotareleasereceipt
  go-wind-admin/app/admin/service/internal/data/ent/role
  go-wind-admin/app/admin/service/internal/data/ent/rolefieldpermission
  go-wind-admin/app/admin/service/internal/data/ent/rolemetadata
  go-wind-admin/app/admin/service/internal/data/ent/roleorgunit
  go-wind-admin/app/admin/service/internal/data/ent/rolepermission
  go-wind-admin/app/admin/service/internal/data/ent/sysconfig
  go-wind-admin/app/admin/service/internal/data/ent/task
  go-wind-admin/app/admin/service/internal/data/ent/tenant
  go-wind-admin/app/admin/service/internal/data/ent/user
  go-wind-admin/app/admin/service/internal/data/ent/usercredential
  go-wind-admin/app/admin/service/internal/data/ent/usermfafactor
  go-wind-admin/app/admin/service/internal/data/ent/userorgunit
  go-wind-admin/app/admin/service/internal/data/ent/userposition
  go-wind-admin/app/admin/service/internal/data/ent/userrole
  go-wind-admin/app/admin/service/internal/data/ent
  go-wind-admin/app/admin/service/internal/data/ent/privacy
  go-wind-admin/app/admin/service/internal/data/ent/schema
  go-wind-admin/app/admin/service/internal/data/ent/runtime
  go-wind-admin/pkg/audit
  go-wind-admin/pkg/authorizer
  go-wind-admin/pkg/crypto
  go-wind-admin/pkg/entgo/viewer
  go-wind-admin/pkg/jwt
  go-wind-admin/pkg/metadata
  go-wind-admin/pkg/middleware/auth
  go-wind-admin/pkg/serviceid
  go-wind-admin/pkg/utils
  go-wind-admin/app/admin/service/internal/data
  go-wind-admin/pkg/fieldperm
  go-wind-admin/pkg/mailer
  go-wind-admin/pkg/netutil
  go-wind-admin/pkg/task
  go-wind-admin/pkg/utils/converter
  go-wind-admin/app/admin/service/internal/service
  go-wind-admin/pkg/middleware/logging
  go-wind-admin/pkg/middleware/requestid
  go-wind-admin/app/admin/service/internal/server
  go-wind-admin/app/admin/service/cmd/server
  go-wind-admin/app/admin/service/internal/data/ent/enttest
  go-wind-admin/app/admin/service/internal/data/ent/hook
  go-wind-admin/app/admin/service/internal/data/enttest
  go-wind-admin/app/admin/service/tests/gpucontract
  go-wind-admin/pkg/middleware/ent
Govulncheck scanned the following 175 modules and the go standard library:
  go-wind-admin
  ariga.io/atlas@v1.3.0
  buf.build/gen/go/bufbuild/protovalidate/protocolbuffers/go@v1.36.12-20260825204119-511051f7f437.2
  buf.build/go/protovalidate@v1.4.0
  cel.dev/cel-go@v0.32.0
  cel.dev/expr@v0.25.3
  dario.cat/mergo@v1.0.2
  entgo.io/ent@v0.14.6
  filippo.io/edwards25519@v1.2.0
  github.com/XSAM/otelsql@v0.44.0
  github.com/agext/levenshtein@v1.2.3
  github.com/antlr4-go/antlr/v4@v4.13.1
  github.com/apparentlymart/go-textseg/v15@v15.0.0
  github.com/bmatcuk/doublestar@v1.3.4
  github.com/bmatcuk/doublestar/v4@v4.10.0
  github.com/boombuler/barcode@v1.0.1-0.20190219062509-6c824513bacc
  github.com/bwmarrin/snowflake@v0.3.0
  github.com/casbin/casbin/v2@v2.135.0
  github.com/casbin/govaluate@v1.10.0
  github.com/cenkalti/backoff/v5@v5.0.3
  github.com/cespare/xxhash/v2@v2.3.0
  github.com/clipperhouse/displaywidth@v0.11.0
  github.com/clipperhouse/uax29/v2@v2.7.0
  github.com/dustin/go-humanize@v1.0.1
  github.com/envoyproxy/protoc-gen-validate@v1.3.3
  github.com/fatih/color@v1.19.0
  github.com/felixge/httpsnoop@v1.1.0
  github.com/fsnotify/fsnotify@v1.10.1
  github.com/getkin/kin-openapi@v0.149.0
  github.com/go-kratos/aegis@v0.2.0
  github.com/go-kratos/kratos/v2@v2.9.2
  github.com/go-logr/logr@v1.4.4
  github.com/go-logr/stdr@v1.2.2
  github.com/go-openapi/inflect@v1.0.0
  github.com/go-openapi/jsonpointer@v1.0.0
  github.com/go-playground/form/v4@v4.3.1
  github.com/go-sql-driver/mysql@v1.10.1
  github.com/goccy/go-json@v0.10.6
  github.com/golang-jwt/jwt/v5@v5.3.1
  github.com/golang/freetype@v0.0.0-20170609003504-e2365dfdc4a0
  github.com/google/gnostic@v0.7.1
  github.com/google/gnostic-models@v0.7.1
  github.com/google/go-cmp@v0.7.0
  github.com/google/subcommands@v1.2.0
  github.com/google/uuid@v1.6.0
  github.com/gorilla/handlers@v1.5.2
  github.com/gorilla/mux@v1.8.1
  github.com/graph-gophers/dataloader/v7@v7.1.3
  github.com/grpc-ecosystem/go-grpc-middleware@v1.4.0
  github.com/grpc-ecosystem/grpc-gateway/v2@v2.30.0
  github.com/hashicorp/hcl/v2@v2.24.0
  github.com/hibiken/asynq@v0.26.0
  github.com/jackc/pgpassfile@v1.0.0
  github.com/jackc/pgservicefile@v0.0.0-20240606120523-5a60cdf6a761
  github.com/jackc/pgx/v5@v5.11.0
  github.com/jackc/puddle/v2@v2.2.2
  github.com/jinzhu/copier@v0.4.0
  github.com/jinzhu/inflection@v1.0.0
  github.com/lib/pq@v1.12.3
  github.com/lithammer/shortuuid/v4@v4.3.0
  github.com/mattn/go-colorable@v0.1.15
  github.com/mattn/go-isatty@v0.0.24
  github.com/mattn/go-runewidth@v0.0.28
  github.com/mileusna/useragent@v1.3.5
  github.com/mitchellh/go-wordwrap@v1.0.1
  github.com/mojocn/base64Captcha@v1.3.8
  github.com/oasdiff/yaml@v0.1.1
  github.com/oasdiff/yaml3@v0.0.14
  github.com/olekukonko/cat@v0.0.0-20250911104152-50322a0618f6
  github.com/olekukonko/errors@v1.3.0
  github.com/olekukonko/ll@v0.1.8
  github.com/olekukonko/tablewriter@v1.1.4
  github.com/openzipkin/zipkin-go@v0.4.3
  github.com/pquerna/otp@v1.5.0
  github.com/redis/go-redis/extra/rediscmd/v9@v9.22.0
  github.com/redis/go-redis/extra/redisotel/v9@v9.22.0
  github.com/redis/go-redis/v9@v9.22.0
  github.com/remyoudompheng/bigfft@v0.0.0-20230129092748-24d4a6f8daec
  github.com/robfig/cron/v3@v3.0.1
  github.com/rs/xid@v1.6.0
  github.com/santhosh-tekuri/jsonschema/v6@v6.0.3
  github.com/segmentio/ksuid@v1.0.4
  github.com/shirou/gopsutil/v3@v3.24.5
  github.com/sony/sonyflake@v1.3.0
  github.com/spf13/cast@v1.10.0
  github.com/spf13/cobra@v1.10.2
  github.com/spf13/pflag@v1.0.10
  github.com/stretchr/testify@v1.12.1
  github.com/swaggest/swgui@v1.8.5
  github.com/tjfoc/gmsm@v1.4.1
  github.com/tklauser/go-sysconf@v0.4.0
  github.com/tklauser/numcpus@v0.12.0
  github.com/tx7do/go-crud/api@v0.0.7
  github.com/tx7do/go-crud/audit@v0.0.3
  github.com/tx7do/go-crud/cache@v0.0.2
  github.com/tx7do/go-crud/entgo@v0.0.55
  github.com/tx7do/go-crud/pagination@v0.0.16
  github.com/tx7do/go-crud/viewer@v0.0.7
  github.com/tx7do/go-utils@v1.1.40
  github.com/tx7do/go-utils/aggregator@v0.0.5
  github.com/tx7do/go-utils/captcha@v0.0.4
  github.com/tx7do/go-utils/copierutil@v0.0.8
  github.com/tx7do/go-utils/crypto@v0.0.2
  github.com/tx7do/go-utils/id@v0.0.6
  github.com/tx7do/go-utils/jwtutil@v0.0.3
  github.com/tx7do/go-utils/mapper@v0.0.3
  github.com/tx7do/go-utils/password@v0.0.2
  github.com/tx7do/go-wind@v0.0.2
  github.com/tx7do/go-wind-plugins/encoding@v0.0.1
  github.com/tx7do/go-wind-plugins/encoding/json@v0.0.1
  github.com/tx7do/go-wind-toolkit/protoc-gen-go-redact@v0.0.0-20260831125122-5bb4931991b2
  github.com/tx7do/kratos-authn@v1.1.11
  github.com/tx7do/kratos-authn/engine/jwt@v1.1.11
  github.com/tx7do/kratos-authz@v1.1.8
  github.com/tx7do/kratos-authz/engine/casbin@v1.1.12
  github.com/tx7do/kratos-authz/middleware@v1.1.13
  github.com/tx7do/kratos-bootstrap/api@v0.0.45
  github.com/tx7do/kratos-bootstrap/bootstrap@v0.1.17
  github.com/tx7do/kratos-bootstrap/cache/redis@v0.1.2
  github.com/tx7do/kratos-bootstrap/config@v0.2.3
  github.com/tx7do/kratos-bootstrap/database/ent@v0.1.6
  github.com/tx7do/kratos-bootstrap/logger@v0.1.3
  github.com/tx7do/kratos-bootstrap/registry@v0.2.3
  github.com/tx7do/kratos-bootstrap/rpc@v0.1.3
  github.com/tx7do/kratos-bootstrap/tracer@v0.1.5
  github.com/tx7do/kratos-bootstrap/transport/asynq@v0.0.7
  github.com/tx7do/kratos-bootstrap/transport/sse@v0.0.5
  github.com/tx7do/kratos-swagger-ui@v0.0.1
  github.com/tx7do/kratos-transport/broker@v1.3.3
  github.com/tx7do/kratos-transport/tracing@v1.1.2
  github.com/tx7do/kratos-transport/transport@v1.3.4
  github.com/tx7do/kratos-transport/transport/asynq@v1.3.14
  github.com/tx7do/kratos-transport/transport/keepalive@v1.3.5
  github.com/tx7do/kratos-transport/transport/sse@v1.3.8
  github.com/vearutop/statigz@v1.5.0
  github.com/wenlng/go-captcha/v2@v2.0.5
  github.com/zclconf/go-cty@v1.19.0
  github.com/zclconf/go-cty-yaml@v1.2.0
  github.com/zhangzhe-ctrl/ani-accelerator-service@v0.0.0-20260924030150-1d32dd9a9173
  github.com/zhangzhe-ctrl/ani-network-service@v0.0.0-20260917165536-66f787bd3013
  go.einride.tech/aip@v0.86.3
  go.mongodb.org/mongo-driver/v2@v2.9.0
  go.opentelemetry.io/auto/sdk@v1.2.1
  go.opentelemetry.io/otel@v1.46.0
  go.opentelemetry.io/otel/exporters/otlp/otlptrace@v1.46.0
  go.opentelemetry.io/otel/exporters/otlp/otlptrace/otlptracegrpc@v1.46.0
  go.opentelemetry.io/otel/exporters/otlp/otlptrace/otlptracehttp@v1.46.0
  go.opentelemetry.io/otel/exporters/stdout/stdouttrace@v1.46.0
  go.opentelemetry.io/otel/exporters/zipkin@v1.45.0
  go.opentelemetry.io/otel/metric@v1.46.0
  go.opentelemetry.io/otel/sdk@v1.46.0
  go.opentelemetry.io/otel/trace@v1.46.0
  go.opentelemetry.io/proto/otlp@v1.11.0
  go.uber.org/atomic@v1.11.0
  go.yaml.in/yaml/v3@v3.0.5
  golang.org/x/crypto@v0.56.0
  golang.org/x/exp@v0.0.0-20260824195058-e88cd73687aa
  golang.org/x/image@v0.40.0
  golang.org/x/mod@v0.40.0
  golang.org/x/net@v0.58.0
  golang.org/x/sync@v0.22.0
  golang.org/x/sys@v0.47.0
  golang.org/x/text@v0.41.0
  golang.org/x/time@v0.15.0
  golang.org/x/tools@v0.49.0
  google.golang.org/genproto/googleapis/api@v0.0.0-20260908043556-f8649ddbbfe6
  google.golang.org/genproto/googleapis/rpc@v0.0.0-20260908043556-f8649ddbbfe6
  google.golang.org/grpc@v1.83.2
  google.golang.org/protobuf@v1.36.12
  gopkg.in/cenkalti/backoff.v1@v1.1.0
  gopkg.in/yaml.v3@v3.0.1
  modernc.org/libc@v1.75.7
  modernc.org/mathutil@v1.7.1
  modernc.org/memory@v1.12.1
  modernc.org/sqlite@v1.58.0

=== Symbol Results ===

No vulnerabilities found.

=== Package Results ===

Vulnerability #1: GO-2026-5471
    Kratos has a Confused Deputy issue in github.com/go-kratos/kratos
  More info: https://pkg.go.dev/vuln/GO-2026-5471
  Module: github.com/go-kratos/kratos/v2
    Found in: github.com/go-kratos/kratos/v2@v2.9.2
    Fixed in: N/A

=== Module Results ===

Vulnerability #1: GO-2026-6222
    Excessive memory allocation during VP8L decoding in golang.org/x/image
  More info: https://pkg.go.dev/vuln/GO-2026-6222
  Module: golang.org/x/image
    Found in: golang.org/x/image@v0.40.0
    Fixed in: golang.org/x/image@v0.45.0

Vulnerability #2: GO-2026-5932
    The golang.org/x/crypto/openpgp package is unmaintained, unsafe by design,
    and has known security issues
  More info: https://pkg.go.dev/vuln/GO-2026-5932
  Module: golang.org/x/crypto
    Found in: golang.org/x/crypto@v0.56.0
    Fixed in: N/A

Vulnerability #3: GO-2026-5066
    Panic decoding image with out-of-bounds strip offset in x/image/tiff in
    golang.org/x/image
  More info: https://pkg.go.dev/vuln/GO-2026-5066
  Module: golang.org/x/image
    Found in: golang.org/x/image@v0.40.0
    Fixed in: golang.org/x/image@v0.43.0

Vulnerability #4: GO-2026-5062
    Lack of limit on tile sizes in x/image/tiff in golang.org/x/image
  More info: https://pkg.go.dev/vuln/GO-2026-5062
  Module: golang.org/x/image
    Found in: golang.org/x/image@v0.40.0
    Fixed in: golang.org/x/image@v0.43.0

Vulnerability #5: GO-2026-5061
    Panic on VP8 alpha channel size mismatch in x/image/webp in
    golang.org/x/image
  More info: https://pkg.go.dev/vuln/GO-2026-5061
  Module: golang.org/x/image
    Found in: golang.org/x/image@v0.40.0
    Fixed in: golang.org/x/image@v0.43.0

Vulnerability #6: GO-2026-5032
    Excessive resource consumption in PackBits decompression in
    golang.org/x/image/tiff
  More info: https://pkg.go.dev/vuln/GO-2026-5032
  Module: golang.org/x/image
    Found in: golang.org/x/image@v0.40.0
    Fixed in: golang.org/x/image@v0.41.0

Vulnerability #7: GO-2026-5031
    Panic when reading out of bound palette index in golang.org/x/image/bmp
  More info: https://pkg.go.dev/vuln/GO-2026-5031
  Module: golang.org/x/image
    Found in: golang.org/x/image@v0.40.0
    Fixed in: golang.org/x/image@v0.41.0

Vulnerability #8: GO-2026-4961
    Panic when decoding large WEBP image on 32-bit platforms in
    golang.org/x/image
  More info: https://pkg.go.dev/vuln/GO-2026-4961
  Module: golang.org/x/image
    Found in: golang.org/x/image@v0.40.0
    Fixed in: golang.org/x/image@v0.42.0

Your code is affected by 0 vulnerabilities.
This scan also found 1 vulnerability in packages you import and 8
vulnerabilities in modules you require, but your code doesn't appear to call
these vulnerabilities.
4:58PM INF scanned ~25960053 bytes (25.96 MB) in 12.5s
4:58PM INF no leaks found
